dup1+1+lbpcascades/lbpcascade_frontalface.xml+1+1
dup1+1+lbpcascades/lbpcascade_frontalface.xml+1+3
dup1+1+lbpcascades/lbpcascade_frontalface.xml+1+5
dup1+1+lbpcascades/lbpcascade_frontalface.xml+1+7
dup1+1+lbpcascades/lbpcascade_frontalface.xml+1+9
dup1+1+lbpcascades/lbpcascade_frontalface.xml+3+1
dup1+1+lbpcascades/lbpcascade_frontalface.xml+3+3
dup1+1+lbpcascades/lbpcascade_frontalface.xml+3+5
dup1+1+lbpcascades/lbpcascade_frontalface.xml+3+7
dup1+1+lbpcascades/lbpcascade_frontalface.xml+3+9
dup1+1+lbpcascades/lbpcascade_frontalface.xml+5+1
dup1+1+lbpcascades/lbpcascade_frontalface.xml+5+3
dup1+1+lbpcascades/lbpcascade_frontalface.xml+5+5
dup1+1+lbpcascades/lbpcascade_frontalface.xml+5+7
dup1+1+lbpcascades/lbpcascade_frontalface.xml+5+9
dup1+1+lbpcascades/lbpcascade_frontalface.xml+7+1
dup1+1+lbpcascades/lbpcascade_frontalface.xml+7+3
dup1+1+lbpcascades/lbpcascade_frontalface.xml+7+5
dup1+1+lbpcascades/lbpcascade_frontalface.xml+7+7
dup1+1+lbpcascades/lbpcascade_frontalface.xml+7+9
dup1+1+lbpcascades/lbpcascade_frontalface.xml+8+1
dup1+1+lbpcascades/lbpcascade_frontalface.xml+8+3
dup1+1+lbpcascades/lbpcascade_frontalface.xml+8+5
dup1+1+lbpcascades/lbpcascade_frontalface.xml+8+7
dup1+1+lbpcascades/lbpcascade_frontalface.xml+8+9
dup1+1+lbpcascades/lbpcascade_frontalface.xml+10+1
dup1+1+lbpcascades/lbpcascade_frontalface.xml+10+3
dup1+1+lbpcascades/lbpcascade_frontalface.xml+10+5
dup1+1+lbpcascades/lbpcascade_frontalface.xml+10+7
dup1+1+lbpcascades/lbpcascade_frontalface.xml+10+9
dup1+1+lbpcascades/lbpcascade_frontalface.xml+20+1
dup1+1+lbpcascades/lbpcascade_frontalface.xml+20+3
dup1+1+lbpcascades/lbpcascade_frontalface.xml+20+5
dup1+1+lbpcascades/lbpcascade_frontalface.xml+20+7
dup1+1+lbpcascades/lbpcascade_frontalface.xml+20+9
dup1+1+lbpcascades/lbpcascade_frontalface.xml+30+1
dup1+1+lbpcascades/lbpcascade_frontalface.xml+30+3
dup1+1+lbpcascades/lbpcascade_frontalface.xml+30+5
dup1+1+lbpcascades/lbpcascade_frontalface.xml+30+7
dup1+1+lbpcascades/lbpcascade_frontalface.xml+30+9
dup1+1+lbpcascades/lbpcascade_frontalface_improved.xml+1+1
dup1+1+lbpcascades/lbpcascade_frontalface_improved.xml+1+3
dup1+1+lbpcascades/lbpcascade_frontalface_improved.xml+1+5
dup1+1+lbpcascades/lbpcascade_frontalface_improved.xml+1+7
dup1+1+lbpcascades/lbpcascade_frontalface_improved.xml+1+9
dup1+1+lbpcascades/lbpcascade_frontalface_improved.xml+3+1
dup1+1+lbpcascades/lbpcascade_frontalface_improved.xml+3+3
dup1+1+lbpcascades/lbpcascade_frontalface_improved.xml+3+5
dup1+1+lbpcascades/lbpcascade_frontalface_improved.xml+3+7
dup1+1+lbpcascades/lbpcascade_frontalface_improved.xml+3+9
dup1+1+lbpcascades/lbpcascade_frontalface_improved.xml+5+1
dup1+1+lbpcascades/lbpcascade_frontalface_improved.xml+5+3
dup1+1+lbpcascades/lbpcascade_frontalface_improved.xml+5+5
dup1+1+lbpcascades/lbpcascade_frontalface_improved.xml+5+7
dup1+1+lbpcascades/lbpcascade_frontalface_improved.xml+5+9
dup1+1+lbpcascades/lbpcascade_frontalface_improved.xml+7+1
dup1+1+lbpcascades/lbpcascade_frontalface_improved.xml+7+3
dup1+1+lbpcascades/lbpcascade_frontalface_improved.xml+7+5
dup1+1+lbpcascades/lbpcascade_frontalface_improved.xml+7+7
dup1+1+lbpcascades/lbpcascade_frontalface_improved.xml+7+9
dup1+1+lbpcascades/lbpcascade_frontalface_improved.xml+8+1
dup1+1+lbpcascades/lbpcascade_frontalface_improved.xml+8+3
dup1+1+lbpcascades/lbpcascade_frontalface_improved.xml+8+5
dup1+1+lbpcascades/lbpcascade_frontalface_improved.xml+8+7
dup1+1+lbpcascades/lbpcascade_frontalface_improved.xml+8+9
dup1+1+lbpcascades/lbpcascade_frontalface_improved.xml+10+1
dup1+1+lbpcascades/lbpcascade_frontalface_improved.xml+10+3
dup1+1+lbpcascades/lbpcascade_frontalface_improved.xml+10+5
dup1+1+lbpcascades/lbpcascade_frontalface_improved.xml+10+7
dup1+1+lbpcascades/lbpcascade_frontalface_improved.xml+10+9
dup1+1+lbpcascades/lbpcascade_frontalface_improved.xml+20+1
dup1+1+lbpcascades/lbpcascade_frontalface_improved.xml+20+3
dup1+1+lbpcascades/lbpcascade_frontalface_improved.xml+20+5
dup1+1+lbpcascades/lbpcascade_frontalface_improved.xml+20+7
dup1+1+lbpcascades/lbpcascade_frontalface_improved.xml+20+9
dup1+1+lbpcascades/lbpcascade_frontalface_improved.xml+30+1
dup1+1+lbpcascades/lbpcascade_frontalface_improved.xml+30+3
dup1+1+lbpcascades/lbpcascade_frontalface_improved.xml+30+5
dup1+1+lbpcascades/lbpcascade_frontalface_improved.xml+30+7
dup1+1+lbpcascades/lbpcascade_frontalface_improved.xml+30+9
dup1+1+haarcascades/haarcascade_frontalface_default.xml+1+1
dup1+1+haarcascades/haarcascade_frontalface_default.xml+1+3
dup1+1+haarcascades/haarcascade_frontalface_default.xml+1+5
dup1+1+haarcascades/haarcascade_frontalface_default.xml+1+7
dup1+1+haarcascades/haarcascade_frontalface_default.xml+1+9
dup1+1+haarcascades/haarcascade_frontalface_default.xml+3+1
dup1+1+haarcascades/haarcascade_frontalface_default.xml+3+3
dup1+1+haarcascades/haarcascade_frontalface_default.xml+3+5
dup1+1+haarcascades/haarcascade_frontalface_default.xml+3+7
dup1+1+haarcascades/haarcascade_frontalface_default.xml+3+9
dup1+1+haarcascades/haarcascade_frontalface_default.xml+5+1
dup1+1+haarcascades/haarcascade_frontalface_default.xml+5+3
dup1+1+haarcascades/haarcascade_frontalface_default.xml+5+5
dup1+1+haarcascades/haarcascade_frontalface_default.xml+5+7
dup1+1+haarcascades/haarcascade_frontalface_default.xml+5+9
dup1+1+haarcascades/haarcascade_frontalface_default.xml+7+1
dup1+1+haarcascades/haarcascade_frontalface_default.xml+7+3
dup1+1+haarcascades/haarcascade_frontalface_default.xml+7+5
dup1+1+haarcascades/haarcascade_frontalface_default.xml+7+7
dup1+1+haarcascades/haarcascade_frontalface_default.xml+7+9
dup1+1+haarcascades/haarcascade_frontalface_default.xml+8+1
dup1+1+haarcascades/haarcascade_frontalface_default.xml+8+3
dup1+1+haarcascades/haarcascade_frontalface_default.xml+8+5
dup1+1+haarcascades/haarcascade_frontalface_default.xml+8+7
dup1+1+haarcascades/haarcascade_frontalface_default.xml+8+9
dup1+1+haarcascades/haarcascade_frontalface_default.xml+10+1
dup1+1+haarcascades/haarcascade_frontalface_default.xml+10+3
dup1+1+haarcascades/haarcascade_frontalface_default.xml+10+5
dup1+1+haarcascades/haarcascade_frontalface_default.xml+10+7
dup1+1+haarcascades/haarcascade_frontalface_default.xml+10+9
dup1+1+haarcascades/haarcascade_frontalface_default.xml+20+1
dup1+1+haarcascades/haarcascade_frontalface_default.xml+20+3
dup1+1+haarcascades/haarcascade_frontalface_default.xml+20+5
dup1+1+haarcascades/haarcascade_frontalface_default.xml+20+7
dup1+1+haarcascades/haarcascade_frontalface_default.xml+20+9
dup1+1+haarcascades/haarcascade_frontalface_default.xml+30+1
dup1+1+haarcascades/haarcascade_frontalface_default.xml+30+3
dup1+1+haarcascades/haarcascade_frontalface_default.xml+30+5
dup1+1+haarcascades/haarcascade_frontalface_default.xml+30+7
dup1+1+haarcascades/haarcascade_frontalface_default.xml+30+9
dup1+1+haarcascades/haarcascade_frontalface_alt.xml+1+1
dup1+1+haarcascades/haarcascade_frontalface_alt.xml+1+3
dup1+1+haarcascades/haarcascade_frontalface_alt.xml+1+5
dup1+1+haarcascades/haarcascade_frontalface_alt.xml+1+7
dup1+1+haarcascades/haarcascade_frontalface_alt.xml+1+9
dup1+1+haarcascades/haarcascade_frontalface_alt.xml+3+1
dup1+1+haarcascades/haarcascade_frontalface_alt.xml+3+3
dup1+1+haarcascades/haarcascade_frontalface_alt.xml+3+5
dup1+1+haarcascades/haarcascade_frontalface_alt.xml+3+7
dup1+1+haarcascades/haarcascade_frontalface_alt.xml+3+9
dup1+1+haarcascades/haarcascade_frontalface_alt.xml+5+1
dup1+1+haarcascades/haarcascade_frontalface_alt.xml+5+3
dup1+1+haarcascades/haarcascade_frontalface_alt.xml+5+5
dup1+1+haarcascades/haarcascade_frontalface_alt.xml+5+7
dup1+1+haarcascades/haarcascade_frontalface_alt.xml+5+9
dup1+1+haarcascades/haarcascade_frontalface_alt.xml+7+1
dup1+1+haarcascades/haarcascade_frontalface_alt.xml+7+3
dup1+1+haarcascades/haarcascade_frontalface_alt.xml+7+5
dup1+1+haarcascades/haarcascade_frontalface_alt.xml+7+7
dup1+1+haarcascades/haarcascade_frontalface_alt.xml+7+9
dup1+1+haarcascades/haarcascade_frontalface_alt.xml+8+1
dup1+1+haarcascades/haarcascade_frontalface_alt.xml+8+3
dup1+1+haarcascades/haarcascade_frontalface_alt.xml+8+5
dup1+1+haarcascades/haarcascade_frontalface_alt.xml+8+7
dup1+1+haarcascades/haarcascade_frontalface_alt.xml+8+9
dup1+1+haarcascades/haarcascade_frontalface_alt.xml+10+1
dup1+1+haarcascades/haarcascade_frontalface_alt.xml+10+3
dup1+1+haarcascades/haarcascade_frontalface_alt.xml+10+5
dup1+1+haarcascades/haarcascade_frontalface_alt.xml+10+7
dup1+1+haarcascades/haarcascade_frontalface_alt.xml+10+9
dup1+1+haarcascades/haarcascade_frontalface_alt.xml+20+1
dup1+1+haarcascades/haarcascade_frontalface_alt.xml+20+3
dup1+1+haarcascades/haarcascade_frontalface_alt.xml+20+5
dup1+1+haarcascades/haarcascade_frontalface_alt.xml+20+7
dup1+1+haarcascades/haarcascade_frontalface_alt.xml+20+9
dup1+1+haarcascades/haarcascade_frontalface_alt.xml+30+1
dup1+1+haarcascades/haarcascade_frontalface_alt.xml+30+3
dup1+1+haarcascades/haarcascade_frontalface_alt.xml+30+5
dup1+1+haarcascades/haarcascade_frontalface_alt.xml+30+7
dup1+1+haarcascades/haarcascade_frontalface_alt.xml+30+9
dup1+1+haarcascades/haarcascade_frontalface_alt2.xml+1+1
dup1+1+haarcascades/haarcascade_frontalface_alt2.xml+1+3
dup1+1+haarcascades/haarcascade_frontalface_alt2.xml+1+5
dup1+1+haarcascades/haarcascade_frontalface_alt2.xml+1+7
dup1+1+haarcascades/haarcascade_frontalface_alt2.xml+1+9
dup1+1+haarcascades/haarcascade_frontalface_alt2.xml+3+1
dup1+1+haarcascades/haarcascade_frontalface_alt2.xml+3+3
dup1+1+haarcascades/haarcascade_frontalface_alt2.xml+3+5
dup1+1+haarcascades/haarcascade_frontalface_alt2.xml+3+7
dup1+1+haarcascades/haarcascade_frontalface_alt2.xml+3+9
dup1+1+haarcascades/haarcascade_frontalface_alt2.xml+5+1
dup1+1+haarcascades/haarcascade_frontalface_alt2.xml+5+3
dup1+1+haarcascades/haarcascade_frontalface_alt2.xml+5+5
dup1+1+haarcascades/haarcascade_frontalface_alt2.xml+5+7
dup1+1+haarcascades/haarcascade_frontalface_alt2.xml+5+9
dup1+1+haarcascades/haarcascade_frontalface_alt2.xml+7+1
dup1+1+haarcascades/haarcascade_frontalface_alt2.xml+7+3
dup1+1+haarcascades/haarcascade_frontalface_alt2.xml+7+5
dup1+1+haarcascades/haarcascade_frontalface_alt2.xml+7+7
dup1+1+haarcascades/haarcascade_frontalface_alt2.xml+7+9
dup1+1+haarcascades/haarcascade_frontalface_alt2.xml+8+1
dup1+1+haarcascades/haarcascade_frontalface_alt2.xml+8+3
dup1+1+haarcascades/haarcascade_frontalface_alt2.xml+8+5
dup1+1+haarcascades/haarcascade_frontalface_alt2.xml+8+7
dup1+1+haarcascades/haarcascade_frontalface_alt2.xml+8+9
dup1+1+haarcascades/haarcascade_frontalface_alt2.xml+10+1
dup1+1+haarcascades/haarcascade_frontalface_alt2.xml+10+3
dup1+1+haarcascades/haarcascade_frontalface_alt2.xml+10+5
dup1+1+haarcascades/haarcascade_frontalface_alt2.xml+10+7
dup1+1+haarcascades/haarcascade_frontalface_alt2.xml+10+9
dup1+1+haarcascades/haarcascade_frontalface_alt2.xml+20+1
dup1+1+haarcascades/haarcascade_frontalface_alt2.xml+20+3
dup1+1+haarcascades/haarcascade_frontalface_alt2.xml+20+5
dup1+1+haarcascades/haarcascade_frontalface_alt2.xml+20+7
dup1+1+haarcascades/haarcascade_frontalface_alt2.xml+20+9
dup1+1+haarcascades/haarcascade_frontalface_alt2.xml+30+1
dup1+1+haarcascades/haarcascade_frontalface_alt2.xml+30+3
dup1+1+haarcascades/haarcascade_frontalface_alt2.xml+30+5
dup1+1+haarcascades/haarcascade_frontalface_alt2.xml+30+7
dup1+1+haarcascades/haarcascade_frontalface_alt2.xml+30+9
dup1+1+haarcascades/haarcascade_frontalface_alt_tree.xml+1+1
dup1+1+haarcascades/haarcascade_frontalface_alt_tree.xml+1+3
dup1+1+haarcascades/haarcascade_frontalface_alt_tree.xml+1+5
dup1+1+haarcascades/haarcascade_frontalface_alt_tree.xml+1+7
dup1+1+haarcascades/haarcascade_frontalface_alt_tree.xml+1+9
dup1+1+haarcascades/haarcascade_frontalface_alt_tree.xml+3+1
dup1+1+haarcascades/haarcascade_frontalface_alt_tree.xml+3+3
dup1+1+haarcascades/haarcascade_frontalface_alt_tree.xml+3+5
dup1+1+haarcascades/haarcascade_frontalface_alt_tree.xml+3+7
dup1+1+haarcascades/haarcascade_frontalface_alt_tree.xml+3+9
dup1+1+haarcascades/haarcascade_frontalface_alt_tree.xml+5+1
dup1+1+haarcascades/haarcascade_frontalface_alt_tree.xml+5+3
dup1+1+haarcascades/haarcascade_frontalface_alt_tree.xml+5+5
dup1+1+haarcascades/haarcascade_frontalface_alt_tree.xml+5+7
dup1+1+haarcascades/haarcascade_frontalface_alt_tree.xml+5+9
dup1+1+haarcascades/haarcascade_frontalface_alt_tree.xml+7+1
dup1+1+haarcascades/haarcascade_frontalface_alt_tree.xml+7+3
dup1+1+haarcascades/haarcascade_frontalface_alt_tree.xml+7+5
dup1+1+haarcascades/haarcascade_frontalface_alt_tree.xml+7+7
dup1+1+haarcascades/haarcascade_frontalface_alt_tree.xml+7+9
dup1+1+haarcascades/haarcascade_frontalface_alt_tree.xml+8+1
dup1+1+haarcascades/haarcascade_frontalface_alt_tree.xml+8+3
dup1+1+haarcascades/haarcascade_frontalface_alt_tree.xml+8+5
dup1+1+haarcascades/haarcascade_frontalface_alt_tree.xml+8+7
dup1+1+haarcascades/haarcascade_frontalface_alt_tree.xml+8+9
dup1+1+haarcascades/haarcascade_frontalface_alt_tree.xml+10+1
dup1+1+haarcascades/haarcascade_frontalface_alt_tree.xml+10+3
dup1+1+haarcascades/haarcascade_frontalface_alt_tree.xml+10+5
dup1+1+haarcascades/haarcascade_frontalface_alt_tree.xml+10+7
dup1+1+haarcascades/haarcascade_frontalface_alt_tree.xml+10+9
dup1+1+haarcascades/haarcascade_frontalface_alt_tree.xml+20+1
dup1+1+haarcascades/haarcascade_frontalface_alt_tree.xml+20+3
dup1+1+haarcascades/haarcascade_frontalface_alt_tree.xml+20+5
dup1+1+haarcascades/haarcascade_frontalface_alt_tree.xml+20+7
dup1+1+haarcascades/haarcascade_frontalface_alt_tree.xml+20+9
dup1+1+haarcascades/haarcascade_frontalface_alt_tree.xml+30+1
dup1+1+haarcascades/haarcascade_frontalface_alt_tree.xml+30+3
dup1+1+haarcascades/haarcascade_frontalface_alt_tree.xml+30+5
dup1+1+haarcascades/haarcascade_frontalface_alt_tree.xml+30+7
dup1+1+haarcascades/haarcascade_frontalface_alt_tree.xml+30+9
dup1+1.25+lbpcascades/lbpcascade_frontalface.xml+1+1
dup1+1.25+lbpcascades/lbpcascade_frontalface.xml+1+3
dup1+1.25+lbpcascades/lbpcascade_frontalface.xml+1+5
dup1+1.25+lbpcascades/lbpcascade_frontalface.xml+1+7
dup1+1.25+lbpcascades/lbpcascade_frontalface.xml+1+9
dup1+1.25+lbpcascades/lbpcascade_frontalface.xml+3+1
dup1+1.25+lbpcascades/lbpcascade_frontalface.xml+3+3
dup1+1.25+lbpcascades/lbpcascade_frontalface.xml+3+5
dup1+1.25+lbpcascades/lbpcascade_frontalface.xml+3+7
dup1+1.25+lbpcascades/lbpcascade_frontalface.xml+3+9
dup1+1.25+lbpcascades/lbpcascade_frontalface.xml+5+1
dup1+1.25+lbpcascades/lbpcascade_frontalface.xml+5+3
dup1+1.25+lbpcascades/lbpcascade_frontalface.xml+5+5
dup1+1.25+lbpcascades/lbpcascade_frontalface.xml+5+7
dup1+1.25+lbpcascades/lbpcascade_frontalface.xml+5+9
dup1+1.25+lbpcascades/lbpcascade_frontalface.xml+7+1
dup1+1.25+lbpcascades/lbpcascade_frontalface.xml+7+3
dup1+1.25+lbpcascades/lbpcascade_frontalface.xml+7+5
dup1+1.25+lbpcascades/lbpcascade_frontalface.xml+7+7
dup1+1.25+lbpcascades/lbpcascade_frontalface.xml+7+9
dup1+1.25+lbpcascades/lbpcascade_frontalface.xml+8+1
dup1+1.25+lbpcascades/lbpcascade_frontalface.xml+8+3
dup1+1.25+lbpcascades/lbpcascade_frontalface.xml+8+5
dup1+1.25+lbpcascades/lbpcascade_frontalface.xml+8+7
dup1+1.25+lbpcascades/lbpcascade_frontalface.xml+8+9
dup1+1.25+lbpcascades/lbpcascade_frontalface.xml+10+1
dup1+1.25+lbpcascades/lbpcascade_frontalface.xml+10+3
dup1+1.25+lbpcascades/lbpcascade_frontalface.xml+10+5
dup1+1.25+lbpcascades/lbpcascade_frontalface.xml+10+7
dup1+1.25+lbpcascades/lbpcascade_frontalface.xml+10+9
dup1+1.25+lbpcascades/lbpcascade_frontalface.xml+20+1
dup1+1.25+lbpcascades/lbpcascade_frontalface.xml+20+3
dup1+1.25+lbpcascades/lbpcascade_frontalface.xml+20+5
dup1+1.25+lbpcascades/lbpcascade_frontalface.xml+20+7
dup1+1.25+lbpcascades/lbpcascade_frontalface.xml+20+9
dup1+1.25+lbpcascades/lbpcascade_frontalface.xml+30+1
dup1+1.25+lbpcascades/lbpcascade_frontalface.xml+30+3
dup1+1.25+lbpcascades/lbpcascade_frontalface.xml+30+5
dup1+1.25+lbpcascades/lbpcascade_frontalface.xml+30+7
dup1+1.25+lbpcascades/lbpcascade_frontalface.xml+30+9
dup1+1.25+lbpcascades/lbpcascade_frontalface_improved.xml+1+1
dup1+1.25+lbpcascades/lbpcascade_frontalface_improved.xml+1+3
dup1+1.25+lbpcascades/lbpcascade_frontalface_improved.xml+1+5
dup1+1.25+lbpcascades/lbpcascade_frontalface_improved.xml+1+7
dup1+1.25+lbpcascades/lbpcascade_frontalface_improved.xml+1+9
dup1+1.25+lbpcascades/lbpcascade_frontalface_improved.xml+3+1
dup1+1.25+lbpcascades/lbpcascade_frontalface_improved.xml+3+3
dup1+1.25+lbpcascades/lbpcascade_frontalface_improved.xml+3+5
dup1+1.25+lbpcascades/lbpcascade_frontalface_improved.xml+3+7
dup1+1.25+lbpcascades/lbpcascade_frontalface_improved.xml+3+9
dup1+1.25+lbpcascades/lbpcascade_frontalface_improved.xml+5+1
dup1+1.25+lbpcascades/lbpcascade_frontalface_improved.xml+5+3
dup1+1.25+lbpcascades/lbpcascade_frontalface_improved.xml+5+5
dup1+1.25+lbpcascades/lbpcascade_frontalface_improved.xml+5+7
dup1+1.25+lbpcascades/lbpcascade_frontalface_improved.xml+5+9
dup1+1.25+lbpcascades/lbpcascade_frontalface_improved.xml+7+1
dup1+1.25+lbpcascades/lbpcascade_frontalface_improved.xml+7+3
dup1+1.25+lbpcascades/lbpcascade_frontalface_improved.xml+7+5
dup1+1.25+lbpcascades/lbpcascade_frontalface_improved.xml+7+7
dup1+1.25+lbpcascades/lbpcascade_frontalface_improved.xml+7+9
dup1+1.25+lbpcascades/lbpcascade_frontalface_improved.xml+8+1
dup1+1.25+lbpcascades/lbpcascade_frontalface_improved.xml+8+3
dup1+1.25+lbpcascades/lbpcascade_frontalface_improved.xml+8+5
dup1+1.25+lbpcascades/lbpcascade_frontalface_improved.xml+8+7
dup1+1.25+lbpcascades/lbpcascade_frontalface_improved.xml+8+9
dup1+1.25+lbpcascades/lbpcascade_frontalface_improved.xml+10+1
dup1+1.25+lbpcascades/lbpcascade_frontalface_improved.xml+10+3
dup1+1.25+lbpcascades/lbpcascade_frontalface_improved.xml+10+5
dup1+1.25+lbpcascades/lbpcascade_frontalface_improved.xml+10+7
dup1+1.25+lbpcascades/lbpcascade_frontalface_improved.xml+10+9
dup1+1.25+lbpcascades/lbpcascade_frontalface_improved.xml+20+1
dup1+1.25+lbpcascades/lbpcascade_frontalface_improved.xml+20+3
dup1+1.25+lbpcascades/lbpcascade_frontalface_improved.xml+20+5
dup1+1.25+lbpcascades/lbpcascade_frontalface_improved.xml+20+7
dup1+1.25+lbpcascades/lbpcascade_frontalface_improved.xml+20+9
dup1+1.25+lbpcascades/lbpcascade_frontalface_improved.xml+30+1
dup1+1.25+lbpcascades/lbpcascade_frontalface_improved.xml+30+3
dup1+1.25+lbpcascades/lbpcascade_frontalface_improved.xml+30+5
dup1+1.25+lbpcascades/lbpcascade_frontalface_improved.xml+30+7
dup1+1.25+lbpcascades/lbpcascade_frontalface_improved.xml+30+9
dup1+1.25+haarcascades/haarcascade_frontalface_default.xml+1+1
dup1+1.25+haarcascades/haarcascade_frontalface_default.xml+1+3
dup1+1.25+haarcascades/haarcascade_frontalface_default.xml+1+5
dup1+1.25+haarcascades/haarcascade_frontalface_default.xml+1+7
dup1+1.25+haarcascades/haarcascade_frontalface_default.xml+1+9
dup1+1.25+haarcascades/haarcascade_frontalface_default.xml+3+1
dup1+1.25+haarcascades/haarcascade_frontalface_default.xml+3+3
dup1+1.25+haarcascades/haarcascade_frontalface_default.xml+3+5
dup1+1.25+haarcascades/haarcascade_frontalface_default.xml+3+7
dup1+1.25+haarcascades/haarcascade_frontalface_default.xml+3+9
dup1+1.25+haarcascades/haarcascade_frontalface_default.xml+5+1
dup1+1.25+haarcascades/haarcascade_frontalface_default.xml+5+3
dup1+1.25+haarcascades/haarcascade_frontalface_default.xml+5+5
dup1+1.25+haarcascades/haarcascade_frontalface_default.xml+5+7
dup1+1.25+haarcascades/haarcascade_frontalface_default.xml+5+9
dup1+1.25+haarcascades/haarcascade_frontalface_default.xml+7+1
dup1+1.25+haarcascades/haarcascade_frontalface_default.xml+7+3
dup1+1.25+haarcascades/haarcascade_frontalface_default.xml+7+5
dup1+1.25+haarcascades/haarcascade_frontalface_default.xml+7+7
dup1+1.25+haarcascades/haarcascade_frontalface_default.xml+7+9
dup1+1.25+haarcascades/haarcascade_frontalface_default.xml+8+1
dup1+1.25+haarcascades/haarcascade_frontalface_default.xml+8+3
dup1+1.25+haarcascades/haarcascade_frontalface_default.xml+8+5
dup1+1.25+haarcascades/haarcascade_frontalface_default.xml+8+7
dup1+1.25+haarcascades/haarcascade_frontalface_default.xml+8+9
dup1+1.25+haarcascades/haarcascade_frontalface_default.xml+10+1
dup1+1.25+haarcascades/haarcascade_frontalface_default.xml+10+3
dup1+1.25+haarcascades/haarcascade_frontalface_default.xml+10+5
dup1+1.25+haarcascades/haarcascade_frontalface_default.xml+10+7
dup1+1.25+haarcascades/haarcascade_frontalface_default.xml+10+9
dup1+1.25+haarcascades/haarcascade_frontalface_default.xml+20+1
dup1+1.25+haarcascades/haarcascade_frontalface_default.xml+20+3
dup1+1.25+haarcascades/haarcascade_frontalface_default.xml+20+5
dup1+1.25+haarcascades/haarcascade_frontalface_default.xml+20+7
dup1+1.25+haarcascades/haarcascade_frontalface_default.xml+20+9
dup1+1.25+haarcascades/haarcascade_frontalface_default.xml+30+1
dup1+1.25+haarcascades/haarcascade_frontalface_default.xml+30+3
dup1+1.25+haarcascades/haarcascade_frontalface_default.xml+30+5
dup1+1.25+haarcascades/haarcascade_frontalface_default.xml+30+7
dup1+1.25+haarcascades/haarcascade_frontalface_default.xml+30+9
dup1+1.25+haarcascades/haarcascade_frontalface_alt.xml+1+1
dup1+1.25+haarcascades/haarcascade_frontalface_alt.xml+1+3
dup1+1.25+haarcascades/haarcascade_frontalface_alt.xml+1+5
dup1+1.25+haarcascades/haarcascade_frontalface_alt.xml+1+7
dup1+1.25+haarcascades/haarcascade_frontalface_alt.xml+1+9
dup1+1.25+haarcascades/haarcascade_frontalface_alt.xml+3+1
dup1+1.25+haarcascades/haarcascade_frontalface_alt.xml+3+3
dup1+1.25+haarcascades/haarcascade_frontalface_alt.xml+3+5
dup1+1.25+haarcascades/haarcascade_frontalface_alt.xml+3+7
dup1+1.25+haarcascades/haarcascade_frontalface_alt.xml+3+9
dup1+1.25+haarcascades/haarcascade_frontalface_alt.xml+5+1
dup1+1.25+haarcascades/haarcascade_frontalface_alt.xml+5+3
dup1+1.25+haarcascades/haarcascade_frontalface_alt.xml+5+5
dup1+1.25+haarcascades/haarcascade_frontalface_alt.xml+5+7
dup1+1.25+haarcascades/haarcascade_frontalface_alt.xml+5+9
dup1+1.25+haarcascades/haarcascade_frontalface_alt.xml+7+1
dup1+1.25+haarcascades/haarcascade_frontalface_alt.xml+7+3
dup1+1.25+haarcascades/haarcascade_frontalface_alt.xml+7+5
dup1+1.25+haarcascades/haarcascade_frontalface_alt.xml+7+7
dup1+1.25+haarcascades/haarcascade_frontalface_alt.xml+7+9
dup1+1.25+haarcascades/haarcascade_frontalface_alt.xml+8+1
dup1+1.25+haarcascades/haarcascade_frontalface_alt.xml+8+3
dup1+1.25+haarcascades/haarcascade_frontalface_alt.xml+8+5
dup1+1.25+haarcascades/haarcascade_frontalface_alt.xml+8+7
dup1+1.25+haarcascades/haarcascade_frontalface_alt.xml+8+9
dup1+1.25+haarcascades/haarcascade_frontalface_alt.xml+10+1
dup1+1.25+haarcascades/haarcascade_frontalface_alt.xml+10+3
dup1+1.25+haarcascades/haarcascade_frontalface_alt.xml+10+5
dup1+1.25+haarcascades/haarcascade_frontalface_alt.xml+10+7
dup1+1.25+haarcascades/haarcascade_frontalface_alt.xml+10+9
dup1+1.25+haarcascades/haarcascade_frontalface_alt.xml+20+1
dup1+1.25+haarcascades/haarcascade_frontalface_alt.xml+20+3
dup1+1.25+haarcascades/haarcascade_frontalface_alt.xml+20+5
dup1+1.25+haarcascades/haarcascade_frontalface_alt.xml+20+7
dup1+1.25+haarcascades/haarcascade_frontalface_alt.xml+20+9
dup1+1.25+haarcascades/haarcascade_frontalface_alt.xml+30+1
dup1+1.25+haarcascades/haarcascade_frontalface_alt.xml+30+3
dup1+1.25+haarcascades/haarcascade_frontalface_alt.xml+30+5
dup1+1.25+haarcascades/haarcascade_frontalface_alt.xml+30+7
dup1+1.25+haarcascades/haarcascade_frontalface_alt.xml+30+9
dup1+1.25+haarcascades/haarcascade_frontalface_alt2.xml+1+1
dup1+1.25+haarcascades/haarcascade_frontalface_alt2.xml+1+3
dup1+1.25+haarcascades/haarcascade_frontalface_alt2.xml+1+5
dup1+1.25+haarcascades/haarcascade_frontalface_alt2.xml+1+7
dup1+1.25+haarcascades/haarcascade_frontalface_alt2.xml+1+9
dup1+1.25+haarcascades/haarcascade_frontalface_alt2.xml+3+1
dup1+1.25+haarcascades/haarcascade_frontalface_alt2.xml+3+3
dup1+1.25+haarcascades/haarcascade_frontalface_alt2.xml+3+5
dup1+1.25+haarcascades/haarcascade_frontalface_alt2.xml+3+7
dup1+1.25+haarcascades/haarcascade_frontalface_alt2.xml+3+9
dup1+1.25+haarcascades/haarcascade_frontalface_alt2.xml+5+1
dup1+1.25+haarcascades/haarcascade_frontalface_alt2.xml+5+3
dup1+1.25+haarcascades/haarcascade_frontalface_alt2.xml+5+5
dup1+1.25+haarcascades/haarcascade_frontalface_alt2.xml+5+7
dup1+1.25+haarcascades/haarcascade_frontalface_alt2.xml+5+9
dup1+1.25+haarcascades/haarcascade_frontalface_alt2.xml+7+1
dup1+1.25+haarcascades/haarcascade_frontalface_alt2.xml+7+3
dup1+1.25+haarcascades/haarcascade_frontalface_alt2.xml+7+5
dup1+1.25+haarcascades/haarcascade_frontalface_alt2.xml+7+7
dup1+1.25+haarcascades/haarcascade_frontalface_alt2.xml+7+9
dup1+1.25+haarcascades/haarcascade_frontalface_alt2.xml+8+1
dup1+1.25+haarcascades/haarcascade_frontalface_alt2.xml+8+3
dup1+1.25+haarcascades/haarcascade_frontalface_alt2.xml+8+5
dup1+1.25+haarcascades/haarcascade_frontalface_alt2.xml+8+7
dup1+1.25+haarcascades/haarcascade_frontalface_alt2.xml+8+9
dup1+1.25+haarcascades/haarcascade_frontalface_alt2.xml+10+1
dup1+1.25+haarcascades/haarcascade_frontalface_alt2.xml+10+3
dup1+1.25+haarcascades/haarcascade_frontalface_alt2.xml+10+5
dup1+1.25+haarcascades/haarcascade_frontalface_alt2.xml+10+7
dup1+1.25+haarcascades/haarcascade_frontalface_alt2.xml+10+9
dup1+1.25+haarcascades/haarcascade_frontalface_alt2.xml+20+1
dup1+1.25+haarcascades/haarcascade_frontalface_alt2.xml+20+3
dup1+1.25+haarcascades/haarcascade_frontalface_alt2.xml+20+5
dup1+1.25+haarcascades/haarcascade_frontalface_alt2.xml+20+7
dup1+1.25+haarcascades/haarcascade_frontalface_alt2.xml+20+9
dup1+1.25+haarcascades/haarcascade_frontalface_alt2.xml+30+1
dup1+1.25+haarcascades/haarcascade_frontalface_alt2.xml+30+3
dup1+1.25+haarcascades/haarcascade_frontalface_alt2.xml+30+5
dup1+1.25+haarcascades/haarcascade_frontalface_alt2.xml+30+7
dup1+1.25+haarcascades/haarcascade_frontalface_alt2.xml+30+9
dup1+1.25+haarcascades/haarcascade_frontalface_alt_tree.xml+1+1
dup1+1.25+haarcascades/haarcascade_frontalface_alt_tree.xml+1+3
dup1+1.25+haarcascades/haarcascade_frontalface_alt_tree.xml+1+5
dup1+1.25+haarcascades/haarcascade_frontalface_alt_tree.xml+1+7
dup1+1.25+haarcascades/haarcascade_frontalface_alt_tree.xml+1+9
dup1+1.25+haarcascades/haarcascade_frontalface_alt_tree.xml+3+1
dup1+1.25+haarcascades/haarcascade_frontalface_alt_tree.xml+3+3
dup1+1.25+haarcascades/haarcascade_frontalface_alt_tree.xml+3+5
dup1+1.25+haarcascades/haarcascade_frontalface_alt_tree.xml+3+7
dup1+1.25+haarcascades/haarcascade_frontalface_alt_tree.xml+3+9
dup1+1.25+haarcascades/haarcascade_frontalface_alt_tree.xml+5+1
dup1+1.25+haarcascades/haarcascade_frontalface_alt_tree.xml+5+3
dup1+1.25+haarcascades/haarcascade_frontalface_alt_tree.xml+5+5
dup1+1.25+haarcascades/haarcascade_frontalface_alt_tree.xml+5+7
dup1+1.25+haarcascades/haarcascade_frontalface_alt_tree.xml+5+9
dup1+1.25+haarcascades/haarcascade_frontalface_alt_tree.xml+7+1
dup1+1.25+haarcascades/haarcascade_frontalface_alt_tree.xml+7+3
dup1+1.25+haarcascades/haarcascade_frontalface_alt_tree.xml+7+5
dup1+1.25+haarcascades/haarcascade_frontalface_alt_tree.xml+7+7
dup1+1.25+haarcascades/haarcascade_frontalface_alt_tree.xml+7+9
dup1+1.25+haarcascades/haarcascade_frontalface_alt_tree.xml+8+1
dup1+1.25+haarcascades/haarcascade_frontalface_alt_tree.xml+8+3
dup1+1.25+haarcascades/haarcascade_frontalface_alt_tree.xml+8+5
dup1+1.25+haarcascades/haarcascade_frontalface_alt_tree.xml+8+7
dup1+1.25+haarcascades/haarcascade_frontalface_alt_tree.xml+8+9
dup1+1.25+haarcascades/haarcascade_frontalface_alt_tree.xml+10+1
dup1+1.25+haarcascades/haarcascade_frontalface_alt_tree.xml+10+3
dup1+1.25+haarcascades/haarcascade_frontalface_alt_tree.xml+10+5
dup1+1.25+haarcascades/haarcascade_frontalface_alt_tree.xml+10+7
dup1+1.25+haarcascades/haarcascade_frontalface_alt_tree.xml+10+9
dup1+1.25+haarcascades/haarcascade_frontalface_alt_tree.xml+20+1
dup1+1.25+haarcascades/haarcascade_frontalface_alt_tree.xml+20+3
dup1+1.25+haarcascades/haarcascade_frontalface_alt_tree.xml+20+5
dup1+1.25+haarcascades/haarcascade_frontalface_alt_tree.xml+20+7
dup1+1.25+haarcascades/haarcascade_frontalface_alt_tree.xml+20+9
dup1+1.25+haarcascades/haarcascade_frontalface_alt_tree.xml+30+1
dup1+1.25+haarcascades/haarcascade_frontalface_alt_tree.xml+30+3
dup1+1.25+haarcascades/haarcascade_frontalface_alt_tree.xml+30+5
dup1+1.25+haarcascades/haarcascade_frontalface_alt_tree.xml+30+7
dup1+1.25+haarcascades/haarcascade_frontalface_alt_tree.xml+30+9
dup1+1.5+lbpcascades/lbpcascade_frontalface.xml+1+1
dup1+1.5+lbpcascades/lbpcascade_frontalface.xml+1+3
dup1+1.5+lbpcascades/lbpcascade_frontalface.xml+1+5
dup1+1.5+lbpcascades/lbpcascade_frontalface.xml+1+7
dup1+1.5+lbpcascades/lbpcascade_frontalface.xml+1+9
dup1+1.5+lbpcascades/lbpcascade_frontalface.xml+3+1
dup1+1.5+lbpcascades/lbpcascade_frontalface.xml+3+3
dup1+1.5+lbpcascades/lbpcascade_frontalface.xml+3+5
dup1+1.5+lbpcascades/lbpcascade_frontalface.xml+3+7
dup1+1.5+lbpcascades/lbpcascade_frontalface.xml+3+9
dup1+1.5+lbpcascades/lbpcascade_frontalface.xml+5+1
dup1+1.5+lbpcascades/lbpcascade_frontalface.xml+5+3
dup1+1.5+lbpcascades/lbpcascade_frontalface.xml+5+5
dup1+1.5+lbpcascades/lbpcascade_frontalface.xml+5+7
dup1+1.5+lbpcascades/lbpcascade_frontalface.xml+5+9
dup1+1.5+lbpcascades/lbpcascade_frontalface.xml+7+1
dup1+1.5+lbpcascades/lbpcascade_frontalface.xml+7+3
dup1+1.5+lbpcascades/lbpcascade_frontalface.xml+7+5
dup1+1.5+lbpcascades/lbpcascade_frontalface.xml+7+7
dup1+1.5+lbpcascades/lbpcascade_frontalface.xml+7+9
dup1+1.5+lbpcascades/lbpcascade_frontalface.xml+8+1
dup1+1.5+lbpcascades/lbpcascade_frontalface.xml+8+3
dup1+1.5+lbpcascades/lbpcascade_frontalface.xml+8+5
dup1+1.5+lbpcascades/lbpcascade_frontalface.xml+8+7
dup1+1.5+lbpcascades/lbpcascade_frontalface.xml+8+9
dup1+1.5+lbpcascades/lbpcascade_frontalface.xml+10+1
dup1+1.5+lbpcascades/lbpcascade_frontalface.xml+10+3
dup1+1.5+lbpcascades/lbpcascade_frontalface.xml+10+5
dup1+1.5+lbpcascades/lbpcascade_frontalface.xml+10+7
dup1+1.5+lbpcascades/lbpcascade_frontalface.xml+10+9
dup1+1.5+lbpcascades/lbpcascade_frontalface.xml+20+1
dup1+1.5+lbpcascades/lbpcascade_frontalface.xml+20+3
dup1+1.5+lbpcascades/lbpcascade_frontalface.xml+20+5
dup1+1.5+lbpcascades/lbpcascade_frontalface.xml+20+7
dup1+1.5+lbpcascades/lbpcascade_frontalface.xml+20+9
dup1+1.5+lbpcascades/lbpcascade_frontalface.xml+30+1
dup1+1.5+lbpcascades/lbpcascade_frontalface.xml+30+3
dup1+1.5+lbpcascades/lbpcascade_frontalface.xml+30+5
dup1+1.5+lbpcascades/lbpcascade_frontalface.xml+30+7
dup1+1.5+lbpcascades/lbpcascade_frontalface.xml+30+9
dup1+1.5+lbpcascades/lbpcascade_frontalface_improved.xml+1+1
dup1+1.5+lbpcascades/lbpcascade_frontalface_improved.xml+1+3
dup1+1.5+lbpcascades/lbpcascade_frontalface_improved.xml+1+5
dup1+1.5+lbpcascades/lbpcascade_frontalface_improved.xml+1+7
dup1+1.5+lbpcascades/lbpcascade_frontalface_improved.xml+1+9
dup1+1.5+lbpcascades/lbpcascade_frontalface_improved.xml+3+1
dup1+1.5+lbpcascades/lbpcascade_frontalface_improved.xml+3+3
dup1+1.5+lbpcascades/lbpcascade_frontalface_improved.xml+3+5
dup1+1.5+lbpcascades/lbpcascade_frontalface_improved.xml+3+7
dup1+1.5+lbpcascades/lbpcascade_frontalface_improved.xml+3+9
dup1+1.5+lbpcascades/lbpcascade_frontalface_improved.xml+5+1
dup1+1.5+lbpcascades/lbpcascade_frontalface_improved.xml+5+3
dup1+1.5+lbpcascades/lbpcascade_frontalface_improved.xml+5+5
dup1+1.5+lbpcascades/lbpcascade_frontalface_improved.xml+5+7
dup1+1.5+lbpcascades/lbpcascade_frontalface_improved.xml+5+9
dup1+1.5+lbpcascades/lbpcascade_frontalface_improved.xml+7+1
dup1+1.5+lbpcascades/lbpcascade_frontalface_improved.xml+7+3
dup1+1.5+lbpcascades/lbpcascade_frontalface_improved.xml+7+5
dup1+1.5+lbpcascades/lbpcascade_frontalface_improved.xml+7+7
dup1+1.5+lbpcascades/lbpcascade_frontalface_improved.xml+7+9
dup1+1.5+lbpcascades/lbpcascade_frontalface_improved.xml+8+1
dup1+1.5+lbpcascades/lbpcascade_frontalface_improved.xml+8+3
dup1+1.5+lbpcascades/lbpcascade_frontalface_improved.xml+8+5
dup1+1.5+lbpcascades/lbpcascade_frontalface_improved.xml+8+7
dup1+1.5+lbpcascades/lbpcascade_frontalface_improved.xml+8+9
dup1+1.5+lbpcascades/lbpcascade_frontalface_improved.xml+10+1
dup1+1.5+lbpcascades/lbpcascade_frontalface_improved.xml+10+3
dup1+1.5+lbpcascades/lbpcascade_frontalface_improved.xml+10+5
dup1+1.5+lbpcascades/lbpcascade_frontalface_improved.xml+10+7
dup1+1.5+lbpcascades/lbpcascade_frontalface_improved.xml+10+9
dup1+1.5+lbpcascades/lbpcascade_frontalface_improved.xml+20+1
dup1+1.5+lbpcascades/lbpcascade_frontalface_improved.xml+20+3
dup1+1.5+lbpcascades/lbpcascade_frontalface_improved.xml+20+5
dup1+1.5+lbpcascades/lbpcascade_frontalface_improved.xml+20+7
dup1+1.5+lbpcascades/lbpcascade_frontalface_improved.xml+20+9
dup1+1.5+lbpcascades/lbpcascade_frontalface_improved.xml+30+1
dup1+1.5+lbpcascades/lbpcascade_frontalface_improved.xml+30+3
dup1+1.5+lbpcascades/lbpcascade_frontalface_improved.xml+30+5
dup1+1.5+lbpcascades/lbpcascade_frontalface_improved.xml+30+7
dup1+1.5+lbpcascades/lbpcascade_frontalface_improved.xml+30+9
dup1+1.5+haarcascades/haarcascade_frontalface_default.xml+1+1
dup1+1.5+haarcascades/haarcascade_frontalface_default.xml+1+3
dup1+1.5+haarcascades/haarcascade_frontalface_default.xml+1+5
dup1+1.5+haarcascades/haarcascade_frontalface_default.xml+1+7
dup1+1.5+haarcascades/haarcascade_frontalface_default.xml+1+9
dup1+1.5+haarcascades/haarcascade_frontalface_default.xml+3+1
dup1+1.5+haarcascades/haarcascade_frontalface_default.xml+3+3
dup1+1.5+haarcascades/haarcascade_frontalface_default.xml+3+5
dup1+1.5+haarcascades/haarcascade_frontalface_default.xml+3+7
dup1+1.5+haarcascades/haarcascade_frontalface_default.xml+3+9
dup1+1.5+haarcascades/haarcascade_frontalface_default.xml+5+1
dup1+1.5+haarcascades/haarcascade_frontalface_default.xml+5+3
dup1+1.5+haarcascades/haarcascade_frontalface_default.xml+5+5
dup1+1.5+haarcascades/haarcascade_frontalface_default.xml+5+7
dup1+1.5+haarcascades/haarcascade_frontalface_default.xml+5+9
dup1+1.5+haarcascades/haarcascade_frontalface_default.xml+7+1
dup1+1.5+haarcascades/haarcascade_frontalface_default.xml+7+3
dup1+1.5+haarcascades/haarcascade_frontalface_default.xml+7+5
dup1+1.5+haarcascades/haarcascade_frontalface_default.xml+7+7
dup1+1.5+haarcascades/haarcascade_frontalface_default.xml+7+9
dup1+1.5+haarcascades/haarcascade_frontalface_default.xml+8+1
dup1+1.5+haarcascades/haarcascade_frontalface_default.xml+8+3
dup1+1.5+haarcascades/haarcascade_frontalface_default.xml+8+5
dup1+1.5+haarcascades/haarcascade_frontalface_default.xml+8+7
dup1+1.5+haarcascades/haarcascade_frontalface_default.xml+8+9
dup1+1.5+haarcascades/haarcascade_frontalface_default.xml+10+1
dup1+1.5+haarcascades/haarcascade_frontalface_default.xml+10+3
dup1+1.5+haarcascades/haarcascade_frontalface_default.xml+10+5
dup1+1.5+haarcascades/haarcascade_frontalface_default.xml+10+7
dup1+1.5+haarcascades/haarcascade_frontalface_default.xml+10+9
dup1+1.5+haarcascades/haarcascade_frontalface_default.xml+20+1
dup1+1.5+haarcascades/haarcascade_frontalface_default.xml+20+3
dup1+1.5+haarcascades/haarcascade_frontalface_default.xml+20+5
dup1+1.5+haarcascades/haarcascade_frontalface_default.xml+20+7
dup1+1.5+haarcascades/haarcascade_frontalface_default.xml+20+9
dup1+1.5+haarcascades/haarcascade_frontalface_default.xml+30+1
dup1+1.5+haarcascades/haarcascade_frontalface_default.xml+30+3
dup1+1.5+haarcascades/haarcascade_frontalface_default.xml+30+5
dup1+1.5+haarcascades/haarcascade_frontalface_default.xml+30+7
dup1+1.5+haarcascades/haarcascade_frontalface_default.xml+30+9
dup1+1.5+haarcascades/haarcascade_frontalface_alt.xml+1+1
dup1+1.5+haarcascades/haarcascade_frontalface_alt.xml+1+3
dup1+1.5+haarcascades/haarcascade_frontalface_alt.xml+1+5
dup1+1.5+haarcascades/haarcascade_frontalface_alt.xml+1+7
dup1+1.5+haarcascades/haarcascade_frontalface_alt.xml+1+9
dup1+1.5+haarcascades/haarcascade_frontalface_alt.xml+3+1
dup1+1.5+haarcascades/haarcascade_frontalface_alt.xml+3+3
dup1+1.5+haarcascades/haarcascade_frontalface_alt.xml+3+5
dup1+1.5+haarcascades/haarcascade_frontalface_alt.xml+3+7
dup1+1.5+haarcascades/haarcascade_frontalface_alt.xml+3+9
dup1+1.5+haarcascades/haarcascade_frontalface_alt.xml+5+1
dup1+1.5+haarcascades/haarcascade_frontalface_alt.xml+5+3
dup1+1.5+haarcascades/haarcascade_frontalface_alt.xml+5+5
dup1+1.5+haarcascades/haarcascade_frontalface_alt.xml+5+7
dup1+1.5+haarcascades/haarcascade_frontalface_alt.xml+5+9
dup1+1.5+haarcascades/haarcascade_frontalface_alt.xml+7+1
dup1+1.5+haarcascades/haarcascade_frontalface_alt.xml+7+3
dup1+1.5+haarcascades/haarcascade_frontalface_alt.xml+7+5
dup1+1.5+haarcascades/haarcascade_frontalface_alt.xml+7+7
dup1+1.5+haarcascades/haarcascade_frontalface_alt.xml+7+9
dup1+1.5+haarcascades/haarcascade_frontalface_alt.xml+8+1
dup1+1.5+haarcascades/haarcascade_frontalface_alt.xml+8+3
dup1+1.5+haarcascades/haarcascade_frontalface_alt.xml+8+5
dup1+1.5+haarcascades/haarcascade_frontalface_alt.xml+8+7
dup1+1.5+haarcascades/haarcascade_frontalface_alt.xml+8+9
dup1+1.5+haarcascades/haarcascade_frontalface_alt.xml+10+1
dup1+1.5+haarcascades/haarcascade_frontalface_alt.xml+10+3
dup1+1.5+haarcascades/haarcascade_frontalface_alt.xml+10+5
dup1+1.5+haarcascades/haarcascade_frontalface_alt.xml+10+7
dup1+1.5+haarcascades/haarcascade_frontalface_alt.xml+10+9
dup1+1.5+haarcascades/haarcascade_frontalface_alt.xml+20+1
dup1+1.5+haarcascades/haarcascade_frontalface_alt.xml+20+3
dup1+1.5+haarcascades/haarcascade_frontalface_alt.xml+20+5
dup1+1.5+haarcascades/haarcascade_frontalface_alt.xml+20+7
dup1+1.5+haarcascades/haarcascade_frontalface_alt.xml+20+9
dup1+1.5+haarcascades/haarcascade_frontalface_alt.xml+30+1
dup1+1.5+haarcascades/haarcascade_frontalface_alt.xml+30+3
dup1+1.5+haarcascades/haarcascade_frontalface_alt.xml+30+5
dup1+1.5+haarcascades/haarcascade_frontalface_alt.xml+30+7
dup1+1.5+haarcascades/haarcascade_frontalface_alt.xml+30+9
dup1+1.5+haarcascades/haarcascade_frontalface_alt2.xml+1+1
dup1+1.5+haarcascades/haarcascade_frontalface_alt2.xml+1+3
dup1+1.5+haarcascades/haarcascade_frontalface_alt2.xml+1+5
dup1+1.5+haarcascades/haarcascade_frontalface_alt2.xml+1+7
dup1+1.5+haarcascades/haarcascade_frontalface_alt2.xml+1+9
dup1+1.5+haarcascades/haarcascade_frontalface_alt2.xml+3+1
dup1+1.5+haarcascades/haarcascade_frontalface_alt2.xml+3+3
dup1+1.5+haarcascades/haarcascade_frontalface_alt2.xml+3+5
dup1+1.5+haarcascades/haarcascade_frontalface_alt2.xml+3+7
dup1+1.5+haarcascades/haarcascade_frontalface_alt2.xml+3+9
dup1+1.5+haarcascades/haarcascade_frontalface_alt2.xml+5+1
dup1+1.5+haarcascades/haarcascade_frontalface_alt2.xml+5+3
dup1+1.5+haarcascades/haarcascade_frontalface_alt2.xml+5+5
dup1+1.5+haarcascades/haarcascade_frontalface_alt2.xml+5+7
dup1+1.5+haarcascades/haarcascade_frontalface_alt2.xml+5+9
dup1+1.5+haarcascades/haarcascade_frontalface_alt2.xml+7+1
dup1+1.5+haarcascades/haarcascade_frontalface_alt2.xml+7+3
dup1+1.5+haarcascades/haarcascade_frontalface_alt2.xml+7+5
dup1+1.5+haarcascades/haarcascade_frontalface_alt2.xml+7+7
dup1+1.5+haarcascades/haarcascade_frontalface_alt2.xml+7+9
dup1+1.5+haarcascades/haarcascade_frontalface_alt2.xml+8+1
dup1+1.5+haarcascades/haarcascade_frontalface_alt2.xml+8+3
dup1+1.5+haarcascades/haarcascade_frontalface_alt2.xml+8+5
dup1+1.5+haarcascades/haarcascade_frontalface_alt2.xml+8+7
dup1+1.5+haarcascades/haarcascade_frontalface_alt2.xml+8+9
dup1+1.5+haarcascades/haarcascade_frontalface_alt2.xml+10+1
dup1+1.5+haarcascades/haarcascade_frontalface_alt2.xml+10+3
dup1+1.5+haarcascades/haarcascade_frontalface_alt2.xml+10+5
dup1+1.5+haarcascades/haarcascade_frontalface_alt2.xml+10+7
dup1+1.5+haarcascades/haarcascade_frontalface_alt2.xml+10+9
dup1+1.5+haarcascades/haarcascade_frontalface_alt2.xml+20+1
dup1+1.5+haarcascades/haarcascade_frontalface_alt2.xml+20+3
dup1+1.5+haarcascades/haarcascade_frontalface_alt2.xml+20+5
dup1+1.5+haarcascades/haarcascade_frontalface_alt2.xml+20+7
dup1+1.5+haarcascades/haarcascade_frontalface_alt2.xml+20+9
dup1+1.5+haarcascades/haarcascade_frontalface_alt2.xml+30+1
dup1+1.5+haarcascades/haarcascade_frontalface_alt2.xml+30+3
dup1+1.5+haarcascades/haarcascade_frontalface_alt2.xml+30+5
dup1+1.5+haarcascades/haarcascade_frontalface_alt2.xml+30+7
dup1+1.5+haarcascades/haarcascade_frontalface_alt2.xml+30+9
dup1+1.5+haarcascades/haarcascade_frontalface_alt_tree.xml+1+1
dup1+1.5+haarcascades/haarcascade_frontalface_alt_tree.xml+1+3
dup1+1.5+haarcascades/haarcascade_frontalface_alt_tree.xml+1+5
dup1+1.5+haarcascades/haarcascade_frontalface_alt_tree.xml+1+7
dup1+1.5+haarcascades/haarcascade_frontalface_alt_tree.xml+1+9
dup1+1.5+haarcascades/haarcascade_frontalface_alt_tree.xml+3+1
dup1+1.5+haarcascades/haarcascade_frontalface_alt_tree.xml+3+3
dup1+1.5+haarcascades/haarcascade_frontalface_alt_tree.xml+3+5
dup1+1.5+haarcascades/haarcascade_frontalface_alt_tree.xml+3+7
dup1+1.5+haarcascades/haarcascade_frontalface_alt_tree.xml+3+9
dup1+1.5+haarcascades/haarcascade_frontalface_alt_tree.xml+5+1
dup1+1.5+haarcascades/haarcascade_frontalface_alt_tree.xml+5+3
dup1+1.5+haarcascades/haarcascade_frontalface_alt_tree.xml+5+5
dup1+1.5+haarcascades/haarcascade_frontalface_alt_tree.xml+5+7
dup1+1.5+haarcascades/haarcascade_frontalface_alt_tree.xml+5+9
dup1+1.5+haarcascades/haarcascade_frontalface_alt_tree.xml+7+1
dup1+1.5+haarcascades/haarcascade_frontalface_alt_tree.xml+7+3
dup1+1.5+haarcascades/haarcascade_frontalface_alt_tree.xml+7+5
dup1+1.5+haarcascades/haarcascade_frontalface_alt_tree.xml+7+7
dup1+1.5+haarcascades/haarcascade_frontalface_alt_tree.xml+7+9
dup1+1.5+haarcascades/haarcascade_frontalface_alt_tree.xml+8+1
dup1+1.5+haarcascades/haarcascade_frontalface_alt_tree.xml+8+3
dup1+1.5+haarcascades/haarcascade_frontalface_alt_tree.xml+8+5
dup1+1.5+haarcascades/haarcascade_frontalface_alt_tree.xml+8+7
dup1+1.5+haarcascades/haarcascade_frontalface_alt_tree.xml+8+9
dup1+1.5+haarcascades/haarcascade_frontalface_alt_tree.xml+10+1
dup1+1.5+haarcascades/haarcascade_frontalface_alt_tree.xml+10+3
dup1+1.5+haarcascades/haarcascade_frontalface_alt_tree.xml+10+5
dup1+1.5+haarcascades/haarcascade_frontalface_alt_tree.xml+10+7
dup1+1.5+haarcascades/haarcascade_frontalface_alt_tree.xml+10+9
dup1+1.5+haarcascades/haarcascade_frontalface_alt_tree.xml+20+1
dup1+1.5+haarcascades/haarcascade_frontalface_alt_tree.xml+20+3
dup1+1.5+haarcascades/haarcascade_frontalface_alt_tree.xml+20+5
dup1+1.5+haarcascades/haarcascade_frontalface_alt_tree.xml+20+7
dup1+1.5+haarcascades/haarcascade_frontalface_alt_tree.xml+20+9
dup1+1.5+haarcascades/haarcascade_frontalface_alt_tree.xml+30+1
dup1+1.5+haarcascades/haarcascade_frontalface_alt_tree.xml+30+3
dup1+1.5+haarcascades/haarcascade_frontalface_alt_tree.xml+30+5
dup1+1.5+haarcascades/haarcascade_frontalface_alt_tree.xml+30+7
dup1+1.5+haarcascades/haarcascade_frontalface_alt_tree.xml+30+9
dup1+2+lbpcascades/lbpcascade_frontalface.xml+1+1
dup1+2+lbpcascades/lbpcascade_frontalface.xml+1+3
dup1+2+lbpcascades/lbpcascade_frontalface.xml+1+5
dup1+2+lbpcascades/lbpcascade_frontalface.xml+1+7
dup1+2+lbpcascades/lbpcascade_frontalface.xml+1+9
dup1+2+lbpcascades/lbpcascade_frontalface.xml+3+1
dup1+2+lbpcascades/lbpcascade_frontalface.xml+3+3
dup1+2+lbpcascades/lbpcascade_frontalface.xml+3+5
dup1+2+lbpcascades/lbpcascade_frontalface.xml+3+7
dup1+2+lbpcascades/lbpcascade_frontalface.xml+3+9
dup1+2+lbpcascades/lbpcascade_frontalface.xml+5+1
dup1+2+lbpcascades/lbpcascade_frontalface.xml+5+3
dup1+2+lbpcascades/lbpcascade_frontalface.xml+5+5
dup1+2+lbpcascades/lbpcascade_frontalface.xml+5+7
dup1+2+lbpcascades/lbpcascade_frontalface.xml+5+9
dup1+2+lbpcascades/lbpcascade_frontalface.xml+7+1
dup1+2+lbpcascades/lbpcascade_frontalface.xml+7+3
dup1+2+lbpcascades/lbpcascade_frontalface.xml+7+5
dup1+2+lbpcascades/lbpcascade_frontalface.xml+7+7
dup1+2+lbpcascades/lbpcascade_frontalface.xml+7+9
dup1+2+lbpcascades/lbpcascade_frontalface.xml+8+1
dup1+2+lbpcascades/lbpcascade_frontalface.xml+8+3
dup1+2+lbpcascades/lbpcascade_frontalface.xml+8+5
dup1+2+lbpcascades/lbpcascade_frontalface.xml+8+7
dup1+2+lbpcascades/lbpcascade_frontalface.xml+8+9
dup1+2+lbpcascades/lbpcascade_frontalface.xml+10+1
dup1+2+lbpcascades/lbpcascade_frontalface.xml+10+3
dup1+2+lbpcascades/lbpcascade_frontalface.xml+10+5
dup1+2+lbpcascades/lbpcascade_frontalface.xml+10+7
dup1+2+lbpcascades/lbpcascade_frontalface.xml+10+9
dup1+2+lbpcascades/lbpcascade_frontalface.xml+20+1
dup1+2+lbpcascades/lbpcascade_frontalface.xml+20+3
dup1+2+lbpcascades/lbpcascade_frontalface.xml+20+5
dup1+2+lbpcascades/lbpcascade_frontalface.xml+20+7
dup1+2+lbpcascades/lbpcascade_frontalface.xml+20+9
dup1+2+lbpcascades/lbpcascade_frontalface.xml+30+1
dup1+2+lbpcascades/lbpcascade_frontalface.xml+30+3
dup1+2+lbpcascades/lbpcascade_frontalface.xml+30+5
dup1+2+lbpcascades/lbpcascade_frontalface.xml+30+7
dup1+2+lbpcascades/lbpcascade_frontalface.xml+30+9
dup1+2+lbpcascades/lbpcascade_frontalface_improved.xml+1+1
dup1+2+lbpcascades/lbpcascade_frontalface_improved.xml+1+3
dup1+2+lbpcascades/lbpcascade_frontalface_improved.xml+1+5
dup1+2+lbpcascades/lbpcascade_frontalface_improved.xml+1+7
dup1+2+lbpcascades/lbpcascade_frontalface_improved.xml+1+9
dup1+2+lbpcascades/lbpcascade_frontalface_improved.xml+3+1
dup1+2+lbpcascades/lbpcascade_frontalface_improved.xml+3+3
dup1+2+lbpcascades/lbpcascade_frontalface_improved.xml+3+5
dup1+2+lbpcascades/lbpcascade_frontalface_improved.xml+3+7
dup1+2+lbpcascades/lbpcascade_frontalface_improved.xml+3+9
dup1+2+lbpcascades/lbpcascade_frontalface_improved.xml+5+1
dup1+2+lbpcascades/lbpcascade_frontalface_improved.xml+5+3
dup1+2+lbpcascades/lbpcascade_frontalface_improved.xml+5+5
dup1+2+lbpcascades/lbpcascade_frontalface_improved.xml+5+7
dup1+2+lbpcascades/lbpcascade_frontalface_improved.xml+5+9
dup1+2+lbpcascades/lbpcascade_frontalface_improved.xml+7+1
dup1+2+lbpcascades/lbpcascade_frontalface_improved.xml+7+3
dup1+2+lbpcascades/lbpcascade_frontalface_improved.xml+7+5
dup1+2+lbpcascades/lbpcascade_frontalface_improved.xml+7+7
dup1+2+lbpcascades/lbpcascade_frontalface_improved.xml+7+9
dup1+2+lbpcascades/lbpcascade_frontalface_improved.xml+8+1
dup1+2+lbpcascades/lbpcascade_frontalface_improved.xml+8+3
dup1+2+lbpcascades/lbpcascade_frontalface_improved.xml+8+5
dup1+2+lbpcascades/lbpcascade_frontalface_improved.xml+8+7
dup1+2+lbpcascades/lbpcascade_frontalface_improved.xml+8+9
dup1+2+lbpcascades/lbpcascade_frontalface_improved.xml+10+1
dup1+2+lbpcascades/lbpcascade_frontalface_improved.xml+10+3
dup1+2+lbpcascades/lbpcascade_frontalface_improved.xml+10+5
dup1+2+lbpcascades/lbpcascade_frontalface_improved.xml+10+7
dup1+2+lbpcascades/lbpcascade_frontalface_improved.xml+10+9
dup1+2+lbpcascades/lbpcascade_frontalface_improved.xml+20+1
dup1+2+lbpcascades/lbpcascade_frontalface_improved.xml+20+3
dup1+2+lbpcascades/lbpcascade_frontalface_improved.xml+20+5
dup1+2+lbpcascades/lbpcascade_frontalface_improved.xml+20+7
dup1+2+lbpcascades/lbpcascade_frontalface_improved.xml+20+9
dup1+2+lbpcascades/lbpcascade_frontalface_improved.xml+30+1
dup1+2+lbpcascades/lbpcascade_frontalface_improved.xml+30+3
dup1+2+lbpcascades/lbpcascade_frontalface_improved.xml+30+5
dup1+2+lbpcascades/lbpcascade_frontalface_improved.xml+30+7
dup1+2+lbpcascades/lbpcascade_frontalface_improved.xml+30+9
dup1+2+haarcascades/haarcascade_frontalface_default.xml+1+1
dup1+2+haarcascades/haarcascade_frontalface_default.xml+1+3
dup1+2+haarcascades/haarcascade_frontalface_default.xml+1+5
dup1+2+haarcascades/haarcascade_frontalface_default.xml+1+7
dup1+2+haarcascades/haarcascade_frontalface_default.xml+1+9
dup1+2+haarcascades/haarcascade_frontalface_default.xml+3+1
dup1+2+haarcascades/haarcascade_frontalface_default.xml+3+3
dup1+2+haarcascades/haarcascade_frontalface_default.xml+3+5
dup1+2+haarcascades/haarcascade_frontalface_default.xml+3+7
dup1+2+haarcascades/haarcascade_frontalface_default.xml+3+9
dup1+2+haarcascades/haarcascade_frontalface_default.xml+5+1
dup1+2+haarcascades/haarcascade_frontalface_default.xml+5+3
dup1+2+haarcascades/haarcascade_frontalface_default.xml+5+5
dup1+2+haarcascades/haarcascade_frontalface_default.xml+5+7
dup1+2+haarcascades/haarcascade_frontalface_default.xml+5+9
dup1+2+haarcascades/haarcascade_frontalface_default.xml+7+1
dup1+2+haarcascades/haarcascade_frontalface_default.xml+7+3
dup1+2+haarcascades/haarcascade_frontalface_default.xml+7+5
dup1+2+haarcascades/haarcascade_frontalface_default.xml+7+7
dup1+2+haarcascades/haarcascade_frontalface_default.xml+7+9
dup1+2+haarcascades/haarcascade_frontalface_default.xml+8+1
dup1+2+haarcascades/haarcascade_frontalface_default.xml+8+3
dup1+2+haarcascades/haarcascade_frontalface_default.xml+8+5
dup1+2+haarcascades/haarcascade_frontalface_default.xml+8+7
dup1+2+haarcascades/haarcascade_frontalface_default.xml+8+9
dup1+2+haarcascades/haarcascade_frontalface_default.xml+10+1
dup1+2+haarcascades/haarcascade_frontalface_default.xml+10+3
dup1+2+haarcascades/haarcascade_frontalface_default.xml+10+5
dup1+2+haarcascades/haarcascade_frontalface_default.xml+10+7
dup1+2+haarcascades/haarcascade_frontalface_default.xml+10+9
dup1+2+haarcascades/haarcascade_frontalface_default.xml+20+1
dup1+2+haarcascades/haarcascade_frontalface_default.xml+20+3
dup1+2+haarcascades/haarcascade_frontalface_default.xml+20+5
dup1+2+haarcascades/haarcascade_frontalface_default.xml+20+7
dup1+2+haarcascades/haarcascade_frontalface_default.xml+20+9
dup1+2+haarcascades/haarcascade_frontalface_default.xml+30+1
dup1+2+haarcascades/haarcascade_frontalface_default.xml+30+3
dup1+2+haarcascades/haarcascade_frontalface_default.xml+30+5
dup1+2+haarcascades/haarcascade_frontalface_default.xml+30+7
dup1+2+haarcascades/haarcascade_frontalface_default.xml+30+9
dup1+2+haarcascades/haarcascade_frontalface_alt.xml+1+1
dup1+2+haarcascades/haarcascade_frontalface_alt.xml+1+3
dup1+2+haarcascades/haarcascade_frontalface_alt.xml+1+5
dup1+2+haarcascades/haarcascade_frontalface_alt.xml+1+7
dup1+2+haarcascades/haarcascade_frontalface_alt.xml+1+9
dup1+2+haarcascades/haarcascade_frontalface_alt.xml+3+1
dup1+2+haarcascades/haarcascade_frontalface_alt.xml+3+3
dup1+2+haarcascades/haarcascade_frontalface_alt.xml+3+5
dup1+2+haarcascades/haarcascade_frontalface_alt.xml+3+7
dup1+2+haarcascades/haarcascade_frontalface_alt.xml+3+9
dup1+2+haarcascades/haarcascade_frontalface_alt.xml+5+1
dup1+2+haarcascades/haarcascade_frontalface_alt.xml+5+3
dup1+2+haarcascades/haarcascade_frontalface_alt.xml+5+5
dup1+2+haarcascades/haarcascade_frontalface_alt.xml+5+7
dup1+2+haarcascades/haarcascade_frontalface_alt.xml+5+9
dup1+2+haarcascades/haarcascade_frontalface_alt.xml+7+1
dup1+2+haarcascades/haarcascade_frontalface_alt.xml+7+3
dup1+2+haarcascades/haarcascade_frontalface_alt.xml+7+5
dup1+2+haarcascades/haarcascade_frontalface_alt.xml+7+7
dup1+2+haarcascades/haarcascade_frontalface_alt.xml+7+9
dup1+2+haarcascades/haarcascade_frontalface_alt.xml+8+1
dup1+2+haarcascades/haarcascade_frontalface_alt.xml+8+3
dup1+2+haarcascades/haarcascade_frontalface_alt.xml+8+5
dup1+2+haarcascades/haarcascade_frontalface_alt.xml+8+7
dup1+2+haarcascades/haarcascade_frontalface_alt.xml+8+9
dup1+2+haarcascades/haarcascade_frontalface_alt.xml+10+1
dup1+2+haarcascades/haarcascade_frontalface_alt.xml+10+3
dup1+2+haarcascades/haarcascade_frontalface_alt.xml+10+5
dup1+2+haarcascades/haarcascade_frontalface_alt.xml+10+7
dup1+2+haarcascades/haarcascade_frontalface_alt.xml+10+9
dup1+2+haarcascades/haarcascade_frontalface_alt.xml+20+1
dup1+2+haarcascades/haarcascade_frontalface_alt.xml+20+3
dup1+2+haarcascades/haarcascade_frontalface_alt.xml+20+5
dup1+2+haarcascades/haarcascade_frontalface_alt.xml+20+7
dup1+2+haarcascades/haarcascade_frontalface_alt.xml+20+9
dup1+2+haarcascades/haarcascade_frontalface_alt.xml+30+1
dup1+2+haarcascades/haarcascade_frontalface_alt.xml+30+3
dup1+2+haarcascades/haarcascade_frontalface_alt.xml+30+5
dup1+2+haarcascades/haarcascade_frontalface_alt.xml+30+7
dup1+2+haarcascades/haarcascade_frontalface_alt.xml+30+9
dup1+2+haarcascades/haarcascade_frontalface_alt2.xml+1+1
dup1+2+haarcascades/haarcascade_frontalface_alt2.xml+1+3
dup1+2+haarcascades/haarcascade_frontalface_alt2.xml+1+5
dup1+2+haarcascades/haarcascade_frontalface_alt2.xml+1+7
dup1+2+haarcascades/haarcascade_frontalface_alt2.xml+1+9
dup1+2+haarcascades/haarcascade_frontalface_alt2.xml+3+1
dup1+2+haarcascades/haarcascade_frontalface_alt2.xml+3+3
dup1+2+haarcascades/haarcascade_frontalface_alt2.xml+3+5
dup1+2+haarcascades/haarcascade_frontalface_alt2.xml+3+7
dup1+2+haarcascades/haarcascade_frontalface_alt2.xml+3+9
dup1+2+haarcascades/haarcascade_frontalface_alt2.xml+5+1
dup1+2+haarcascades/haarcascade_frontalface_alt2.xml+5+3
dup1+2+haarcascades/haarcascade_frontalface_alt2.xml+5+5
dup1+2+haarcascades/haarcascade_frontalface_alt2.xml+5+7
dup1+2+haarcascades/haarcascade_frontalface_alt2.xml+5+9
dup1+2+haarcascades/haarcascade_frontalface_alt2.xml+7+1
dup1+2+haarcascades/haarcascade_frontalface_alt2.xml+7+3
dup1+2+haarcascades/haarcascade_frontalface_alt2.xml+7+5
dup1+2+haarcascades/haarcascade_frontalface_alt2.xml+7+7
dup1+2+haarcascades/haarcascade_frontalface_alt2.xml+7+9
dup1+2+haarcascades/haarcascade_frontalface_alt2.xml+8+1
dup1+2+haarcascades/haarcascade_frontalface_alt2.xml+8+3
dup1+2+haarcascades/haarcascade_frontalface_alt2.xml+8+5
dup1+2+haarcascades/haarcascade_frontalface_alt2.xml+8+7
dup1+2+haarcascades/haarcascade_frontalface_alt2.xml+8+9
dup1+2+haarcascades/haarcascade_frontalface_alt2.xml+10+1
dup1+2+haarcascades/haarcascade_frontalface_alt2.xml+10+3
dup1+2+haarcascades/haarcascade_frontalface_alt2.xml+10+5
dup1+2+haarcascades/haarcascade_frontalface_alt2.xml+10+7
dup1+2+haarcascades/haarcascade_frontalface_alt2.xml+10+9
dup1+2+haarcascades/haarcascade_frontalface_alt2.xml+20+1
dup1+2+haarcascades/haarcascade_frontalface_alt2.xml+20+3
dup1+2+haarcascades/haarcascade_frontalface_alt2.xml+20+5
dup1+2+haarcascades/haarcascade_frontalface_alt2.xml+20+7
dup1+2+haarcascades/haarcascade_frontalface_alt2.xml+20+9
dup1+2+haarcascades/haarcascade_frontalface_alt2.xml+30+1
dup1+2+haarcascades/haarcascade_frontalface_alt2.xml+30+3
dup1+2+haarcascades/haarcascade_frontalface_alt2.xml+30+5
dup1+2+haarcascades/haarcascade_frontalface_alt2.xml+30+7
dup1+2+haarcascades/haarcascade_frontalface_alt2.xml+30+9
dup1+2+haarcascades/haarcascade_frontalface_alt_tree.xml+1+1
dup1+2+haarcascades/haarcascade_frontalface_alt_tree.xml+1+3
dup1+2+haarcascades/haarcascade_frontalface_alt_tree.xml+1+5
dup1+2+haarcascades/haarcascade_frontalface_alt_tree.xml+1+7
dup1+2+haarcascades/haarcascade_frontalface_alt_tree.xml+1+9
dup1+2+haarcascades/haarcascade_frontalface_alt_tree.xml+3+1
dup1+2+haarcascades/haarcascade_frontalface_alt_tree.xml+3+3
dup1+2+haarcascades/haarcascade_frontalface_alt_tree.xml+3+5
dup1+2+haarcascades/haarcascade_frontalface_alt_tree.xml+3+7
dup1+2+haarcascades/haarcascade_frontalface_alt_tree.xml+3+9
dup1+2+haarcascades/haarcascade_frontalface_alt_tree.xml+5+1
dup1+2+haarcascades/haarcascade_frontalface_alt_tree.xml+5+3
dup1+2+haarcascades/haarcascade_frontalface_alt_tree.xml+5+5
dup1+2+haarcascades/haarcascade_frontalface_alt_tree.xml+5+7
dup1+2+haarcascades/haarcascade_frontalface_alt_tree.xml+5+9
dup1+2+haarcascades/haarcascade_frontalface_alt_tree.xml+7+1
dup1+2+haarcascades/haarcascade_frontalface_alt_tree.xml+7+3
dup1+2+haarcascades/haarcascade_frontalface_alt_tree.xml+7+5
dup1+2+haarcascades/haarcascade_frontalface_alt_tree.xml+7+7
dup1+2+haarcascades/haarcascade_frontalface_alt_tree.xml+7+9
dup1+2+haarcascades/haarcascade_frontalface_alt_tree.xml+8+1
dup1+2+haarcascades/haarcascade_frontalface_alt_tree.xml+8+3
dup1+2+haarcascades/haarcascade_frontalface_alt_tree.xml+8+5
dup1+2+haarcascades/haarcascade_frontalface_alt_tree.xml+8+7
dup1+2+haarcascades/haarcascade_frontalface_alt_tree.xml+8+9
dup1+2+haarcascades/haarcascade_frontalface_alt_tree.xml+10+1
dup1+2+haarcascades/haarcascade_frontalface_alt_tree.xml+10+3
dup1+2+haarcascades/haarcascade_frontalface_alt_tree.xml+10+5
dup1+2+haarcascades/haarcascade_frontalface_alt_tree.xml+10+7
dup1+2+haarcascades/haarcascade_frontalface_alt_tree.xml+10+9
dup1+2+haarcascades/haarcascade_frontalface_alt_tree.xml+20+1
dup1+2+haarcascades/haarcascade_frontalface_alt_tree.xml+20+3
dup1+2+haarcascades/haarcascade_frontalface_alt_tree.xml+20+5
dup1+2+haarcascades/haarcascade_frontalface_alt_tree.xml+20+7
dup1+2+haarcascades/haarcascade_frontalface_alt_tree.xml+20+9
dup1+2+haarcascades/haarcascade_frontalface_alt_tree.xml+30+1
dup1+2+haarcascades/haarcascade_frontalface_alt_tree.xml+30+3
dup1+2+haarcascades/haarcascade_frontalface_alt_tree.xml+30+5
dup1+2+haarcascades/haarcascade_frontalface_alt_tree.xml+30+7
dup1+2+haarcascades/haarcascade_frontalface_alt_tree.xml+30+9
dup1+4+lbpcascades/lbpcascade_frontalface.xml+1+1
dup1+4+lbpcascades/lbpcascade_frontalface.xml+1+3
dup1+4+lbpcascades/lbpcascade_frontalface.xml+1+5
dup1+4+lbpcascades/lbpcascade_frontalface.xml+1+7
dup1+4+lbpcascades/lbpcascade_frontalface.xml+1+9
dup1+4+lbpcascades/lbpcascade_frontalface.xml+3+1
dup1+4+lbpcascades/lbpcascade_frontalface.xml+3+3
dup1+4+lbpcascades/lbpcascade_frontalface.xml+3+5
dup1+4+lbpcascades/lbpcascade_frontalface.xml+3+7
dup1+4+lbpcascades/lbpcascade_frontalface.xml+3+9
dup1+4+lbpcascades/lbpcascade_frontalface.xml+5+1
dup1+4+lbpcascades/lbpcascade_frontalface.xml+5+3
dup1+4+lbpcascades/lbpcascade_frontalface.xml+5+5
dup1+4+lbpcascades/lbpcascade_frontalface.xml+5+7
dup1+4+lbpcascades/lbpcascade_frontalface.xml+5+9
dup1+4+lbpcascades/lbpcascade_frontalface.xml+7+1
dup1+4+lbpcascades/lbpcascade_frontalface.xml+7+3
dup1+4+lbpcascades/lbpcascade_frontalface.xml+7+5
dup1+4+lbpcascades/lbpcascade_frontalface.xml+7+7
dup1+4+lbpcascades/lbpcascade_frontalface.xml+7+9
dup1+4+lbpcascades/lbpcascade_frontalface.xml+8+1
dup1+4+lbpcascades/lbpcascade_frontalface.xml+8+3
dup1+4+lbpcascades/lbpcascade_frontalface.xml+8+5
dup1+4+lbpcascades/lbpcascade_frontalface.xml+8+7
dup1+4+lbpcascades/lbpcascade_frontalface.xml+8+9
dup1+4+lbpcascades/lbpcascade_frontalface.xml+10+1
dup1+4+lbpcascades/lbpcascade_frontalface.xml+10+3
dup1+4+lbpcascades/lbpcascade_frontalface.xml+10+5
dup1+4+lbpcascades/lbpcascade_frontalface.xml+10+7
dup1+4+lbpcascades/lbpcascade_frontalface.xml+10+9
dup1+4+lbpcascades/lbpcascade_frontalface.xml+20+1
dup1+4+lbpcascades/lbpcascade_frontalface.xml+20+3
dup1+4+lbpcascades/lbpcascade_frontalface.xml+20+5
dup1+4+lbpcascades/lbpcascade_frontalface.xml+20+7
dup1+4+lbpcascades/lbpcascade_frontalface.xml+20+9
dup1+4+lbpcascades/lbpcascade_frontalface.xml+30+1
dup1+4+lbpcascades/lbpcascade_frontalface.xml+30+3
dup1+4+lbpcascades/lbpcascade_frontalface.xml+30+5
dup1+4+lbpcascades/lbpcascade_frontalface.xml+30+7
dup1+4+lbpcascades/lbpcascade_frontalface.xml+30+9
dup1+4+lbpcascades/lbpcascade_frontalface_improved.xml+1+1
dup1+4+lbpcascades/lbpcascade_frontalface_improved.xml+1+3
dup1+4+lbpcascades/lbpcascade_frontalface_improved.xml+1+5
dup1+4+lbpcascades/lbpcascade_frontalface_improved.xml+1+7
dup1+4+lbpcascades/lbpcascade_frontalface_improved.xml+1+9
dup1+4+lbpcascades/lbpcascade_frontalface_improved.xml+3+1
dup1+4+lbpcascades/lbpcascade_frontalface_improved.xml+3+3
dup1+4+lbpcascades/lbpcascade_frontalface_improved.xml+3+5
dup1+4+lbpcascades/lbpcascade_frontalface_improved.xml+3+7
dup1+4+lbpcascades/lbpcascade_frontalface_improved.xml+3+9
dup1+4+lbpcascades/lbpcascade_frontalface_improved.xml+5+1
dup1+4+lbpcascades/lbpcascade_frontalface_improved.xml+5+3
dup1+4+lbpcascades/lbpcascade_frontalface_improved.xml+5+5
dup1+4+lbpcascades/lbpcascade_frontalface_improved.xml+5+7
dup1+4+lbpcascades/lbpcascade_frontalface_improved.xml+5+9
dup1+4+lbpcascades/lbpcascade_frontalface_improved.xml+7+1
dup1+4+lbpcascades/lbpcascade_frontalface_improved.xml+7+3
dup1+4+lbpcascades/lbpcascade_frontalface_improved.xml+7+5
dup1+4+lbpcascades/lbpcascade_frontalface_improved.xml+7+7
dup1+4+lbpcascades/lbpcascade_frontalface_improved.xml+7+9
dup1+4+lbpcascades/lbpcascade_frontalface_improved.xml+8+1
dup1+4+lbpcascades/lbpcascade_frontalface_improved.xml+8+3
dup1+4+lbpcascades/lbpcascade_frontalface_improved.xml+8+5
dup1+4+lbpcascades/lbpcascade_frontalface_improved.xml+8+7
dup1+4+lbpcascades/lbpcascade_frontalface_improved.xml+8+9
dup1+4+lbpcascades/lbpcascade_frontalface_improved.xml+10+1
dup1+4+lbpcascades/lbpcascade_frontalface_improved.xml+10+3
dup1+4+lbpcascades/lbpcascade_frontalface_improved.xml+10+5
dup1+4+lbpcascades/lbpcascade_frontalface_improved.xml+10+7
dup1+4+lbpcascades/lbpcascade_frontalface_improved.xml+10+9
dup1+4+lbpcascades/lbpcascade_frontalface_improved.xml+20+1
dup1+4+lbpcascades/lbpcascade_frontalface_improved.xml+20+3
dup1+4+lbpcascades/lbpcascade_frontalface_improved.xml+20+5
dup1+4+lbpcascades/lbpcascade_frontalface_improved.xml+20+7
dup1+4+lbpcascades/lbpcascade_frontalface_improved.xml+20+9
dup1+4+lbpcascades/lbpcascade_frontalface_improved.xml+30+1
dup1+4+lbpcascades/lbpcascade_frontalface_improved.xml+30+3
dup1+4+lbpcascades/lbpcascade_frontalface_improved.xml+30+5
dup1+4+lbpcascades/lbpcascade_frontalface_improved.xml+30+7
dup1+4+lbpcascades/lbpcascade_frontalface_improved.xml+30+9
dup1+4+haarcascades/haarcascade_frontalface_default.xml+1+1
dup1+4+haarcascades/haarcascade_frontalface_default.xml+1+3
dup1+4+haarcascades/haarcascade_frontalface_default.xml+1+5
dup1+4+haarcascades/haarcascade_frontalface_default.xml+1+7
dup1+4+haarcascades/haarcascade_frontalface_default.xml+1+9
dup1+4+haarcascades/haarcascade_frontalface_default.xml+3+1
dup1+4+haarcascades/haarcascade_frontalface_default.xml+3+3
dup1+4+haarcascades/haarcascade_frontalface_default.xml+3+5
dup1+4+haarcascades/haarcascade_frontalface_default.xml+3+7
dup1+4+haarcascades/haarcascade_frontalface_default.xml+3+9
dup1+4+haarcascades/haarcascade_frontalface_default.xml+5+1
dup1+4+haarcascades/haarcascade_frontalface_default.xml+5+3
dup1+4+haarcascades/haarcascade_frontalface_default.xml+5+5
dup1+4+haarcascades/haarcascade_frontalface_default.xml+5+7
dup1+4+haarcascades/haarcascade_frontalface_default.xml+5+9
dup1+4+haarcascades/haarcascade_frontalface_default.xml+7+1
dup1+4+haarcascades/haarcascade_frontalface_default.xml+7+3
dup1+4+haarcascades/haarcascade_frontalface_default.xml+7+5
dup1+4+haarcascades/haarcascade_frontalface_default.xml+7+7
dup1+4+haarcascades/haarcascade_frontalface_default.xml+7+9
dup1+4+haarcascades/haarcascade_frontalface_default.xml+8+1
dup1+4+haarcascades/haarcascade_frontalface_default.xml+8+3
dup1+4+haarcascades/haarcascade_frontalface_default.xml+8+5
dup1+4+haarcascades/haarcascade_frontalface_default.xml+8+7
dup1+4+haarcascades/haarcascade_frontalface_default.xml+8+9
dup1+4+haarcascades/haarcascade_frontalface_default.xml+10+1
dup1+4+haarcascades/haarcascade_frontalface_default.xml+10+3
dup1+4+haarcascades/haarcascade_frontalface_default.xml+10+5
dup1+4+haarcascades/haarcascade_frontalface_default.xml+10+7
dup1+4+haarcascades/haarcascade_frontalface_default.xml+10+9
dup1+4+haarcascades/haarcascade_frontalface_default.xml+20+1
dup1+4+haarcascades/haarcascade_frontalface_default.xml+20+3
dup1+4+haarcascades/haarcascade_frontalface_default.xml+20+5
dup1+4+haarcascades/haarcascade_frontalface_default.xml+20+7
dup1+4+haarcascades/haarcascade_frontalface_default.xml+20+9
dup1+4+haarcascades/haarcascade_frontalface_default.xml+30+1
dup1+4+haarcascades/haarcascade_frontalface_default.xml+30+3
dup1+4+haarcascades/haarcascade_frontalface_default.xml+30+5
dup1+4+haarcascades/haarcascade_frontalface_default.xml+30+7
dup1+4+haarcascades/haarcascade_frontalface_default.xml+30+9
dup1+4+haarcascades/haarcascade_frontalface_alt.xml+1+1
dup1+4+haarcascades/haarcascade_frontalface_alt.xml+1+3
dup1+4+haarcascades/haarcascade_frontalface_alt.xml+1+5
dup1+4+haarcascades/haarcascade_frontalface_alt.xml+1+7
dup1+4+haarcascades/haarcascade_frontalface_alt.xml+1+9
dup1+4+haarcascades/haarcascade_frontalface_alt.xml+3+1
dup1+4+haarcascades/haarcascade_frontalface_alt.xml+3+3
dup1+4+haarcascades/haarcascade_frontalface_alt.xml+3+5
dup1+4+haarcascades/haarcascade_frontalface_alt.xml+3+7
dup1+4+haarcascades/haarcascade_frontalface_alt.xml+3+9
dup1+4+haarcascades/haarcascade_frontalface_alt.xml+5+1
dup1+4+haarcascades/haarcascade_frontalface_alt.xml+5+3
dup1+4+haarcascades/haarcascade_frontalface_alt.xml+5+5
dup1+4+haarcascades/haarcascade_frontalface_alt.xml+5+7
dup1+4+haarcascades/haarcascade_frontalface_alt.xml+5+9
dup1+4+haarcascades/haarcascade_frontalface_alt.xml+7+1
dup1+4+haarcascades/haarcascade_frontalface_alt.xml+7+3
dup1+4+haarcascades/haarcascade_frontalface_alt.xml+7+5
dup1+4+haarcascades/haarcascade_frontalface_alt.xml+7+7
dup1+4+haarcascades/haarcascade_frontalface_alt.xml+7+9
dup1+4+haarcascades/haarcascade_frontalface_alt.xml+8+1
dup1+4+haarcascades/haarcascade_frontalface_alt.xml+8+3
dup1+4+haarcascades/haarcascade_frontalface_alt.xml+8+5
dup1+4+haarcascades/haarcascade_frontalface_alt.xml+8+7
dup1+4+haarcascades/haarcascade_frontalface_alt.xml+8+9
dup1+4+haarcascades/haarcascade_frontalface_alt.xml+10+1
dup1+4+haarcascades/haarcascade_frontalface_alt.xml+10+3
dup1+4+haarcascades/haarcascade_frontalface_alt.xml+10+5
dup1+4+haarcascades/haarcascade_frontalface_alt.xml+10+7
dup1+4+haarcascades/haarcascade_frontalface_alt.xml+10+9
dup1+4+haarcascades/haarcascade_frontalface_alt.xml+20+1
dup1+4+haarcascades/haarcascade_frontalface_alt.xml+20+3
dup1+4+haarcascades/haarcascade_frontalface_alt.xml+20+5
dup1+4+haarcascades/haarcascade_frontalface_alt.xml+20+7
dup1+4+haarcascades/haarcascade_frontalface_alt.xml+20+9
dup1+4+haarcascades/haarcascade_frontalface_alt.xml+30+1
dup1+4+haarcascades/haarcascade_frontalface_alt.xml+30+3
dup1+4+haarcascades/haarcascade_frontalface_alt.xml+30+5
dup1+4+haarcascades/haarcascade_frontalface_alt.xml+30+7
dup1+4+haarcascades/haarcascade_frontalface_alt.xml+30+9
dup1+4+haarcascades/haarcascade_frontalface_alt2.xml+1+1
dup1+4+haarcascades/haarcascade_frontalface_alt2.xml+1+3
dup1+4+haarcascades/haarcascade_frontalface_alt2.xml+1+5
dup1+4+haarcascades/haarcascade_frontalface_alt2.xml+1+7
dup1+4+haarcascades/haarcascade_frontalface_alt2.xml+1+9
dup1+4+haarcascades/haarcascade_frontalface_alt2.xml+3+1
dup1+4+haarcascades/haarcascade_frontalface_alt2.xml+3+3
dup1+4+haarcascades/haarcascade_frontalface_alt2.xml+3+5
dup1+4+haarcascades/haarcascade_frontalface_alt2.xml+3+7
dup1+4+haarcascades/haarcascade_frontalface_alt2.xml+3+9
dup1+4+haarcascades/haarcascade_frontalface_alt2.xml+5+1
dup1+4+haarcascades/haarcascade_frontalface_alt2.xml+5+3
dup1+4+haarcascades/haarcascade_frontalface_alt2.xml+5+5
dup1+4+haarcascades/haarcascade_frontalface_alt2.xml+5+7
dup1+4+haarcascades/haarcascade_frontalface_alt2.xml+5+9
dup1+4+haarcascades/haarcascade_frontalface_alt2.xml+7+1
dup1+4+haarcascades/haarcascade_frontalface_alt2.xml+7+3
dup1+4+haarcascades/haarcascade_frontalface_alt2.xml+7+5
dup1+4+haarcascades/haarcascade_frontalface_alt2.xml+7+7
dup1+4+haarcascades/haarcascade_frontalface_alt2.xml+7+9
dup1+4+haarcascades/haarcascade_frontalface_alt2.xml+8+1
dup1+4+haarcascades/haarcascade_frontalface_alt2.xml+8+3
dup1+4+haarcascades/haarcascade_frontalface_alt2.xml+8+5
dup1+4+haarcascades/haarcascade_frontalface_alt2.xml+8+7
dup1+4+haarcascades/haarcascade_frontalface_alt2.xml+8+9
dup1+4+haarcascades/haarcascade_frontalface_alt2.xml+10+1
dup1+4+haarcascades/haarcascade_frontalface_alt2.xml+10+3
dup1+4+haarcascades/haarcascade_frontalface_alt2.xml+10+5
dup1+4+haarcascades/haarcascade_frontalface_alt2.xml+10+7
dup1+4+haarcascades/haarcascade_frontalface_alt2.xml+10+9
dup1+4+haarcascades/haarcascade_frontalface_alt2.xml+20+1
dup1+4+haarcascades/haarcascade_frontalface_alt2.xml+20+3
dup1+4+haarcascades/haarcascade_frontalface_alt2.xml+20+5
dup1+4+haarcascades/haarcascade_frontalface_alt2.xml+20+7
dup1+4+haarcascades/haarcascade_frontalface_alt2.xml+20+9
dup1+4+haarcascades/haarcascade_frontalface_alt2.xml+30+1
dup1+4+haarcascades/haarcascade_frontalface_alt2.xml+30+3
dup1+4+haarcascades/haarcascade_frontalface_alt2.xml+30+5
dup1+4+haarcascades/haarcascade_frontalface_alt2.xml+30+7
dup1+4+haarcascades/haarcascade_frontalface_alt2.xml+30+9
dup1+4+haarcascades/haarcascade_frontalface_alt_tree.xml+1+1
dup1+4+haarcascades/haarcascade_frontalface_alt_tree.xml+1+3
dup1+4+haarcascades/haarcascade_frontalface_alt_tree.xml+1+5
dup1+4+haarcascades/haarcascade_frontalface_alt_tree.xml+1+7
dup1+4+haarcascades/haarcascade_frontalface_alt_tree.xml+1+9
dup1+4+haarcascades/haarcascade_frontalface_alt_tree.xml+3+1
dup1+4+haarcascades/haarcascade_frontalface_alt_tree.xml+3+3
dup1+4+haarcascades/haarcascade_frontalface_alt_tree.xml+3+5
dup1+4+haarcascades/haarcascade_frontalface_alt_tree.xml+3+7
dup1+4+haarcascades/haarcascade_frontalface_alt_tree.xml+3+9
dup1+4+haarcascades/haarcascade_frontalface_alt_tree.xml+5+1
dup1+4+haarcascades/haarcascade_frontalface_alt_tree.xml+5+3
dup1+4+haarcascades/haarcascade_frontalface_alt_tree.xml+5+5
dup1+4+haarcascades/haarcascade_frontalface_alt_tree.xml+5+7
dup1+4+haarcascades/haarcascade_frontalface_alt_tree.xml+5+9
dup1+4+haarcascades/haarcascade_frontalface_alt_tree.xml+7+1
dup1+4+haarcascades/haarcascade_frontalface_alt_tree.xml+7+3
dup1+4+haarcascades/haarcascade_frontalface_alt_tree.xml+7+5
dup1+4+haarcascades/haarcascade_frontalface_alt_tree.xml+7+7
dup1+4+haarcascades/haarcascade_frontalface_alt_tree.xml+7+9
dup1+4+haarcascades/haarcascade_frontalface_alt_tree.xml+8+1
dup1+4+haarcascades/haarcascade_frontalface_alt_tree.xml+8+3
dup1+4+haarcascades/haarcascade_frontalface_alt_tree.xml+8+5
dup1+4+haarcascades/haarcascade_frontalface_alt_tree.xml+8+7
dup1+4+haarcascades/haarcascade_frontalface_alt_tree.xml+8+9
dup1+4+haarcascades/haarcascade_frontalface_alt_tree.xml+10+1
dup1+4+haarcascades/haarcascade_frontalface_alt_tree.xml+10+3
dup1+4+haarcascades/haarcascade_frontalface_alt_tree.xml+10+5
dup1+4+haarcascades/haarcascade_frontalface_alt_tree.xml+10+7
dup1+4+haarcascades/haarcascade_frontalface_alt_tree.xml+10+9
dup1+4+haarcascades/haarcascade_frontalface_alt_tree.xml+20+1
dup1+4+haarcascades/haarcascade_frontalface_alt_tree.xml+20+3
dup1+4+haarcascades/haarcascade_frontalface_alt_tree.xml+20+5
dup1+4+haarcascades/haarcascade_frontalface_alt_tree.xml+20+7
dup1+4+haarcascades/haarcascade_frontalface_alt_tree.xml+20+9
dup1+4+haarcascades/haarcascade_frontalface_alt_tree.xml+30+1
dup1+4+haarcascades/haarcascade_frontalface_alt_tree.xml+30+3
dup1+4+haarcascades/haarcascade_frontalface_alt_tree.xml+30+5
dup1+4+haarcascades/haarcascade_frontalface_alt_tree.xml+30+7
dup1+4+haarcascades/haarcascade_frontalface_alt_tree.xml+30+9
dup1+5+lbpcascades/lbpcascade_frontalface.xml+1+1
dup1+5+lbpcascades/lbpcascade_frontalface.xml+1+3
dup1+5+lbpcascades/lbpcascade_frontalface.xml+1+5
dup1+5+lbpcascades/lbpcascade_frontalface.xml+1+7
dup1+5+lbpcascades/lbpcascade_frontalface.xml+1+9
dup1+5+lbpcascades/lbpcascade_frontalface.xml+3+1
dup1+5+lbpcascades/lbpcascade_frontalface.xml+3+3
dup1+5+lbpcascades/lbpcascade_frontalface.xml+3+5
dup1+5+lbpcascades/lbpcascade_frontalface.xml+3+7
dup1+5+lbpcascades/lbpcascade_frontalface.xml+3+9
dup1+5+lbpcascades/lbpcascade_frontalface.xml+5+1
dup1+5+lbpcascades/lbpcascade_frontalface.xml+5+3
dup1+5+lbpcascades/lbpcascade_frontalface.xml+5+5
dup1+5+lbpcascades/lbpcascade_frontalface.xml+5+7
dup1+5+lbpcascades/lbpcascade_frontalface.xml+5+9
dup1+5+lbpcascades/lbpcascade_frontalface.xml+7+1
dup1+5+lbpcascades/lbpcascade_frontalface.xml+7+3
dup1+5+lbpcascades/lbpcascade_frontalface.xml+7+5
dup1+5+lbpcascades/lbpcascade_frontalface.xml+7+7
dup1+5+lbpcascades/lbpcascade_frontalface.xml+7+9
dup1+5+lbpcascades/lbpcascade_frontalface.xml+8+1
dup1+5+lbpcascades/lbpcascade_frontalface.xml+8+3
dup1+5+lbpcascades/lbpcascade_frontalface.xml+8+5
dup1+5+lbpcascades/lbpcascade_frontalface.xml+8+7
dup1+5+lbpcascades/lbpcascade_frontalface.xml+8+9
dup1+5+lbpcascades/lbpcascade_frontalface.xml+10+1
dup1+5+lbpcascades/lbpcascade_frontalface.xml+10+3
dup1+5+lbpcascades/lbpcascade_frontalface.xml+10+5
dup1+5+lbpcascades/lbpcascade_frontalface.xml+10+7
dup1+5+lbpcascades/lbpcascade_frontalface.xml+10+9
dup1+5+lbpcascades/lbpcascade_frontalface.xml+20+1
dup1+5+lbpcascades/lbpcascade_frontalface.xml+20+3
dup1+5+lbpcascades/lbpcascade_frontalface.xml+20+5
dup1+5+lbpcascades/lbpcascade_frontalface.xml+20+7
dup1+5+lbpcascades/lbpcascade_frontalface.xml+20+9
dup1+5+lbpcascades/lbpcascade_frontalface.xml+30+1
dup1+5+lbpcascades/lbpcascade_frontalface.xml+30+3
dup1+5+lbpcascades/lbpcascade_frontalface.xml+30+5
dup1+5+lbpcascades/lbpcascade_frontalface.xml+30+7
dup1+5+lbpcascades/lbpcascade_frontalface.xml+30+9
dup1+5+lbpcascades/lbpcascade_frontalface_improved.xml+1+1
dup1+5+lbpcascades/lbpcascade_frontalface_improved.xml+1+3
dup1+5+lbpcascades/lbpcascade_frontalface_improved.xml+1+5
dup1+5+lbpcascades/lbpcascade_frontalface_improved.xml+1+7
dup1+5+lbpcascades/lbpcascade_frontalface_improved.xml+1+9
dup1+5+lbpcascades/lbpcascade_frontalface_improved.xml+3+1
dup1+5+lbpcascades/lbpcascade_frontalface_improved.xml+3+3
dup1+5+lbpcascades/lbpcascade_frontalface_improved.xml+3+5
dup1+5+lbpcascades/lbpcascade_frontalface_improved.xml+3+7
dup1+5+lbpcascades/lbpcascade_frontalface_improved.xml+3+9
dup1+5+lbpcascades/lbpcascade_frontalface_improved.xml+5+1
dup1+5+lbpcascades/lbpcascade_frontalface_improved.xml+5+3
dup1+5+lbpcascades/lbpcascade_frontalface_improved.xml+5+5
dup1+5+lbpcascades/lbpcascade_frontalface_improved.xml+5+7
dup1+5+lbpcascades/lbpcascade_frontalface_improved.xml+5+9
dup1+5+lbpcascades/lbpcascade_frontalface_improved.xml+7+1
dup1+5+lbpcascades/lbpcascade_frontalface_improved.xml+7+3
dup1+5+lbpcascades/lbpcascade_frontalface_improved.xml+7+5
dup1+5+lbpcascades/lbpcascade_frontalface_improved.xml+7+7
dup1+5+lbpcascades/lbpcascade_frontalface_improved.xml+7+9
dup1+5+lbpcascades/lbpcascade_frontalface_improved.xml+8+1
dup1+5+lbpcascades/lbpcascade_frontalface_improved.xml+8+3
dup1+5+lbpcascades/lbpcascade_frontalface_improved.xml+8+5
dup1+5+lbpcascades/lbpcascade_frontalface_improved.xml+8+7
dup1+5+lbpcascades/lbpcascade_frontalface_improved.xml+8+9
dup1+5+lbpcascades/lbpcascade_frontalface_improved.xml+10+1
dup1+5+lbpcascades/lbpcascade_frontalface_improved.xml+10+3
dup1+5+lbpcascades/lbpcascade_frontalface_improved.xml+10+5
dup1+5+lbpcascades/lbpcascade_frontalface_improved.xml+10+7
dup1+5+lbpcascades/lbpcascade_frontalface_improved.xml+10+9
dup1+5+lbpcascades/lbpcascade_frontalface_improved.xml+20+1
dup1+5+lbpcascades/lbpcascade_frontalface_improved.xml+20+3
dup1+5+lbpcascades/lbpcascade_frontalface_improved.xml+20+5
dup1+5+lbpcascades/lbpcascade_frontalface_improved.xml+20+7
dup1+5+lbpcascades/lbpcascade_frontalface_improved.xml+20+9
dup1+5+lbpcascades/lbpcascade_frontalface_improved.xml+30+1
dup1+5+lbpcascades/lbpcascade_frontalface_improved.xml+30+3
dup1+5+lbpcascades/lbpcascade_frontalface_improved.xml+30+5
dup1+5+lbpcascades/lbpcascade_frontalface_improved.xml+30+7
dup1+5+lbpcascades/lbpcascade_frontalface_improved.xml+30+9
dup1+5+haarcascades/haarcascade_frontalface_default.xml+1+1
dup1+5+haarcascades/haarcascade_frontalface_default.xml+1+3
dup1+5+haarcascades/haarcascade_frontalface_default.xml+1+5
dup1+5+haarcascades/haarcascade_frontalface_default.xml+1+7
dup1+5+haarcascades/haarcascade_frontalface_default.xml+1+9
dup1+5+haarcascades/haarcascade_frontalface_default.xml+3+1
dup1+5+haarcascades/haarcascade_frontalface_default.xml+3+3
dup1+5+haarcascades/haarcascade_frontalface_default.xml+3+5
dup1+5+haarcascades/haarcascade_frontalface_default.xml+3+7
dup1+5+haarcascades/haarcascade_frontalface_default.xml+3+9
dup1+5+haarcascades/haarcascade_frontalface_default.xml+5+1
dup1+5+haarcascades/haarcascade_frontalface_default.xml+5+3
dup1+5+haarcascades/haarcascade_frontalface_default.xml+5+5
dup1+5+haarcascades/haarcascade_frontalface_default.xml+5+7
dup1+5+haarcascades/haarcascade_frontalface_default.xml+5+9
dup1+5+haarcascades/haarcascade_frontalface_default.xml+7+1
dup1+5+haarcascades/haarcascade_frontalface_default.xml+7+3
dup1+5+haarcascades/haarcascade_frontalface_default.xml+7+5
dup1+5+haarcascades/haarcascade_frontalface_default.xml+7+7
dup1+5+haarcascades/haarcascade_frontalface_default.xml+7+9
dup1+5+haarcascades/haarcascade_frontalface_default.xml+8+1
dup1+5+haarcascades/haarcascade_frontalface_default.xml+8+3
dup1+5+haarcascades/haarcascade_frontalface_default.xml+8+5
dup1+5+haarcascades/haarcascade_frontalface_default.xml+8+7
dup1+5+haarcascades/haarcascade_frontalface_default.xml+8+9
dup1+5+haarcascades/haarcascade_frontalface_default.xml+10+1
dup1+5+haarcascades/haarcascade_frontalface_default.xml+10+3
dup1+5+haarcascades/haarcascade_frontalface_default.xml+10+5
dup1+5+haarcascades/haarcascade_frontalface_default.xml+10+7
dup1+5+haarcascades/haarcascade_frontalface_default.xml+10+9
dup1+5+haarcascades/haarcascade_frontalface_default.xml+20+1
dup1+5+haarcascades/haarcascade_frontalface_default.xml+20+3
dup1+5+haarcascades/haarcascade_frontalface_default.xml+20+5
dup1+5+haarcascades/haarcascade_frontalface_default.xml+20+7
dup1+5+haarcascades/haarcascade_frontalface_default.xml+20+9
dup1+5+haarcascades/haarcascade_frontalface_default.xml+30+1
dup1+5+haarcascades/haarcascade_frontalface_default.xml+30+3
dup1+5+haarcascades/haarcascade_frontalface_default.xml+30+5
dup1+5+haarcascades/haarcascade_frontalface_default.xml+30+7
dup1+5+haarcascades/haarcascade_frontalface_default.xml+30+9
dup1+5+haarcascades/haarcascade_frontalface_alt.xml+1+1
dup1+5+haarcascades/haarcascade_frontalface_alt.xml+1+3
dup1+5+haarcascades/haarcascade_frontalface_alt.xml+1+5
dup1+5+haarcascades/haarcascade_frontalface_alt.xml+1+7
dup1+5+haarcascades/haarcascade_frontalface_alt.xml+1+9
dup1+5+haarcascades/haarcascade_frontalface_alt.xml+3+1
dup1+5+haarcascades/haarcascade_frontalface_alt.xml+3+3
dup1+5+haarcascades/haarcascade_frontalface_alt.xml+3+5
dup1+5+haarcascades/haarcascade_frontalface_alt.xml+3+7
dup1+5+haarcascades/haarcascade_frontalface_alt.xml+3+9
dup1+5+haarcascades/haarcascade_frontalface_alt.xml+5+1
dup1+5+haarcascades/haarcascade_frontalface_alt.xml+5+3
dup1+5+haarcascades/haarcascade_frontalface_alt.xml+5+5
dup1+5+haarcascades/haarcascade_frontalface_alt.xml+5+7
dup1+5+haarcascades/haarcascade_frontalface_alt.xml+5+9
dup1+5+haarcascades/haarcascade_frontalface_alt.xml+7+1
dup1+5+haarcascades/haarcascade_frontalface_alt.xml+7+3
dup1+5+haarcascades/haarcascade_frontalface_alt.xml+7+5
dup1+5+haarcascades/haarcascade_frontalface_alt.xml+7+7
dup1+5+haarcascades/haarcascade_frontalface_alt.xml+7+9
dup1+5+haarcascades/haarcascade_frontalface_alt.xml+8+1
dup1+5+haarcascades/haarcascade_frontalface_alt.xml+8+3
dup1+5+haarcascades/haarcascade_frontalface_alt.xml+8+5
dup1+5+haarcascades/haarcascade_frontalface_alt.xml+8+7
dup1+5+haarcascades/haarcascade_frontalface_alt.xml+8+9
dup1+5+haarcascades/haarcascade_frontalface_alt.xml+10+1
dup1+5+haarcascades/haarcascade_frontalface_alt.xml+10+3
dup1+5+haarcascades/haarcascade_frontalface_alt.xml+10+5
dup1+5+haarcascades/haarcascade_frontalface_alt.xml+10+7
dup1+5+haarcascades/haarcascade_frontalface_alt.xml+10+9
dup1+5+haarcascades/haarcascade_frontalface_alt.xml+20+1
dup1+5+haarcascades/haarcascade_frontalface_alt.xml+20+3
dup1+5+haarcascades/haarcascade_frontalface_alt.xml+20+5
dup1+5+haarcascades/haarcascade_frontalface_alt.xml+20+7
dup1+5+haarcascades/haarcascade_frontalface_alt.xml+20+9
dup1+5+haarcascades/haarcascade_frontalface_alt.xml+30+1
dup1+5+haarcascades/haarcascade_frontalface_alt.xml+30+3
dup1+5+haarcascades/haarcascade_frontalface_alt.xml+30+5
dup1+5+haarcascades/haarcascade_frontalface_alt.xml+30+7
dup1+5+haarcascades/haarcascade_frontalface_alt.xml+30+9
dup1+5+haarcascades/haarcascade_frontalface_alt2.xml+1+1
dup1+5+haarcascades/haarcascade_frontalface_alt2.xml+1+3
dup1+5+haarcascades/haarcascade_frontalface_alt2.xml+1+5
dup1+5+haarcascades/haarcascade_frontalface_alt2.xml+1+7
dup1+5+haarcascades/haarcascade_frontalface_alt2.xml+1+9
dup1+5+haarcascades/haarcascade_frontalface_alt2.xml+3+1
dup1+5+haarcascades/haarcascade_frontalface_alt2.xml+3+3
dup1+5+haarcascades/haarcascade_frontalface_alt2.xml+3+5
dup1+5+haarcascades/haarcascade_frontalface_alt2.xml+3+7
dup1+5+haarcascades/haarcascade_frontalface_alt2.xml+3+9
dup1+5+haarcascades/haarcascade_frontalface_alt2.xml+5+1
dup1+5+haarcascades/haarcascade_frontalface_alt2.xml+5+3
dup1+5+haarcascades/haarcascade_frontalface_alt2.xml+5+5
dup1+5+haarcascades/haarcascade_frontalface_alt2.xml+5+7
dup1+5+haarcascades/haarcascade_frontalface_alt2.xml+5+9
dup1+5+haarcascades/haarcascade_frontalface_alt2.xml+7+1
dup1+5+haarcascades/haarcascade_frontalface_alt2.xml+7+3
dup1+5+haarcascades/haarcascade_frontalface_alt2.xml+7+5
dup1+5+haarcascades/haarcascade_frontalface_alt2.xml+7+7
dup1+5+haarcascades/haarcascade_frontalface_alt2.xml+7+9
dup1+5+haarcascades/haarcascade_frontalface_alt2.xml+8+1
dup1+5+haarcascades/haarcascade_frontalface_alt2.xml+8+3
dup1+5+haarcascades/haarcascade_frontalface_alt2.xml+8+5
dup1+5+haarcascades/haarcascade_frontalface_alt2.xml+8+7
dup1+5+haarcascades/haarcascade_frontalface_alt2.xml+8+9
dup1+5+haarcascades/haarcascade_frontalface_alt2.xml+10+1
dup1+5+haarcascades/haarcascade_frontalface_alt2.xml+10+3
dup1+5+haarcascades/haarcascade_frontalface_alt2.xml+10+5
dup1+5+haarcascades/haarcascade_frontalface_alt2.xml+10+7
dup1+5+haarcascades/haarcascade_frontalface_alt2.xml+10+9
dup1+5+haarcascades/haarcascade_frontalface_alt2.xml+20+1
dup1+5+haarcascades/haarcascade_frontalface_alt2.xml+20+3
dup1+5+haarcascades/haarcascade_frontalface_alt2.xml+20+5
dup1+5+haarcascades/haarcascade_frontalface_alt2.xml+20+7
dup1+5+haarcascades/haarcascade_frontalface_alt2.xml+20+9
dup1+5+haarcascades/haarcascade_frontalface_alt2.xml+30+1
dup1+5+haarcascades/haarcascade_frontalface_alt2.xml+30+3
dup1+5+haarcascades/haarcascade_frontalface_alt2.xml+30+5
dup1+5+haarcascades/haarcascade_frontalface_alt2.xml+30+7
dup1+5+haarcascades/haarcascade_frontalface_alt2.xml+30+9
dup1+5+haarcascades/haarcascade_frontalface_alt_tree.xml+1+1
dup1+5+haarcascades/haarcascade_frontalface_alt_tree.xml+1+3
dup1+5+haarcascades/haarcascade_frontalface_alt_tree.xml+1+5
dup1+5+haarcascades/haarcascade_frontalface_alt_tree.xml+1+7
dup1+5+haarcascades/haarcascade_frontalface_alt_tree.xml+1+9
dup1+5+haarcascades/haarcascade_frontalface_alt_tree.xml+3+1
dup1+5+haarcascades/haarcascade_frontalface_alt_tree.xml+3+3
dup1+5+haarcascades/haarcascade_frontalface_alt_tree.xml+3+5
dup1+5+haarcascades/haarcascade_frontalface_alt_tree.xml+3+7
dup1+5+haarcascades/haarcascade_frontalface_alt_tree.xml+3+9
dup1+5+haarcascades/haarcascade_frontalface_alt_tree.xml+5+1
dup1+5+haarcascades/haarcascade_frontalface_alt_tree.xml+5+3
dup1+5+haarcascades/haarcascade_frontalface_alt_tree.xml+5+5
dup1+5+haarcascades/haarcascade_frontalface_alt_tree.xml+5+7
dup1+5+haarcascades/haarcascade_frontalface_alt_tree.xml+5+9
dup1+5+haarcascades/haarcascade_frontalface_alt_tree.xml+7+1
dup1+5+haarcascades/haarcascade_frontalface_alt_tree.xml+7+3
dup1+5+haarcascades/haarcascade_frontalface_alt_tree.xml+7+5
dup1+5+haarcascades/haarcascade_frontalface_alt_tree.xml+7+7
dup1+5+haarcascades/haarcascade_frontalface_alt_tree.xml+7+9
dup1+5+haarcascades/haarcascade_frontalface_alt_tree.xml+8+1
dup1+5+haarcascades/haarcascade_frontalface_alt_tree.xml+8+3
dup1+5+haarcascades/haarcascade_frontalface_alt_tree.xml+8+5
dup1+5+haarcascades/haarcascade_frontalface_alt_tree.xml+8+7
dup1+5+haarcascades/haarcascade_frontalface_alt_tree.xml+8+9
dup1+5+haarcascades/haarcascade_frontalface_alt_tree.xml+10+1
dup1+5+haarcascades/haarcascade_frontalface_alt_tree.xml+10+3
dup1+5+haarcascades/haarcascade_frontalface_alt_tree.xml+10+5
dup1+5+haarcascades/haarcascade_frontalface_alt_tree.xml+10+7
dup1+5+haarcascades/haarcascade_frontalface_alt_tree.xml+10+9
dup1+5+haarcascades/haarcascade_frontalface_alt_tree.xml+20+1
dup1+5+haarcascades/haarcascade_frontalface_alt_tree.xml+20+3
dup1+5+haarcascades/haarcascade_frontalface_alt_tree.xml+20+5
dup1+5+haarcascades/haarcascade_frontalface_alt_tree.xml+20+7
dup1+5+haarcascades/haarcascade_frontalface_alt_tree.xml+20+9
dup1+5+haarcascades/haarcascade_frontalface_alt_tree.xml+30+1
dup1+5+haarcascades/haarcascade_frontalface_alt_tree.xml+30+3
dup1+5+haarcascades/haarcascade_frontalface_alt_tree.xml+30+5
dup1+5+haarcascades/haarcascade_frontalface_alt_tree.xml+30+7
dup1+5+haarcascades/haarcascade_frontalface_alt_tree.xml+30+9
dup1+7.5+lbpcascades/lbpcascade_frontalface.xml+1+1
dup1+7.5+lbpcascades/lbpcascade_frontalface.xml+1+3
dup1+7.5+lbpcascades/lbpcascade_frontalface.xml+1+5
dup1+7.5+lbpcascades/lbpcascade_frontalface.xml+1+7
dup1+7.5+lbpcascades/lbpcascade_frontalface.xml+1+9
dup1+7.5+lbpcascades/lbpcascade_frontalface.xml+3+1
dup1+7.5+lbpcascades/lbpcascade_frontalface.xml+3+3
dup1+7.5+lbpcascades/lbpcascade_frontalface.xml+3+5
dup1+7.5+lbpcascades/lbpcascade_frontalface.xml+3+7
dup1+7.5+lbpcascades/lbpcascade_frontalface.xml+3+9
dup1+7.5+lbpcascades/lbpcascade_frontalface.xml+5+1
dup1+7.5+lbpcascades/lbpcascade_frontalface.xml+5+3
dup1+7.5+lbpcascades/lbpcascade_frontalface.xml+5+5
dup1+7.5+lbpcascades/lbpcascade_frontalface.xml+5+7
dup1+7.5+lbpcascades/lbpcascade_frontalface.xml+5+9
dup1+7.5+lbpcascades/lbpcascade_frontalface.xml+7+1
dup1+7.5+lbpcascades/lbpcascade_frontalface.xml+7+3
dup1+7.5+lbpcascades/lbpcascade_frontalface.xml+7+5
dup1+7.5+lbpcascades/lbpcascade_frontalface.xml+7+7
dup1+7.5+lbpcascades/lbpcascade_frontalface.xml+7+9
dup1+7.5+lbpcascades/lbpcascade_frontalface.xml+8+1
dup1+7.5+lbpcascades/lbpcascade_frontalface.xml+8+3
dup1+7.5+lbpcascades/lbpcascade_frontalface.xml+8+5
dup1+7.5+lbpcascades/lbpcascade_frontalface.xml+8+7
dup1+7.5+lbpcascades/lbpcascade_frontalface.xml+8+9
dup1+7.5+lbpcascades/lbpcascade_frontalface.xml+10+1
dup1+7.5+lbpcascades/lbpcascade_frontalface.xml+10+3
dup1+7.5+lbpcascades/lbpcascade_frontalface.xml+10+5
dup1+7.5+lbpcascades/lbpcascade_frontalface.xml+10+7
dup1+7.5+lbpcascades/lbpcascade_frontalface.xml+10+9
dup1+7.5+lbpcascades/lbpcascade_frontalface.xml+20+1
dup1+7.5+lbpcascades/lbpcascade_frontalface.xml+20+3
dup1+7.5+lbpcascades/lbpcascade_frontalface.xml+20+5
dup1+7.5+lbpcascades/lbpcascade_frontalface.xml+20+7
dup1+7.5+lbpcascades/lbpcascade_frontalface.xml+20+9
dup1+7.5+lbpcascades/lbpcascade_frontalface.xml+30+1
dup1+7.5+lbpcascades/lbpcascade_frontalface.xml+30+3
dup1+7.5+lbpcascades/lbpcascade_frontalface.xml+30+5
dup1+7.5+lbpcascades/lbpcascade_frontalface.xml+30+7
dup1+7.5+lbpcascades/lbpcascade_frontalface.xml+30+9
dup1+7.5+lbpcascades/lbpcascade_frontalface_improved.xml+1+1
dup1+7.5+lbpcascades/lbpcascade_frontalface_improved.xml+1+3
dup1+7.5+lbpcascades/lbpcascade_frontalface_improved.xml+1+5
dup1+7.5+lbpcascades/lbpcascade_frontalface_improved.xml+1+7
dup1+7.5+lbpcascades/lbpcascade_frontalface_improved.xml+1+9
dup1+7.5+lbpcascades/lbpcascade_frontalface_improved.xml+3+1
dup1+7.5+lbpcascades/lbpcascade_frontalface_improved.xml+3+3
dup1+7.5+lbpcascades/lbpcascade_frontalface_improved.xml+3+5
dup1+7.5+lbpcascades/lbpcascade_frontalface_improved.xml+3+7
dup1+7.5+lbpcascades/lbpcascade_frontalface_improved.xml+3+9
dup1+7.5+lbpcascades/lbpcascade_frontalface_improved.xml+5+1
dup1+7.5+lbpcascades/lbpcascade_frontalface_improved.xml+5+3
dup1+7.5+lbpcascades/lbpcascade_frontalface_improved.xml+5+5
dup1+7.5+lbpcascades/lbpcascade_frontalface_improved.xml+5+7
dup1+7.5+lbpcascades/lbpcascade_frontalface_improved.xml+5+9
dup1+7.5+lbpcascades/lbpcascade_frontalface_improved.xml+7+1
dup1+7.5+lbpcascades/lbpcascade_frontalface_improved.xml+7+3
dup1+7.5+lbpcascades/lbpcascade_frontalface_improved.xml+7+5
dup1+7.5+lbpcascades/lbpcascade_frontalface_improved.xml+7+7
dup1+7.5+lbpcascades/lbpcascade_frontalface_improved.xml+7+9
dup1+7.5+lbpcascades/lbpcascade_frontalface_improved.xml+8+1
dup1+7.5+lbpcascades/lbpcascade_frontalface_improved.xml+8+3
dup1+7.5+lbpcascades/lbpcascade_frontalface_improved.xml+8+5
dup1+7.5+lbpcascades/lbpcascade_frontalface_improved.xml+8+7
dup1+7.5+lbpcascades/lbpcascade_frontalface_improved.xml+8+9
dup1+7.5+lbpcascades/lbpcascade_frontalface_improved.xml+10+1
dup1+7.5+lbpcascades/lbpcascade_frontalface_improved.xml+10+3
dup1+7.5+lbpcascades/lbpcascade_frontalface_improved.xml+10+5
dup1+7.5+lbpcascades/lbpcascade_frontalface_improved.xml+10+7
dup1+7.5+lbpcascades/lbpcascade_frontalface_improved.xml+10+9
dup1+7.5+lbpcascades/lbpcascade_frontalface_improved.xml+20+1
dup1+7.5+lbpcascades/lbpcascade_frontalface_improved.xml+20+3
dup1+7.5+lbpcascades/lbpcascade_frontalface_improved.xml+20+5
dup1+7.5+lbpcascades/lbpcascade_frontalface_improved.xml+20+7
dup1+7.5+lbpcascades/lbpcascade_frontalface_improved.xml+20+9
dup1+7.5+lbpcascades/lbpcascade_frontalface_improved.xml+30+1
dup1+7.5+lbpcascades/lbpcascade_frontalface_improved.xml+30+3
dup1+7.5+lbpcascades/lbpcascade_frontalface_improved.xml+30+5
dup1+7.5+lbpcascades/lbpcascade_frontalface_improved.xml+30+7
dup1+7.5+lbpcascades/lbpcascade_frontalface_improved.xml+30+9
dup1+7.5+haarcascades/haarcascade_frontalface_default.xml+1+1
dup1+7.5+haarcascades/haarcascade_frontalface_default.xml+1+3
dup1+7.5+haarcascades/haarcascade_frontalface_default.xml+1+5
dup1+7.5+haarcascades/haarcascade_frontalface_default.xml+1+7
dup1+7.5+haarcascades/haarcascade_frontalface_default.xml+1+9
dup1+7.5+haarcascades/haarcascade_frontalface_default.xml+3+1
dup1+7.5+haarcascades/haarcascade_frontalface_default.xml+3+3
dup1+7.5+haarcascades/haarcascade_frontalface_default.xml+3+5
dup1+7.5+haarcascades/haarcascade_frontalface_default.xml+3+7
dup1+7.5+haarcascades/haarcascade_frontalface_default.xml+3+9
dup1+7.5+haarcascades/haarcascade_frontalface_default.xml+5+1
dup1+7.5+haarcascades/haarcascade_frontalface_default.xml+5+3
dup1+7.5+haarcascades/haarcascade_frontalface_default.xml+5+5
dup1+7.5+haarcascades/haarcascade_frontalface_default.xml+5+7
dup1+7.5+haarcascades/haarcascade_frontalface_default.xml+5+9
dup1+7.5+haarcascades/haarcascade_frontalface_default.xml+7+1
dup1+7.5+haarcascades/haarcascade_frontalface_default.xml+7+3
dup1+7.5+haarcascades/haarcascade_frontalface_default.xml+7+5
dup1+7.5+haarcascades/haarcascade_frontalface_default.xml+7+7
dup1+7.5+haarcascades/haarcascade_frontalface_default.xml+7+9
dup1+7.5+haarcascades/haarcascade_frontalface_default.xml+8+1
dup1+7.5+haarcascades/haarcascade_frontalface_default.xml+8+3
dup1+7.5+haarcascades/haarcascade_frontalface_default.xml+8+5
dup1+7.5+haarcascades/haarcascade_frontalface_default.xml+8+7
dup1+7.5+haarcascades/haarcascade_frontalface_default.xml+8+9
dup1+7.5+haarcascades/haarcascade_frontalface_default.xml+10+1
dup1+7.5+haarcascades/haarcascade_frontalface_default.xml+10+3
dup1+7.5+haarcascades/haarcascade_frontalface_default.xml+10+5
dup1+7.5+haarcascades/haarcascade_frontalface_default.xml+10+7
dup1+7.5+haarcascades/haarcascade_frontalface_default.xml+10+9
dup1+7.5+haarcascades/haarcascade_frontalface_default.xml+20+1
dup1+7.5+haarcascades/haarcascade_frontalface_default.xml+20+3
dup1+7.5+haarcascades/haarcascade_frontalface_default.xml+20+5
dup1+7.5+haarcascades/haarcascade_frontalface_default.xml+20+7
dup1+7.5+haarcascades/haarcascade_frontalface_default.xml+20+9
dup1+7.5+haarcascades/haarcascade_frontalface_default.xml+30+1
dup1+7.5+haarcascades/haarcascade_frontalface_default.xml+30+3
dup1+7.5+haarcascades/haarcascade_frontalface_default.xml+30+5
dup1+7.5+haarcascades/haarcascade_frontalface_default.xml+30+7
dup1+7.5+haarcascades/haarcascade_frontalface_default.xml+30+9
dup1+7.5+haarcascades/haarcascade_frontalface_alt.xml+1+1
dup1+7.5+haarcascades/haarcascade_frontalface_alt.xml+1+3
dup1+7.5+haarcascades/haarcascade_frontalface_alt.xml+1+5
dup1+7.5+haarcascades/haarcascade_frontalface_alt.xml+1+7
dup1+7.5+haarcascades/haarcascade_frontalface_alt.xml+1+9
dup1+7.5+haarcascades/haarcascade_frontalface_alt.xml+3+1
dup1+7.5+haarcascades/haarcascade_frontalface_alt.xml+3+3
dup1+7.5+haarcascades/haarcascade_frontalface_alt.xml+3+5
dup1+7.5+haarcascades/haarcascade_frontalface_alt.xml+3+7
dup1+7.5+haarcascades/haarcascade_frontalface_alt.xml+3+9
dup1+7.5+haarcascades/haarcascade_frontalface_alt.xml+5+1
dup1+7.5+haarcascades/haarcascade_frontalface_alt.xml+5+3
dup1+7.5+haarcascades/haarcascade_frontalface_alt.xml+5+5
dup1+7.5+haarcascades/haarcascade_frontalface_alt.xml+5+7
dup1+7.5+haarcascades/haarcascade_frontalface_alt.xml+5+9
dup1+7.5+haarcascades/haarcascade_frontalface_alt.xml+7+1
dup1+7.5+haarcascades/haarcascade_frontalface_alt.xml+7+3
dup1+7.5+haarcascades/haarcascade_frontalface_alt.xml+7+5
dup1+7.5+haarcascades/haarcascade_frontalface_alt.xml+7+7
dup1+7.5+haarcascades/haarcascade_frontalface_alt.xml+7+9
dup1+7.5+haarcascades/haarcascade_frontalface_alt.xml+8+1
dup1+7.5+haarcascades/haarcascade_frontalface_alt.xml+8+3
dup1+7.5+haarcascades/haarcascade_frontalface_alt.xml+8+5
dup1+7.5+haarcascades/haarcascade_frontalface_alt.xml+8+7
dup1+7.5+haarcascades/haarcascade_frontalface_alt.xml+8+9
dup1+7.5+haarcascades/haarcascade_frontalface_alt.xml+10+1
dup1+7.5+haarcascades/haarcascade_frontalface_alt.xml+10+3
dup1+7.5+haarcascades/haarcascade_frontalface_alt.xml+10+5
dup1+7.5+haarcascades/haarcascade_frontalface_alt.xml+10+7
dup1+7.5+haarcascades/haarcascade_frontalface_alt.xml+10+9
dup1+7.5+haarcascades/haarcascade_frontalface_alt.xml+20+1
dup1+7.5+haarcascades/haarcascade_frontalface_alt.xml+20+3
dup1+7.5+haarcascades/haarcascade_frontalface_alt.xml+20+5
dup1+7.5+haarcascades/haarcascade_frontalface_alt.xml+20+7
dup1+7.5+haarcascades/haarcascade_frontalface_alt.xml+20+9
dup1+7.5+haarcascades/haarcascade_frontalface_alt.xml+30+1
dup1+7.5+haarcascades/haarcascade_frontalface_alt.xml+30+3
dup1+7.5+haarcascades/haarcascade_frontalface_alt.xml+30+5
dup1+7.5+haarcascades/haarcascade_frontalface_alt.xml+30+7
dup1+7.5+haarcascades/haarcascade_frontalface_alt.xml+30+9
dup1+7.5+haarcascades/haarcascade_frontalface_alt2.xml+1+1
dup1+7.5+haarcascades/haarcascade_frontalface_alt2.xml+1+3
dup1+7.5+haarcascades/haarcascade_frontalface_alt2.xml+1+5
dup1+7.5+haarcascades/haarcascade_frontalface_alt2.xml+1+7
dup1+7.5+haarcascades/haarcascade_frontalface_alt2.xml+1+9
dup1+7.5+haarcascades/haarcascade_frontalface_alt2.xml+3+1
dup1+7.5+haarcascades/haarcascade_frontalface_alt2.xml+3+3
dup1+7.5+haarcascades/haarcascade_frontalface_alt2.xml+3+5
dup1+7.5+haarcascades/haarcascade_frontalface_alt2.xml+3+7
dup1+7.5+haarcascades/haarcascade_frontalface_alt2.xml+3+9
dup1+7.5+haarcascades/haarcascade_frontalface_alt2.xml+5+1
dup1+7.5+haarcascades/haarcascade_frontalface_alt2.xml+5+3
dup1+7.5+haarcascades/haarcascade_frontalface_alt2.xml+5+5
dup1+7.5+haarcascades/haarcascade_frontalface_alt2.xml+5+7
dup1+7.5+haarcascades/haarcascade_frontalface_alt2.xml+5+9
dup1+7.5+haarcascades/haarcascade_frontalface_alt2.xml+7+1
dup1+7.5+haarcascades/haarcascade_frontalface_alt2.xml+7+3
dup1+7.5+haarcascades/haarcascade_frontalface_alt2.xml+7+5
dup1+7.5+haarcascades/haarcascade_frontalface_alt2.xml+7+7
dup1+7.5+haarcascades/haarcascade_frontalface_alt2.xml+7+9
dup1+7.5+haarcascades/haarcascade_frontalface_alt2.xml+8+1
dup1+7.5+haarcascades/haarcascade_frontalface_alt2.xml+8+3
dup1+7.5+haarcascades/haarcascade_frontalface_alt2.xml+8+5
dup1+7.5+haarcascades/haarcascade_frontalface_alt2.xml+8+7
dup1+7.5+haarcascades/haarcascade_frontalface_alt2.xml+8+9
dup1+7.5+haarcascades/haarcascade_frontalface_alt2.xml+10+1
dup1+7.5+haarcascades/haarcascade_frontalface_alt2.xml+10+3
dup1+7.5+haarcascades/haarcascade_frontalface_alt2.xml+10+5
dup1+7.5+haarcascades/haarcascade_frontalface_alt2.xml+10+7
dup1+7.5+haarcascades/haarcascade_frontalface_alt2.xml+10+9
dup1+7.5+haarcascades/haarcascade_frontalface_alt2.xml+20+1
dup1+7.5+haarcascades/haarcascade_frontalface_alt2.xml+20+3
dup1+7.5+haarcascades/haarcascade_frontalface_alt2.xml+20+5
dup1+7.5+haarcascades/haarcascade_frontalface_alt2.xml+20+7
dup1+7.5+haarcascades/haarcascade_frontalface_alt2.xml+20+9
dup1+7.5+haarcascades/haarcascade_frontalface_alt2.xml+30+1
dup1+7.5+haarcascades/haarcascade_frontalface_alt2.xml+30+3
dup1+7.5+haarcascades/haarcascade_frontalface_alt2.xml+30+5
dup1+7.5+haarcascades/haarcascade_frontalface_alt2.xml+30+7
dup1+7.5+haarcascades/haarcascade_frontalface_alt2.xml+30+9
dup1+7.5+haarcascades/haarcascade_frontalface_alt_tree.xml+1+1
dup1+7.5+haarcascades/haarcascade_frontalface_alt_tree.xml+1+3
dup1+7.5+haarcascades/haarcascade_frontalface_alt_tree.xml+1+5
dup1+7.5+haarcascades/haarcascade_frontalface_alt_tree.xml+1+7
dup1+7.5+haarcascades/haarcascade_frontalface_alt_tree.xml+1+9
dup1+7.5+haarcascades/haarcascade_frontalface_alt_tree.xml+3+1
dup1+7.5+haarcascades/haarcascade_frontalface_alt_tree.xml+3+3
dup1+7.5+haarcascades/haarcascade_frontalface_alt_tree.xml+3+5
dup1+7.5+haarcascades/haarcascade_frontalface_alt_tree.xml+3+7
dup1+7.5+haarcascades/haarcascade_frontalface_alt_tree.xml+3+9
dup1+7.5+haarcascades/haarcascade_frontalface_alt_tree.xml+5+1
dup1+7.5+haarcascades/haarcascade_frontalface_alt_tree.xml+5+3
dup1+7.5+haarcascades/haarcascade_frontalface_alt_tree.xml+5+5
dup1+7.5+haarcascades/haarcascade_frontalface_alt_tree.xml+5+7
dup1+7.5+haarcascades/haarcascade_frontalface_alt_tree.xml+5+9
dup1+7.5+haarcascades/haarcascade_frontalface_alt_tree.xml+7+1
dup1+7.5+haarcascades/haarcascade_frontalface_alt_tree.xml+7+3
dup1+7.5+haarcascades/haarcascade_frontalface_alt_tree.xml+7+5
dup1+7.5+haarcascades/haarcascade_frontalface_alt_tree.xml+7+7
dup1+7.5+haarcascades/haarcascade_frontalface_alt_tree.xml+7+9
dup1+7.5+haarcascades/haarcascade_frontalface_alt_tree.xml+8+1
dup1+7.5+haarcascades/haarcascade_frontalface_alt_tree.xml+8+3
dup1+7.5+haarcascades/haarcascade_frontalface_alt_tree.xml+8+5
dup1+7.5+haarcascades/haarcascade_frontalface_alt_tree.xml+8+7
dup1+7.5+haarcascades/haarcascade_frontalface_alt_tree.xml+8+9
dup1+7.5+haarcascades/haarcascade_frontalface_alt_tree.xml+10+1
dup1+7.5+haarcascades/haarcascade_frontalface_alt_tree.xml+10+3
dup1+7.5+haarcascades/haarcascade_frontalface_alt_tree.xml+10+5
dup1+7.5+haarcascades/haarcascade_frontalface_alt_tree.xml+10+7
dup1+7.5+haarcascades/haarcascade_frontalface_alt_tree.xml+10+9
dup1+7.5+haarcascades/haarcascade_frontalface_alt_tree.xml+20+1
dup1+7.5+haarcascades/haarcascade_frontalface_alt_tree.xml+20+3
dup1+7.5+haarcascades/haarcascade_frontalface_alt_tree.xml+20+5
dup1+7.5+haarcascades/haarcascade_frontalface_alt_tree.xml+20+7
dup1+7.5+haarcascades/haarcascade_frontalface_alt_tree.xml+20+9
dup1+7.5+haarcascades/haarcascade_frontalface_alt_tree.xml+30+1
dup1+7.5+haarcascades/haarcascade_frontalface_alt_tree.xml+30+3
dup1+7.5+haarcascades/haarcascade_frontalface_alt_tree.xml+30+5
dup1+7.5+haarcascades/haarcascade_frontalface_alt_tree.xml+30+7
dup1+7.5+haarcascades/haarcascade_frontalface_alt_tree.xml+30+9
dup2+1+lbpcascades/lbpcascade_frontalface.xml+1+1
dup2+1+lbpcascades/lbpcascade_frontalface.xml+1+3
dup2+1+lbpcascades/lbpcascade_frontalface.xml+1+5
dup2+1+lbpcascades/lbpcascade_frontalface.xml+1+7
dup2+1+lbpcascades/lbpcascade_frontalface.xml+1+9
dup2+1+lbpcascades/lbpcascade_frontalface.xml+3+1
dup2+1+lbpcascades/lbpcascade_frontalface.xml+3+3
dup2+1+lbpcascades/lbpcascade_frontalface.xml+3+5
dup2+1+lbpcascades/lbpcascade_frontalface.xml+3+7
dup2+1+lbpcascades/lbpcascade_frontalface.xml+3+9
dup2+1+lbpcascades/lbpcascade_frontalface.xml+5+1
dup2+1+lbpcascades/lbpcascade_frontalface.xml+5+3
dup2+1+lbpcascades/lbpcascade_frontalface.xml+5+5
dup2+1+lbpcascades/lbpcascade_frontalface.xml+5+7
dup2+1+lbpcascades/lbpcascade_frontalface.xml+5+9
dup2+1+lbpcascades/lbpcascade_frontalface.xml+7+1
dup2+1+lbpcascades/lbpcascade_frontalface.xml+7+3
dup2+1+lbpcascades/lbpcascade_frontalface.xml+7+5
dup2+1+lbpcascades/lbpcascade_frontalface.xml+7+7
dup2+1+lbpcascades/lbpcascade_frontalface.xml+7+9
dup2+1+lbpcascades/lbpcascade_frontalface.xml+8+1
dup2+1+lbpcascades/lbpcascade_frontalface.xml+8+3
dup2+1+lbpcascades/lbpcascade_frontalface.xml+8+5
dup2+1+lbpcascades/lbpcascade_frontalface.xml+8+7
dup2+1+lbpcascades/lbpcascade_frontalface.xml+8+9
dup2+1+lbpcascades/lbpcascade_frontalface.xml+10+1
dup2+1+lbpcascades/lbpcascade_frontalface.xml+10+3
dup2+1+lbpcascades/lbpcascade_frontalface.xml+10+5
dup2+1+lbpcascades/lbpcascade_frontalface.xml+10+7
dup2+1+lbpcascades/lbpcascade_frontalface.xml+10+9
dup2+1+lbpcascades/lbpcascade_frontalface.xml+20+1
dup2+1+lbpcascades/lbpcascade_frontalface.xml+20+3
dup2+1+lbpcascades/lbpcascade_frontalface.xml+20+5
dup2+1+lbpcascades/lbpcascade_frontalface.xml+20+7
dup2+1+lbpcascades/lbpcascade_frontalface.xml+20+9
dup2+1+lbpcascades/lbpcascade_frontalface.xml+30+1
dup2+1+lbpcascades/lbpcascade_frontalface.xml+30+3
dup2+1+lbpcascades/lbpcascade_frontalface.xml+30+5
dup2+1+lbpcascades/lbpcascade_frontalface.xml+30+7
dup2+1+lbpcascades/lbpcascade_frontalface.xml+30+9
dup2+1+lbpcascades/lbpcascade_frontalface_improved.xml+1+1
dup2+1+lbpcascades/lbpcascade_frontalface_improved.xml+1+3
dup2+1+lbpcascades/lbpcascade_frontalface_improved.xml+1+5
dup2+1+lbpcascades/lbpcascade_frontalface_improved.xml+1+7
dup2+1+lbpcascades/lbpcascade_frontalface_improved.xml+1+9
dup2+1+lbpcascades/lbpcascade_frontalface_improved.xml+3+1
dup2+1+lbpcascades/lbpcascade_frontalface_improved.xml+3+3
dup2+1+lbpcascades/lbpcascade_frontalface_improved.xml+3+5
dup2+1+lbpcascades/lbpcascade_frontalface_improved.xml+3+7
dup2+1+lbpcascades/lbpcascade_frontalface_improved.xml+3+9
dup2+1+lbpcascades/lbpcascade_frontalface_improved.xml+5+1
dup2+1+lbpcascades/lbpcascade_frontalface_improved.xml+5+3
dup2+1+lbpcascades/lbpcascade_frontalface_improved.xml+5+5
dup2+1+lbpcascades/lbpcascade_frontalface_improved.xml+5+7
dup2+1+lbpcascades/lbpcascade_frontalface_improved.xml+5+9
dup2+1+lbpcascades/lbpcascade_frontalface_improved.xml+7+1
dup2+1+lbpcascades/lbpcascade_frontalface_improved.xml+7+3
dup2+1+lbpcascades/lbpcascade_frontalface_improved.xml+7+5
dup2+1+lbpcascades/lbpcascade_frontalface_improved.xml+7+7
dup2+1+lbpcascades/lbpcascade_frontalface_improved.xml+7+9
dup2+1+lbpcascades/lbpcascade_frontalface_improved.xml+8+1
dup2+1+lbpcascades/lbpcascade_frontalface_improved.xml+8+3
dup2+1+lbpcascades/lbpcascade_frontalface_improved.xml+8+5
dup2+1+lbpcascades/lbpcascade_frontalface_improved.xml+8+7
dup2+1+lbpcascades/lbpcascade_frontalface_improved.xml+8+9
dup2+1+lbpcascades/lbpcascade_frontalface_improved.xml+10+1
dup2+1+lbpcascades/lbpcascade_frontalface_improved.xml+10+3
dup2+1+lbpcascades/lbpcascade_frontalface_improved.xml+10+5
dup2+1+lbpcascades/lbpcascade_frontalface_improved.xml+10+7
dup2+1+lbpcascades/lbpcascade_frontalface_improved.xml+10+9
dup2+1+lbpcascades/lbpcascade_frontalface_improved.xml+20+1
dup2+1+lbpcascades/lbpcascade_frontalface_improved.xml+20+3
dup2+1+lbpcascades/lbpcascade_frontalface_improved.xml+20+5
dup2+1+lbpcascades/lbpcascade_frontalface_improved.xml+20+7
dup2+1+lbpcascades/lbpcascade_frontalface_improved.xml+20+9
dup2+1+lbpcascades/lbpcascade_frontalface_improved.xml+30+1
dup2+1+lbpcascades/lbpcascade_frontalface_improved.xml+30+3
dup2+1+lbpcascades/lbpcascade_frontalface_improved.xml+30+5
dup2+1+lbpcascades/lbpcascade_frontalface_improved.xml+30+7
dup2+1+lbpcascades/lbpcascade_frontalface_improved.xml+30+9
dup2+1+haarcascades/haarcascade_frontalface_default.xml+1+1
dup2+1+haarcascades/haarcascade_frontalface_default.xml+1+3
dup2+1+haarcascades/haarcascade_frontalface_default.xml+1+5
dup2+1+haarcascades/haarcascade_frontalface_default.xml+1+7
dup2+1+haarcascades/haarcascade_frontalface_default.xml+1+9
dup2+1+haarcascades/haarcascade_frontalface_default.xml+3+1
dup2+1+haarcascades/haarcascade_frontalface_default.xml+3+3
dup2+1+haarcascades/haarcascade_frontalface_default.xml+3+5
dup2+1+haarcascades/haarcascade_frontalface_default.xml+3+7
dup2+1+haarcascades/haarcascade_frontalface_default.xml+3+9
dup2+1+haarcascades/haarcascade_frontalface_default.xml+5+1
dup2+1+haarcascades/haarcascade_frontalface_default.xml+5+3
dup2+1+haarcascades/haarcascade_frontalface_default.xml+5+5
dup2+1+haarcascades/haarcascade_frontalface_default.xml+5+7
dup2+1+haarcascades/haarcascade_frontalface_default.xml+5+9
dup2+1+haarcascades/haarcascade_frontalface_default.xml+7+1
dup2+1+haarcascades/haarcascade_frontalface_default.xml+7+3
dup2+1+haarcascades/haarcascade_frontalface_default.xml+7+5
dup2+1+haarcascades/haarcascade_frontalface_default.xml+7+7
dup2+1+haarcascades/haarcascade_frontalface_default.xml+7+9
dup2+1+haarcascades/haarcascade_frontalface_default.xml+8+1
dup2+1+haarcascades/haarcascade_frontalface_default.xml+8+3
dup2+1+haarcascades/haarcascade_frontalface_default.xml+8+5
dup2+1+haarcascades/haarcascade_frontalface_default.xml+8+7
dup2+1+haarcascades/haarcascade_frontalface_default.xml+8+9
dup2+1+haarcascades/haarcascade_frontalface_default.xml+10+1
dup2+1+haarcascades/haarcascade_frontalface_default.xml+10+3
dup2+1+haarcascades/haarcascade_frontalface_default.xml+10+5
dup2+1+haarcascades/haarcascade_frontalface_default.xml+10+7
dup2+1+haarcascades/haarcascade_frontalface_default.xml+10+9
dup2+1+haarcascades/haarcascade_frontalface_default.xml+20+1
dup2+1+haarcascades/haarcascade_frontalface_default.xml+20+3
dup2+1+haarcascades/haarcascade_frontalface_default.xml+20+5
dup2+1+haarcascades/haarcascade_frontalface_default.xml+20+7
dup2+1+haarcascades/haarcascade_frontalface_default.xml+20+9
dup2+1+haarcascades/haarcascade_frontalface_default.xml+30+1
dup2+1+haarcascades/haarcascade_frontalface_default.xml+30+3
dup2+1+haarcascades/haarcascade_frontalface_default.xml+30+5
dup2+1+haarcascades/haarcascade_frontalface_default.xml+30+7
dup2+1+haarcascades/haarcascade_frontalface_default.xml+30+9
dup2+1+haarcascades/haarcascade_frontalface_alt.xml+1+1
dup2+1+haarcascades/haarcascade_frontalface_alt.xml+1+3
dup2+1+haarcascades/haarcascade_frontalface_alt.xml+1+5
dup2+1+haarcascades/haarcascade_frontalface_alt.xml+1+7
dup2+1+haarcascades/haarcascade_frontalface_alt.xml+1+9
dup2+1+haarcascades/haarcascade_frontalface_alt.xml+3+1
dup2+1+haarcascades/haarcascade_frontalface_alt.xml+3+3
dup2+1+haarcascades/haarcascade_frontalface_alt.xml+3+5
dup2+1+haarcascades/haarcascade_frontalface_alt.xml+3+7
dup2+1+haarcascades/haarcascade_frontalface_alt.xml+3+9
dup2+1+haarcascades/haarcascade_frontalface_alt.xml+5+1
dup2+1+haarcascades/haarcascade_frontalface_alt.xml+5+3
dup2+1+haarcascades/haarcascade_frontalface_alt.xml+5+5
dup2+1+haarcascades/haarcascade_frontalface_alt.xml+5+7
dup2+1+haarcascades/haarcascade_frontalface_alt.xml+5+9
dup2+1+haarcascades/haarcascade_frontalface_alt.xml+7+1
dup2+1+haarcascades/haarcascade_frontalface_alt.xml+7+3
dup2+1+haarcascades/haarcascade_frontalface_alt.xml+7+5
dup2+1+haarcascades/haarcascade_frontalface_alt.xml+7+7
dup2+1+haarcascades/haarcascade_frontalface_alt.xml+7+9
dup2+1+haarcascades/haarcascade_frontalface_alt.xml+8+1
dup2+1+haarcascades/haarcascade_frontalface_alt.xml+8+3
dup2+1+haarcascades/haarcascade_frontalface_alt.xml+8+5
dup2+1+haarcascades/haarcascade_frontalface_alt.xml+8+7
dup2+1+haarcascades/haarcascade_frontalface_alt.xml+8+9
dup2+1+haarcascades/haarcascade_frontalface_alt.xml+10+1
dup2+1+haarcascades/haarcascade_frontalface_alt.xml+10+3
dup2+1+haarcascades/haarcascade_frontalface_alt.xml+10+5
dup2+1+haarcascades/haarcascade_frontalface_alt.xml+10+7
dup2+1+haarcascades/haarcascade_frontalface_alt.xml+10+9
dup2+1+haarcascades/haarcascade_frontalface_alt.xml+20+1
dup2+1+haarcascades/haarcascade_frontalface_alt.xml+20+3
dup2+1+haarcascades/haarcascade_frontalface_alt.xml+20+5
dup2+1+haarcascades/haarcascade_frontalface_alt.xml+20+7
dup2+1+haarcascades/haarcascade_frontalface_alt.xml+20+9
dup2+1+haarcascades/haarcascade_frontalface_alt.xml+30+1
dup2+1+haarcascades/haarcascade_frontalface_alt.xml+30+3
dup2+1+haarcascades/haarcascade_frontalface_alt.xml+30+5
dup2+1+haarcascades/haarcascade_frontalface_alt.xml+30+7
dup2+1+haarcascades/haarcascade_frontalface_alt.xml+30+9
dup2+1+haarcascades/haarcascade_frontalface_alt2.xml+1+1
dup2+1+haarcascades/haarcascade_frontalface_alt2.xml+1+3
dup2+1+haarcascades/haarcascade_frontalface_alt2.xml+1+5
dup2+1+haarcascades/haarcascade_frontalface_alt2.xml+1+7
dup2+1+haarcascades/haarcascade_frontalface_alt2.xml+1+9
dup2+1+haarcascades/haarcascade_frontalface_alt2.xml+3+1
dup2+1+haarcascades/haarcascade_frontalface_alt2.xml+3+3
dup2+1+haarcascades/haarcascade_frontalface_alt2.xml+3+5
dup2+1+haarcascades/haarcascade_frontalface_alt2.xml+3+7
dup2+1+haarcascades/haarcascade_frontalface_alt2.xml+3+9
dup2+1+haarcascades/haarcascade_frontalface_alt2.xml+5+1
dup2+1+haarcascades/haarcascade_frontalface_alt2.xml+5+3
dup2+1+haarcascades/haarcascade_frontalface_alt2.xml+5+5
dup2+1+haarcascades/haarcascade_frontalface_alt2.xml+5+7
dup2+1+haarcascades/haarcascade_frontalface_alt2.xml+5+9
dup2+1+haarcascades/haarcascade_frontalface_alt2.xml+7+1
dup2+1+haarcascades/haarcascade_frontalface_alt2.xml+7+3
dup2+1+haarcascades/haarcascade_frontalface_alt2.xml+7+5
dup2+1+haarcascades/haarcascade_frontalface_alt2.xml+7+7
dup2+1+haarcascades/haarcascade_frontalface_alt2.xml+7+9
dup2+1+haarcascades/haarcascade_frontalface_alt2.xml+8+1
dup2+1+haarcascades/haarcascade_frontalface_alt2.xml+8+3
dup2+1+haarcascades/haarcascade_frontalface_alt2.xml+8+5
dup2+1+haarcascades/haarcascade_frontalface_alt2.xml+8+7
dup2+1+haarcascades/haarcascade_frontalface_alt2.xml+8+9
dup2+1+haarcascades/haarcascade_frontalface_alt2.xml+10+1
dup2+1+haarcascades/haarcascade_frontalface_alt2.xml+10+3
dup2+1+haarcascades/haarcascade_frontalface_alt2.xml+10+5
dup2+1+haarcascades/haarcascade_frontalface_alt2.xml+10+7
dup2+1+haarcascades/haarcascade_frontalface_alt2.xml+10+9
dup2+1+haarcascades/haarcascade_frontalface_alt2.xml+20+1
dup2+1+haarcascades/haarcascade_frontalface_alt2.xml+20+3
dup2+1+haarcascades/haarcascade_frontalface_alt2.xml+20+5
dup2+1+haarcascades/haarcascade_frontalface_alt2.xml+20+7
dup2+1+haarcascades/haarcascade_frontalface_alt2.xml+20+9
dup2+1+haarcascades/haarcascade_frontalface_alt2.xml+30+1
dup2+1+haarcascades/haarcascade_frontalface_alt2.xml+30+3
dup2+1+haarcascades/haarcascade_frontalface_alt2.xml+30+5
dup2+1+haarcascades/haarcascade_frontalface_alt2.xml+30+7
dup2+1+haarcascades/haarcascade_frontalface_alt2.xml+30+9
dup2+1+haarcascades/haarcascade_frontalface_alt_tree.xml+1+1
dup2+1+haarcascades/haarcascade_frontalface_alt_tree.xml+1+3
dup2+1+haarcascades/haarcascade_frontalface_alt_tree.xml+1+5
dup2+1+haarcascades/haarcascade_frontalface_alt_tree.xml+1+7
dup2+1+haarcascades/haarcascade_frontalface_alt_tree.xml+1+9
dup2+1+haarcascades/haarcascade_frontalface_alt_tree.xml+3+1
dup2+1+haarcascades/haarcascade_frontalface_alt_tree.xml+3+3
dup2+1+haarcascades/haarcascade_frontalface_alt_tree.xml+3+5
dup2+1+haarcascades/haarcascade_frontalface_alt_tree.xml+3+7
dup2+1+haarcascades/haarcascade_frontalface_alt_tree.xml+3+9
dup2+1+haarcascades/haarcascade_frontalface_alt_tree.xml+5+1
dup2+1+haarcascades/haarcascade_frontalface_alt_tree.xml+5+3
dup2+1+haarcascades/haarcascade_frontalface_alt_tree.xml+5+5
dup2+1+haarcascades/haarcascade_frontalface_alt_tree.xml+5+7
dup2+1+haarcascades/haarcascade_frontalface_alt_tree.xml+5+9
dup2+1+haarcascades/haarcascade_frontalface_alt_tree.xml+7+1
dup2+1+haarcascades/haarcascade_frontalface_alt_tree.xml+7+3
dup2+1+haarcascades/haarcascade_frontalface_alt_tree.xml+7+5
dup2+1+haarcascades/haarcascade_frontalface_alt_tree.xml+7+7
dup2+1+haarcascades/haarcascade_frontalface_alt_tree.xml+7+9
dup2+1+haarcascades/haarcascade_frontalface_alt_tree.xml+8+1
dup2+1+haarcascades/haarcascade_frontalface_alt_tree.xml+8+3
dup2+1+haarcascades/haarcascade_frontalface_alt_tree.xml+8+5
dup2+1+haarcascades/haarcascade_frontalface_alt_tree.xml+8+7
dup2+1+haarcascades/haarcascade_frontalface_alt_tree.xml+8+9
dup2+1+haarcascades/haarcascade_frontalface_alt_tree.xml+10+1
dup2+1+haarcascades/haarcascade_frontalface_alt_tree.xml+10+3
dup2+1+haarcascades/haarcascade_frontalface_alt_tree.xml+10+5
dup2+1+haarcascades/haarcascade_frontalface_alt_tree.xml+10+7
dup2+1+haarcascades/haarcascade_frontalface_alt_tree.xml+10+9
dup2+1+haarcascades/haarcascade_frontalface_alt_tree.xml+20+1
dup2+1+haarcascades/haarcascade_frontalface_alt_tree.xml+20+3
dup2+1+haarcascades/haarcascade_frontalface_alt_tree.xml+20+5
dup2+1+haarcascades/haarcascade_frontalface_alt_tree.xml+20+7
dup2+1+haarcascades/haarcascade_frontalface_alt_tree.xml+20+9
dup2+1+haarcascades/haarcascade_frontalface_alt_tree.xml+30+1
dup2+1+haarcascades/haarcascade_frontalface_alt_tree.xml+30+3
dup2+1+haarcascades/haarcascade_frontalface_alt_tree.xml+30+5
dup2+1+haarcascades/haarcascade_frontalface_alt_tree.xml+30+7
dup2+1+haarcascades/haarcascade_frontalface_alt_tree.xml+30+9
dup2+1.25+lbpcascades/lbpcascade_frontalface.xml+1+1
dup2+1.25+lbpcascades/lbpcascade_frontalface.xml+1+3
dup2+1.25+lbpcascades/lbpcascade_frontalface.xml+1+5
dup2+1.25+lbpcascades/lbpcascade_frontalface.xml+1+7
dup2+1.25+lbpcascades/lbpcascade_frontalface.xml+1+9
dup2+1.25+lbpcascades/lbpcascade_frontalface.xml+3+1
dup2+1.25+lbpcascades/lbpcascade_frontalface.xml+3+3
dup2+1.25+lbpcascades/lbpcascade_frontalface.xml+3+5
dup2+1.25+lbpcascades/lbpcascade_frontalface.xml+3+7
dup2+1.25+lbpcascades/lbpcascade_frontalface.xml+3+9
dup2+1.25+lbpcascades/lbpcascade_frontalface.xml+5+1
dup2+1.25+lbpcascades/lbpcascade_frontalface.xml+5+3
dup2+1.25+lbpcascades/lbpcascade_frontalface.xml+5+5
dup2+1.25+lbpcascades/lbpcascade_frontalface.xml+5+7
dup2+1.25+lbpcascades/lbpcascade_frontalface.xml+5+9
dup2+1.25+lbpcascades/lbpcascade_frontalface.xml+7+1
dup2+1.25+lbpcascades/lbpcascade_frontalface.xml+7+3
dup2+1.25+lbpcascades/lbpcascade_frontalface.xml+7+5
dup2+1.25+lbpcascades/lbpcascade_frontalface.xml+7+7
dup2+1.25+lbpcascades/lbpcascade_frontalface.xml+7+9
dup2+1.25+lbpcascades/lbpcascade_frontalface.xml+8+1
dup2+1.25+lbpcascades/lbpcascade_frontalface.xml+8+3
dup2+1.25+lbpcascades/lbpcascade_frontalface.xml+8+5
dup2+1.25+lbpcascades/lbpcascade_frontalface.xml+8+7
dup2+1.25+lbpcascades/lbpcascade_frontalface.xml+8+9
dup2+1.25+lbpcascades/lbpcascade_frontalface.xml+10+1
dup2+1.25+lbpcascades/lbpcascade_frontalface.xml+10+3
dup2+1.25+lbpcascades/lbpcascade_frontalface.xml+10+5
dup2+1.25+lbpcascades/lbpcascade_frontalface.xml+10+7
dup2+1.25+lbpcascades/lbpcascade_frontalface.xml+10+9
dup2+1.25+lbpcascades/lbpcascade_frontalface.xml+20+1
dup2+1.25+lbpcascades/lbpcascade_frontalface.xml+20+3
dup2+1.25+lbpcascades/lbpcascade_frontalface.xml+20+5
dup2+1.25+lbpcascades/lbpcascade_frontalface.xml+20+7
dup2+1.25+lbpcascades/lbpcascade_frontalface.xml+20+9
dup2+1.25+lbpcascades/lbpcascade_frontalface.xml+30+1
dup2+1.25+lbpcascades/lbpcascade_frontalface.xml+30+3
dup2+1.25+lbpcascades/lbpcascade_frontalface.xml+30+5
dup2+1.25+lbpcascades/lbpcascade_frontalface.xml+30+7
dup2+1.25+lbpcascades/lbpcascade_frontalface.xml+30+9
dup2+1.25+lbpcascades/lbpcascade_frontalface_improved.xml+1+1
dup2+1.25+lbpcascades/lbpcascade_frontalface_improved.xml+1+3
dup2+1.25+lbpcascades/lbpcascade_frontalface_improved.xml+1+5
dup2+1.25+lbpcascades/lbpcascade_frontalface_improved.xml+1+7
dup2+1.25+lbpcascades/lbpcascade_frontalface_improved.xml+1+9
dup2+1.25+lbpcascades/lbpcascade_frontalface_improved.xml+3+1
dup2+1.25+lbpcascades/lbpcascade_frontalface_improved.xml+3+3
dup2+1.25+lbpcascades/lbpcascade_frontalface_improved.xml+3+5
dup2+1.25+lbpcascades/lbpcascade_frontalface_improved.xml+3+7
dup2+1.25+lbpcascades/lbpcascade_frontalface_improved.xml+3+9
dup2+1.25+lbpcascades/lbpcascade_frontalface_improved.xml+5+1
dup2+1.25+lbpcascades/lbpcascade_frontalface_improved.xml+5+3
dup2+1.25+lbpcascades/lbpcascade_frontalface_improved.xml+5+5
dup2+1.25+lbpcascades/lbpcascade_frontalface_improved.xml+5+7
dup2+1.25+lbpcascades/lbpcascade_frontalface_improved.xml+5+9
dup2+1.25+lbpcascades/lbpcascade_frontalface_improved.xml+7+1
dup2+1.25+lbpcascades/lbpcascade_frontalface_improved.xml+7+3
dup2+1.25+lbpcascades/lbpcascade_frontalface_improved.xml+7+5
dup2+1.25+lbpcascades/lbpcascade_frontalface_improved.xml+7+7
dup2+1.25+lbpcascades/lbpcascade_frontalface_improved.xml+7+9
dup2+1.25+lbpcascades/lbpcascade_frontalface_improved.xml+8+1
dup2+1.25+lbpcascades/lbpcascade_frontalface_improved.xml+8+3
dup2+1.25+lbpcascades/lbpcascade_frontalface_improved.xml+8+5
dup2+1.25+lbpcascades/lbpcascade_frontalface_improved.xml+8+7
dup2+1.25+lbpcascades/lbpcascade_frontalface_improved.xml+8+9
dup2+1.25+lbpcascades/lbpcascade_frontalface_improved.xml+10+1
dup2+1.25+lbpcascades/lbpcascade_frontalface_improved.xml+10+3
dup2+1.25+lbpcascades/lbpcascade_frontalface_improved.xml+10+5
dup2+1.25+lbpcascades/lbpcascade_frontalface_improved.xml+10+7
dup2+1.25+lbpcascades/lbpcascade_frontalface_improved.xml+10+9
dup2+1.25+lbpcascades/lbpcascade_frontalface_improved.xml+20+1
dup2+1.25+lbpcascades/lbpcascade_frontalface_improved.xml+20+3
dup2+1.25+lbpcascades/lbpcascade_frontalface_improved.xml+20+5
dup2+1.25+lbpcascades/lbpcascade_frontalface_improved.xml+20+7
dup2+1.25+lbpcascades/lbpcascade_frontalface_improved.xml+20+9
dup2+1.25+lbpcascades/lbpcascade_frontalface_improved.xml+30+1
dup2+1.25+lbpcascades/lbpcascade_frontalface_improved.xml+30+3
dup2+1.25+lbpcascades/lbpcascade_frontalface_improved.xml+30+5
dup2+1.25+lbpcascades/lbpcascade_frontalface_improved.xml+30+7
dup2+1.25+lbpcascades/lbpcascade_frontalface_improved.xml+30+9
dup2+1.25+haarcascades/haarcascade_frontalface_default.xml+1+1
dup2+1.25+haarcascades/haarcascade_frontalface_default.xml+1+3
dup2+1.25+haarcascades/haarcascade_frontalface_default.xml+1+5
dup2+1.25+haarcascades/haarcascade_frontalface_default.xml+1+7
dup2+1.25+haarcascades/haarcascade_frontalface_default.xml+1+9
dup2+1.25+haarcascades/haarcascade_frontalface_default.xml+3+1
dup2+1.25+haarcascades/haarcascade_frontalface_default.xml+3+3
dup2+1.25+haarcascades/haarcascade_frontalface_default.xml+3+5
dup2+1.25+haarcascades/haarcascade_frontalface_default.xml+3+7
dup2+1.25+haarcascades/haarcascade_frontalface_default.xml+3+9
dup2+1.25+haarcascades/haarcascade_frontalface_default.xml+5+1
dup2+1.25+haarcascades/haarcascade_frontalface_default.xml+5+3
dup2+1.25+haarcascades/haarcascade_frontalface_default.xml+5+5
dup2+1.25+haarcascades/haarcascade_frontalface_default.xml+5+7
dup2+1.25+haarcascades/haarcascade_frontalface_default.xml+5+9
dup2+1.25+haarcascades/haarcascade_frontalface_default.xml+7+1
dup2+1.25+haarcascades/haarcascade_frontalface_default.xml+7+3
dup2+1.25+haarcascades/haarcascade_frontalface_default.xml+7+5
dup2+1.25+haarcascades/haarcascade_frontalface_default.xml+7+7
dup2+1.25+haarcascades/haarcascade_frontalface_default.xml+7+9
dup2+1.25+haarcascades/haarcascade_frontalface_default.xml+8+1
dup2+1.25+haarcascades/haarcascade_frontalface_default.xml+8+3
dup2+1.25+haarcascades/haarcascade_frontalface_default.xml+8+5
dup2+1.25+haarcascades/haarcascade_frontalface_default.xml+8+7
dup2+1.25+haarcascades/haarcascade_frontalface_default.xml+8+9
dup2+1.25+haarcascades/haarcascade_frontalface_default.xml+10+1
dup2+1.25+haarcascades/haarcascade_frontalface_default.xml+10+3
dup2+1.25+haarcascades/haarcascade_frontalface_default.xml+10+5
dup2+1.25+haarcascades/haarcascade_frontalface_default.xml+10+7
dup2+1.25+haarcascades/haarcascade_frontalface_default.xml+10+9
dup2+1.25+haarcascades/haarcascade_frontalface_default.xml+20+1
dup2+1.25+haarcascades/haarcascade_frontalface_default.xml+20+3
dup2+1.25+haarcascades/haarcascade_frontalface_default.xml+20+5
dup2+1.25+haarcascades/haarcascade_frontalface_default.xml+20+7
dup2+1.25+haarcascades/haarcascade_frontalface_default.xml+20+9
dup2+1.25+haarcascades/haarcascade_frontalface_default.xml+30+1
dup2+1.25+haarcascades/haarcascade_frontalface_default.xml+30+3
dup2+1.25+haarcascades/haarcascade_frontalface_default.xml+30+5
dup2+1.25+haarcascades/haarcascade_frontalface_default.xml+30+7
dup2+1.25+haarcascades/haarcascade_frontalface_default.xml+30+9
dup2+1.25+haarcascades/haarcascade_frontalface_alt.xml+1+1
dup2+1.25+haarcascades/haarcascade_frontalface_alt.xml+1+3
dup2+1.25+haarcascades/haarcascade_frontalface_alt.xml+1+5
dup2+1.25+haarcascades/haarcascade_frontalface_alt.xml+1+7
dup2+1.25+haarcascades/haarcascade_frontalface_alt.xml+1+9
dup2+1.25+haarcascades/haarcascade_frontalface_alt.xml+3+1
dup2+1.25+haarcascades/haarcascade_frontalface_alt.xml+3+3
dup2+1.25+haarcascades/haarcascade_frontalface_alt.xml+3+5
dup2+1.25+haarcascades/haarcascade_frontalface_alt.xml+3+7
dup2+1.25+haarcascades/haarcascade_frontalface_alt.xml+3+9
dup2+1.25+haarcascades/haarcascade_frontalface_alt.xml+5+1
dup2+1.25+haarcascades/haarcascade_frontalface_alt.xml+5+3
dup2+1.25+haarcascades/haarcascade_frontalface_alt.xml+5+5
dup2+1.25+haarcascades/haarcascade_frontalface_alt.xml+5+7
dup2+1.25+haarcascades/haarcascade_frontalface_alt.xml+5+9
dup2+1.25+haarcascades/haarcascade_frontalface_alt.xml+7+1
dup2+1.25+haarcascades/haarcascade_frontalface_alt.xml+7+3
dup2+1.25+haarcascades/haarcascade_frontalface_alt.xml+7+5
dup2+1.25+haarcascades/haarcascade_frontalface_alt.xml+7+7
dup2+1.25+haarcascades/haarcascade_frontalface_alt.xml+7+9
dup2+1.25+haarcascades/haarcascade_frontalface_alt.xml+8+1
dup2+1.25+haarcascades/haarcascade_frontalface_alt.xml+8+3
dup2+1.25+haarcascades/haarcascade_frontalface_alt.xml+8+5
dup2+1.25+haarcascades/haarcascade_frontalface_alt.xml+8+7
dup2+1.25+haarcascades/haarcascade_frontalface_alt.xml+8+9
dup2+1.25+haarcascades/haarcascade_frontalface_alt.xml+10+1
dup2+1.25+haarcascades/haarcascade_frontalface_alt.xml+10+3
dup2+1.25+haarcascades/haarcascade_frontalface_alt.xml+10+5
dup2+1.25+haarcascades/haarcascade_frontalface_alt.xml+10+7
dup2+1.25+haarcascades/haarcascade_frontalface_alt.xml+10+9
dup2+1.25+haarcascades/haarcascade_frontalface_alt.xml+20+1
dup2+1.25+haarcascades/haarcascade_frontalface_alt.xml+20+3
dup2+1.25+haarcascades/haarcascade_frontalface_alt.xml+20+5
dup2+1.25+haarcascades/haarcascade_frontalface_alt.xml+20+7
dup2+1.25+haarcascades/haarcascade_frontalface_alt.xml+20+9
dup2+1.25+haarcascades/haarcascade_frontalface_alt.xml+30+1
dup2+1.25+haarcascades/haarcascade_frontalface_alt.xml+30+3
dup2+1.25+haarcascades/haarcascade_frontalface_alt.xml+30+5
dup2+1.25+haarcascades/haarcascade_frontalface_alt.xml+30+7
dup2+1.25+haarcascades/haarcascade_frontalface_alt.xml+30+9
dup2+1.25+haarcascades/haarcascade_frontalface_alt2.xml+1+1
dup2+1.25+haarcascades/haarcascade_frontalface_alt2.xml+1+3
dup2+1.25+haarcascades/haarcascade_frontalface_alt2.xml+1+5
dup2+1.25+haarcascades/haarcascade_frontalface_alt2.xml+1+7
dup2+1.25+haarcascades/haarcascade_frontalface_alt2.xml+1+9
dup2+1.25+haarcascades/haarcascade_frontalface_alt2.xml+3+1
dup2+1.25+haarcascades/haarcascade_frontalface_alt2.xml+3+3
dup2+1.25+haarcascades/haarcascade_frontalface_alt2.xml+3+5
dup2+1.25+haarcascades/haarcascade_frontalface_alt2.xml+3+7
dup2+1.25+haarcascades/haarcascade_frontalface_alt2.xml+3+9
dup2+1.25+haarcascades/haarcascade_frontalface_alt2.xml+5+1
dup2+1.25+haarcascades/haarcascade_frontalface_alt2.xml+5+3
dup2+1.25+haarcascades/haarcascade_frontalface_alt2.xml+5+5
dup2+1.25+haarcascades/haarcascade_frontalface_alt2.xml+5+7
dup2+1.25+haarcascades/haarcascade_frontalface_alt2.xml+5+9
dup2+1.25+haarcascades/haarcascade_frontalface_alt2.xml+7+1
dup2+1.25+haarcascades/haarcascade_frontalface_alt2.xml+7+3
dup2+1.25+haarcascades/haarcascade_frontalface_alt2.xml+7+5
dup2+1.25+haarcascades/haarcascade_frontalface_alt2.xml+7+7
dup2+1.25+haarcascades/haarcascade_frontalface_alt2.xml+7+9
dup2+1.25+haarcascades/haarcascade_frontalface_alt2.xml+8+1
dup2+1.25+haarcascades/haarcascade_frontalface_alt2.xml+8+3
dup2+1.25+haarcascades/haarcascade_frontalface_alt2.xml+8+5
dup2+1.25+haarcascades/haarcascade_frontalface_alt2.xml+8+7
dup2+1.25+haarcascades/haarcascade_frontalface_alt2.xml+8+9
dup2+1.25+haarcascades/haarcascade_frontalface_alt2.xml+10+1
dup2+1.25+haarcascades/haarcascade_frontalface_alt2.xml+10+3
dup2+1.25+haarcascades/haarcascade_frontalface_alt2.xml+10+5
dup2+1.25+haarcascades/haarcascade_frontalface_alt2.xml+10+7
dup2+1.25+haarcascades/haarcascade_frontalface_alt2.xml+10+9
dup2+1.25+haarcascades/haarcascade_frontalface_alt2.xml+20+1
dup2+1.25+haarcascades/haarcascade_frontalface_alt2.xml+20+3
dup2+1.25+haarcascades/haarcascade_frontalface_alt2.xml+20+5
dup2+1.25+haarcascades/haarcascade_frontalface_alt2.xml+20+7
dup2+1.25+haarcascades/haarcascade_frontalface_alt2.xml+20+9
dup2+1.25+haarcascades/haarcascade_frontalface_alt2.xml+30+1
dup2+1.25+haarcascades/haarcascade_frontalface_alt2.xml+30+3
dup2+1.25+haarcascades/haarcascade_frontalface_alt2.xml+30+5
dup2+1.25+haarcascades/haarcascade_frontalface_alt2.xml+30+7
dup2+1.25+haarcascades/haarcascade_frontalface_alt2.xml+30+9
dup2+1.25+haarcascades/haarcascade_frontalface_alt_tree.xml+1+1
dup2+1.25+haarcascades/haarcascade_frontalface_alt_tree.xml+1+3
dup2+1.25+haarcascades/haarcascade_frontalface_alt_tree.xml+1+5
dup2+1.25+haarcascades/haarcascade_frontalface_alt_tree.xml+1+7
dup2+1.25+haarcascades/haarcascade_frontalface_alt_tree.xml+1+9
dup2+1.25+haarcascades/haarcascade_frontalface_alt_tree.xml+3+1
dup2+1.25+haarcascades/haarcascade_frontalface_alt_tree.xml+3+3
dup2+1.25+haarcascades/haarcascade_frontalface_alt_tree.xml+3+5
dup2+1.25+haarcascades/haarcascade_frontalface_alt_tree.xml+3+7
dup2+1.25+haarcascades/haarcascade_frontalface_alt_tree.xml+3+9
dup2+1.25+haarcascades/haarcascade_frontalface_alt_tree.xml+5+1
dup2+1.25+haarcascades/haarcascade_frontalface_alt_tree.xml+5+3
dup2+1.25+haarcascades/haarcascade_frontalface_alt_tree.xml+5+5
dup2+1.25+haarcascades/haarcascade_frontalface_alt_tree.xml+5+7
dup2+1.25+haarcascades/haarcascade_frontalface_alt_tree.xml+5+9
dup2+1.25+haarcascades/haarcascade_frontalface_alt_tree.xml+7+1
dup2+1.25+haarcascades/haarcascade_frontalface_alt_tree.xml+7+3
dup2+1.25+haarcascades/haarcascade_frontalface_alt_tree.xml+7+5
dup2+1.25+haarcascades/haarcascade_frontalface_alt_tree.xml+7+7
dup2+1.25+haarcascades/haarcascade_frontalface_alt_tree.xml+7+9
dup2+1.25+haarcascades/haarcascade_frontalface_alt_tree.xml+8+1
dup2+1.25+haarcascades/haarcascade_frontalface_alt_tree.xml+8+3
dup2+1.25+haarcascades/haarcascade_frontalface_alt_tree.xml+8+5
dup2+1.25+haarcascades/haarcascade_frontalface_alt_tree.xml+8+7
dup2+1.25+haarcascades/haarcascade_frontalface_alt_tree.xml+8+9
dup2+1.25+haarcascades/haarcascade_frontalface_alt_tree.xml+10+1
dup2+1.25+haarcascades/haarcascade_frontalface_alt_tree.xml+10+3
dup2+1.25+haarcascades/haarcascade_frontalface_alt_tree.xml+10+5
dup2+1.25+haarcascades/haarcascade_frontalface_alt_tree.xml+10+7
dup2+1.25+haarcascades/haarcascade_frontalface_alt_tree.xml+10+9
dup2+1.25+haarcascades/haarcascade_frontalface_alt_tree.xml+20+1
dup2+1.25+haarcascades/haarcascade_frontalface_alt_tree.xml+20+3
dup2+1.25+haarcascades/haarcascade_frontalface_alt_tree.xml+20+5
dup2+1.25+haarcascades/haarcascade_frontalface_alt_tree.xml+20+7
dup2+1.25+haarcascades/haarcascade_frontalface_alt_tree.xml+20+9
dup2+1.25+haarcascades/haarcascade_frontalface_alt_tree.xml+30+1
dup2+1.25+haarcascades/haarcascade_frontalface_alt_tree.xml+30+3
dup2+1.25+haarcascades/haarcascade_frontalface_alt_tree.xml+30+5
dup2+1.25+haarcascades/haarcascade_frontalface_alt_tree.xml+30+7
dup2+1.25+haarcascades/haarcascade_frontalface_alt_tree.xml+30+9
dup2+1.5+lbpcascades/lbpcascade_frontalface.xml+1+1
dup2+1.5+lbpcascades/lbpcascade_frontalface.xml+1+3
dup2+1.5+lbpcascades/lbpcascade_frontalface.xml+1+5
dup2+1.5+lbpcascades/lbpcascade_frontalface.xml+1+7
dup2+1.5+lbpcascades/lbpcascade_frontalface.xml+1+9
dup2+1.5+lbpcascades/lbpcascade_frontalface.xml+3+1
dup2+1.5+lbpcascades/lbpcascade_frontalface.xml+3+3
dup2+1.5+lbpcascades/lbpcascade_frontalface.xml+3+5
dup2+1.5+lbpcascades/lbpcascade_frontalface.xml+3+7
dup2+1.5+lbpcascades/lbpcascade_frontalface.xml+3+9
dup2+1.5+lbpcascades/lbpcascade_frontalface.xml+5+1
dup2+1.5+lbpcascades/lbpcascade_frontalface.xml+5+3
dup2+1.5+lbpcascades/lbpcascade_frontalface.xml+5+5
dup2+1.5+lbpcascades/lbpcascade_frontalface.xml+5+7
dup2+1.5+lbpcascades/lbpcascade_frontalface.xml+5+9
dup2+1.5+lbpcascades/lbpcascade_frontalface.xml+7+1
dup2+1.5+lbpcascades/lbpcascade_frontalface.xml+7+3
dup2+1.5+lbpcascades/lbpcascade_frontalface.xml+7+5
dup2+1.5+lbpcascades/lbpcascade_frontalface.xml+7+7
dup2+1.5+lbpcascades/lbpcascade_frontalface.xml+7+9
dup2+1.5+lbpcascades/lbpcascade_frontalface.xml+8+1
dup2+1.5+lbpcascades/lbpcascade_frontalface.xml+8+3
dup2+1.5+lbpcascades/lbpcascade_frontalface.xml+8+5
dup2+1.5+lbpcascades/lbpcascade_frontalface.xml+8+7
dup2+1.5+lbpcascades/lbpcascade_frontalface.xml+8+9
dup2+1.5+lbpcascades/lbpcascade_frontalface.xml+10+1
dup2+1.5+lbpcascades/lbpcascade_frontalface.xml+10+3
dup2+1.5+lbpcascades/lbpcascade_frontalface.xml+10+5
dup2+1.5+lbpcascades/lbpcascade_frontalface.xml+10+7
dup2+1.5+lbpcascades/lbpcascade_frontalface.xml+10+9
dup2+1.5+lbpcascades/lbpcascade_frontalface.xml+20+1
dup2+1.5+lbpcascades/lbpcascade_frontalface.xml+20+3
dup2+1.5+lbpcascades/lbpcascade_frontalface.xml+20+5
dup2+1.5+lbpcascades/lbpcascade_frontalface.xml+20+7
dup2+1.5+lbpcascades/lbpcascade_frontalface.xml+20+9
dup2+1.5+lbpcascades/lbpcascade_frontalface.xml+30+1
dup2+1.5+lbpcascades/lbpcascade_frontalface.xml+30+3
dup2+1.5+lbpcascades/lbpcascade_frontalface.xml+30+5
dup2+1.5+lbpcascades/lbpcascade_frontalface.xml+30+7
dup2+1.5+lbpcascades/lbpcascade_frontalface.xml+30+9
dup2+1.5+lbpcascades/lbpcascade_frontalface_improved.xml+1+1
dup2+1.5+lbpcascades/lbpcascade_frontalface_improved.xml+1+3
dup2+1.5+lbpcascades/lbpcascade_frontalface_improved.xml+1+5
dup2+1.5+lbpcascades/lbpcascade_frontalface_improved.xml+1+7
dup2+1.5+lbpcascades/lbpcascade_frontalface_improved.xml+1+9
dup2+1.5+lbpcascades/lbpcascade_frontalface_improved.xml+3+1
dup2+1.5+lbpcascades/lbpcascade_frontalface_improved.xml+3+3
dup2+1.5+lbpcascades/lbpcascade_frontalface_improved.xml+3+5
dup2+1.5+lbpcascades/lbpcascade_frontalface_improved.xml+3+7
dup2+1.5+lbpcascades/lbpcascade_frontalface_improved.xml+3+9
dup2+1.5+lbpcascades/lbpcascade_frontalface_improved.xml+5+1
dup2+1.5+lbpcascades/lbpcascade_frontalface_improved.xml+5+3
dup2+1.5+lbpcascades/lbpcascade_frontalface_improved.xml+5+5
dup2+1.5+lbpcascades/lbpcascade_frontalface_improved.xml+5+7
dup2+1.5+lbpcascades/lbpcascade_frontalface_improved.xml+5+9
dup2+1.5+lbpcascades/lbpcascade_frontalface_improved.xml+7+1
dup2+1.5+lbpcascades/lbpcascade_frontalface_improved.xml+7+3
dup2+1.5+lbpcascades/lbpcascade_frontalface_improved.xml+7+5
dup2+1.5+lbpcascades/lbpcascade_frontalface_improved.xml+7+7
dup2+1.5+lbpcascades/lbpcascade_frontalface_improved.xml+7+9
dup2+1.5+lbpcascades/lbpcascade_frontalface_improved.xml+8+1
dup2+1.5+lbpcascades/lbpcascade_frontalface_improved.xml+8+3
dup2+1.5+lbpcascades/lbpcascade_frontalface_improved.xml+8+5
dup2+1.5+lbpcascades/lbpcascade_frontalface_improved.xml+8+7
dup2+1.5+lbpcascades/lbpcascade_frontalface_improved.xml+8+9
dup2+1.5+lbpcascades/lbpcascade_frontalface_improved.xml+10+1
dup2+1.5+lbpcascades/lbpcascade_frontalface_improved.xml+10+3
dup2+1.5+lbpcascades/lbpcascade_frontalface_improved.xml+10+5
dup2+1.5+lbpcascades/lbpcascade_frontalface_improved.xml+10+7
dup2+1.5+lbpcascades/lbpcascade_frontalface_improved.xml+10+9
dup2+1.5+lbpcascades/lbpcascade_frontalface_improved.xml+20+1
dup2+1.5+lbpcascades/lbpcascade_frontalface_improved.xml+20+3
dup2+1.5+lbpcascades/lbpcascade_frontalface_improved.xml+20+5
dup2+1.5+lbpcascades/lbpcascade_frontalface_improved.xml+20+7
dup2+1.5+lbpcascades/lbpcascade_frontalface_improved.xml+20+9
dup2+1.5+lbpcascades/lbpcascade_frontalface_improved.xml+30+1
dup2+1.5+lbpcascades/lbpcascade_frontalface_improved.xml+30+3
dup2+1.5+lbpcascades/lbpcascade_frontalface_improved.xml+30+5
dup2+1.5+lbpcascades/lbpcascade_frontalface_improved.xml+30+7
dup2+1.5+lbpcascades/lbpcascade_frontalface_improved.xml+30+9
dup2+1.5+haarcascades/haarcascade_frontalface_default.xml+1+1
dup2+1.5+haarcascades/haarcascade_frontalface_default.xml+1+3
dup2+1.5+haarcascades/haarcascade_frontalface_default.xml+1+5
dup2+1.5+haarcascades/haarcascade_frontalface_default.xml+1+7
dup2+1.5+haarcascades/haarcascade_frontalface_default.xml+1+9
dup2+1.5+haarcascades/haarcascade_frontalface_default.xml+3+1
dup2+1.5+haarcascades/haarcascade_frontalface_default.xml+3+3
dup2+1.5+haarcascades/haarcascade_frontalface_default.xml+3+5
dup2+1.5+haarcascades/haarcascade_frontalface_default.xml+3+7
dup2+1.5+haarcascades/haarcascade_frontalface_default.xml+3+9
dup2+1.5+haarcascades/haarcascade_frontalface_default.xml+5+1
dup2+1.5+haarcascades/haarcascade_frontalface_default.xml+5+3
dup2+1.5+haarcascades/haarcascade_frontalface_default.xml+5+5
dup2+1.5+haarcascades/haarcascade_frontalface_default.xml+5+7
dup2+1.5+haarcascades/haarcascade_frontalface_default.xml+5+9
dup2+1.5+haarcascades/haarcascade_frontalface_default.xml+7+1
dup2+1.5+haarcascades/haarcascade_frontalface_default.xml+7+3
dup2+1.5+haarcascades/haarcascade_frontalface_default.xml+7+5
dup2+1.5+haarcascades/haarcascade_frontalface_default.xml+7+7
dup2+1.5+haarcascades/haarcascade_frontalface_default.xml+7+9
dup2+1.5+haarcascades/haarcascade_frontalface_default.xml+8+1
dup2+1.5+haarcascades/haarcascade_frontalface_default.xml+8+3
dup2+1.5+haarcascades/haarcascade_frontalface_default.xml+8+5
dup2+1.5+haarcascades/haarcascade_frontalface_default.xml+8+7
dup2+1.5+haarcascades/haarcascade_frontalface_default.xml+8+9
dup2+1.5+haarcascades/haarcascade_frontalface_default.xml+10+1
dup2+1.5+haarcascades/haarcascade_frontalface_default.xml+10+3
dup2+1.5+haarcascades/haarcascade_frontalface_default.xml+10+5
dup2+1.5+haarcascades/haarcascade_frontalface_default.xml+10+7
dup2+1.5+haarcascades/haarcascade_frontalface_default.xml+10+9
dup2+1.5+haarcascades/haarcascade_frontalface_default.xml+20+1
dup2+1.5+haarcascades/haarcascade_frontalface_default.xml+20+3
dup2+1.5+haarcascades/haarcascade_frontalface_default.xml+20+5
dup2+1.5+haarcascades/haarcascade_frontalface_default.xml+20+7
dup2+1.5+haarcascades/haarcascade_frontalface_default.xml+20+9
dup2+1.5+haarcascades/haarcascade_frontalface_default.xml+30+1
dup2+1.5+haarcascades/haarcascade_frontalface_default.xml+30+3
dup2+1.5+haarcascades/haarcascade_frontalface_default.xml+30+5
dup2+1.5+haarcascades/haarcascade_frontalface_default.xml+30+7
dup2+1.5+haarcascades/haarcascade_frontalface_default.xml+30+9
dup2+1.5+haarcascades/haarcascade_frontalface_alt.xml+1+1
dup2+1.5+haarcascades/haarcascade_frontalface_alt.xml+1+3
dup2+1.5+haarcascades/haarcascade_frontalface_alt.xml+1+5
dup2+1.5+haarcascades/haarcascade_frontalface_alt.xml+1+7
dup2+1.5+haarcascades/haarcascade_frontalface_alt.xml+1+9
dup2+1.5+haarcascades/haarcascade_frontalface_alt.xml+3+1
dup2+1.5+haarcascades/haarcascade_frontalface_alt.xml+3+3
dup2+1.5+haarcascades/haarcascade_frontalface_alt.xml+3+5
dup2+1.5+haarcascades/haarcascade_frontalface_alt.xml+3+7
dup2+1.5+haarcascades/haarcascade_frontalface_alt.xml+3+9
dup2+1.5+haarcascades/haarcascade_frontalface_alt.xml+5+1
dup2+1.5+haarcascades/haarcascade_frontalface_alt.xml+5+3
dup2+1.5+haarcascades/haarcascade_frontalface_alt.xml+5+5
dup2+1.5+haarcascades/haarcascade_frontalface_alt.xml+5+7
dup2+1.5+haarcascades/haarcascade_frontalface_alt.xml+5+9
dup2+1.5+haarcascades/haarcascade_frontalface_alt.xml+7+1
dup2+1.5+haarcascades/haarcascade_frontalface_alt.xml+7+3
dup2+1.5+haarcascades/haarcascade_frontalface_alt.xml+7+5
dup2+1.5+haarcascades/haarcascade_frontalface_alt.xml+7+7
dup2+1.5+haarcascades/haarcascade_frontalface_alt.xml+7+9
dup2+1.5+haarcascades/haarcascade_frontalface_alt.xml+8+1
dup2+1.5+haarcascades/haarcascade_frontalface_alt.xml+8+3
dup2+1.5+haarcascades/haarcascade_frontalface_alt.xml+8+5
dup2+1.5+haarcascades/haarcascade_frontalface_alt.xml+8+7
dup2+1.5+haarcascades/haarcascade_frontalface_alt.xml+8+9
dup2+1.5+haarcascades/haarcascade_frontalface_alt.xml+10+1
dup2+1.5+haarcascades/haarcascade_frontalface_alt.xml+10+3
dup2+1.5+haarcascades/haarcascade_frontalface_alt.xml+10+5
dup2+1.5+haarcascades/haarcascade_frontalface_alt.xml+10+7
dup2+1.5+haarcascades/haarcascade_frontalface_alt.xml+10+9
dup2+1.5+haarcascades/haarcascade_frontalface_alt.xml+20+1
dup2+1.5+haarcascades/haarcascade_frontalface_alt.xml+20+3
dup2+1.5+haarcascades/haarcascade_frontalface_alt.xml+20+5
dup2+1.5+haarcascades/haarcascade_frontalface_alt.xml+20+7
dup2+1.5+haarcascades/haarcascade_frontalface_alt.xml+20+9
dup2+1.5+haarcascades/haarcascade_frontalface_alt.xml+30+1
dup2+1.5+haarcascades/haarcascade_frontalface_alt.xml+30+3
dup2+1.5+haarcascades/haarcascade_frontalface_alt.xml+30+5
dup2+1.5+haarcascades/haarcascade_frontalface_alt.xml+30+7
dup2+1.5+haarcascades/haarcascade_frontalface_alt.xml+30+9
dup2+1.5+haarcascades/haarcascade_frontalface_alt2.xml+1+1
dup2+1.5+haarcascades/haarcascade_frontalface_alt2.xml+1+3
dup2+1.5+haarcascades/haarcascade_frontalface_alt2.xml+1+5
dup2+1.5+haarcascades/haarcascade_frontalface_alt2.xml+1+7
dup2+1.5+haarcascades/haarcascade_frontalface_alt2.xml+1+9
dup2+1.5+haarcascades/haarcascade_frontalface_alt2.xml+3+1
dup2+1.5+haarcascades/haarcascade_frontalface_alt2.xml+3+3
dup2+1.5+haarcascades/haarcascade_frontalface_alt2.xml+3+5
dup2+1.5+haarcascades/haarcascade_frontalface_alt2.xml+3+7
dup2+1.5+haarcascades/haarcascade_frontalface_alt2.xml+3+9
dup2+1.5+haarcascades/haarcascade_frontalface_alt2.xml+5+1
dup2+1.5+haarcascades/haarcascade_frontalface_alt2.xml+5+3
dup2+1.5+haarcascades/haarcascade_frontalface_alt2.xml+5+5
dup2+1.5+haarcascades/haarcascade_frontalface_alt2.xml+5+7
dup2+1.5+haarcascades/haarcascade_frontalface_alt2.xml+5+9
dup2+1.5+haarcascades/haarcascade_frontalface_alt2.xml+7+1
dup2+1.5+haarcascades/haarcascade_frontalface_alt2.xml+7+3
dup2+1.5+haarcascades/haarcascade_frontalface_alt2.xml+7+5
dup2+1.5+haarcascades/haarcascade_frontalface_alt2.xml+7+7
dup2+1.5+haarcascades/haarcascade_frontalface_alt2.xml+7+9
dup2+1.5+haarcascades/haarcascade_frontalface_alt2.xml+8+1
dup2+1.5+haarcascades/haarcascade_frontalface_alt2.xml+8+3
dup2+1.5+haarcascades/haarcascade_frontalface_alt2.xml+8+5
dup2+1.5+haarcascades/haarcascade_frontalface_alt2.xml+8+7
dup2+1.5+haarcascades/haarcascade_frontalface_alt2.xml+8+9
dup2+1.5+haarcascades/haarcascade_frontalface_alt2.xml+10+1
dup2+1.5+haarcascades/haarcascade_frontalface_alt2.xml+10+3
dup2+1.5+haarcascades/haarcascade_frontalface_alt2.xml+10+5
dup2+1.5+haarcascades/haarcascade_frontalface_alt2.xml+10+7
dup2+1.5+haarcascades/haarcascade_frontalface_alt2.xml+10+9
dup2+1.5+haarcascades/haarcascade_frontalface_alt2.xml+20+1
dup2+1.5+haarcascades/haarcascade_frontalface_alt2.xml+20+3
dup2+1.5+haarcascades/haarcascade_frontalface_alt2.xml+20+5
dup2+1.5+haarcascades/haarcascade_frontalface_alt2.xml+20+7
dup2+1.5+haarcascades/haarcascade_frontalface_alt2.xml+20+9
dup2+1.5+haarcascades/haarcascade_frontalface_alt2.xml+30+1
dup2+1.5+haarcascades/haarcascade_frontalface_alt2.xml+30+3
dup2+1.5+haarcascades/haarcascade_frontalface_alt2.xml+30+5
dup2+1.5+haarcascades/haarcascade_frontalface_alt2.xml+30+7
dup2+1.5+haarcascades/haarcascade_frontalface_alt2.xml+30+9
dup2+1.5+haarcascades/haarcascade_frontalface_alt_tree.xml+1+1
dup2+1.5+haarcascades/haarcascade_frontalface_alt_tree.xml+1+3
dup2+1.5+haarcascades/haarcascade_frontalface_alt_tree.xml+1+5
dup2+1.5+haarcascades/haarcascade_frontalface_alt_tree.xml+1+7
dup2+1.5+haarcascades/haarcascade_frontalface_alt_tree.xml+1+9
dup2+1.5+haarcascades/haarcascade_frontalface_alt_tree.xml+3+1
dup2+1.5+haarcascades/haarcascade_frontalface_alt_tree.xml+3+3
dup2+1.5+haarcascades/haarcascade_frontalface_alt_tree.xml+3+5
dup2+1.5+haarcascades/haarcascade_frontalface_alt_tree.xml+3+7
dup2+1.5+haarcascades/haarcascade_frontalface_alt_tree.xml+3+9
dup2+1.5+haarcascades/haarcascade_frontalface_alt_tree.xml+5+1
dup2+1.5+haarcascades/haarcascade_frontalface_alt_tree.xml+5+3
dup2+1.5+haarcascades/haarcascade_frontalface_alt_tree.xml+5+5
dup2+1.5+haarcascades/haarcascade_frontalface_alt_tree.xml+5+7
dup2+1.5+haarcascades/haarcascade_frontalface_alt_tree.xml+5+9
dup2+1.5+haarcascades/haarcascade_frontalface_alt_tree.xml+7+1
dup2+1.5+haarcascades/haarcascade_frontalface_alt_tree.xml+7+3
dup2+1.5+haarcascades/haarcascade_frontalface_alt_tree.xml+7+5
dup2+1.5+haarcascades/haarcascade_frontalface_alt_tree.xml+7+7
dup2+1.5+haarcascades/haarcascade_frontalface_alt_tree.xml+7+9
dup2+1.5+haarcascades/haarcascade_frontalface_alt_tree.xml+8+1
dup2+1.5+haarcascades/haarcascade_frontalface_alt_tree.xml+8+3
dup2+1.5+haarcascades/haarcascade_frontalface_alt_tree.xml+8+5
dup2+1.5+haarcascades/haarcascade_frontalface_alt_tree.xml+8+7
dup2+1.5+haarcascades/haarcascade_frontalface_alt_tree.xml+8+9
dup2+1.5+haarcascades/haarcascade_frontalface_alt_tree.xml+10+1
dup2+1.5+haarcascades/haarcascade_frontalface_alt_tree.xml+10+3
dup2+1.5+haarcascades/haarcascade_frontalface_alt_tree.xml+10+5
dup2+1.5+haarcascades/haarcascade_frontalface_alt_tree.xml+10+7
dup2+1.5+haarcascades/haarcascade_frontalface_alt_tree.xml+10+9
dup2+1.5+haarcascades/haarcascade_frontalface_alt_tree.xml+20+1
dup2+1.5+haarcascades/haarcascade_frontalface_alt_tree.xml+20+3
dup2+1.5+haarcascades/haarcascade_frontalface_alt_tree.xml+20+5
dup2+1.5+haarcascades/haarcascade_frontalface_alt_tree.xml+20+7
dup2+1.5+haarcascades/haarcascade_frontalface_alt_tree.xml+20+9
dup2+1.5+haarcascades/haarcascade_frontalface_alt_tree.xml+30+1
dup2+1.5+haarcascades/haarcascade_frontalface_alt_tree.xml+30+3
dup2+1.5+haarcascades/haarcascade_frontalface_alt_tree.xml+30+5
dup2+1.5+haarcascades/haarcascade_frontalface_alt_tree.xml+30+7
dup2+1.5+haarcascades/haarcascade_frontalface_alt_tree.xml+30+9
dup2+2+lbpcascades/lbpcascade_frontalface.xml+1+1
dup2+2+lbpcascades/lbpcascade_frontalface.xml+1+3
dup2+2+lbpcascades/lbpcascade_frontalface.xml+1+5
dup2+2+lbpcascades/lbpcascade_frontalface.xml+1+7
dup2+2+lbpcascades/lbpcascade_frontalface.xml+1+9
dup2+2+lbpcascades/lbpcascade_frontalface.xml+3+1
dup2+2+lbpcascades/lbpcascade_frontalface.xml+3+3
dup2+2+lbpcascades/lbpcascade_frontalface.xml+3+5
dup2+2+lbpcascades/lbpcascade_frontalface.xml+3+7
dup2+2+lbpcascades/lbpcascade_frontalface.xml+3+9
dup2+2+lbpcascades/lbpcascade_frontalface.xml+5+1
dup2+2+lbpcascades/lbpcascade_frontalface.xml+5+3
dup2+2+lbpcascades/lbpcascade_frontalface.xml+5+5
dup2+2+lbpcascades/lbpcascade_frontalface.xml+5+7
dup2+2+lbpcascades/lbpcascade_frontalface.xml+5+9
dup2+2+lbpcascades/lbpcascade_frontalface.xml+7+1
dup2+2+lbpcascades/lbpcascade_frontalface.xml+7+3
dup2+2+lbpcascades/lbpcascade_frontalface.xml+7+5
dup2+2+lbpcascades/lbpcascade_frontalface.xml+7+7
dup2+2+lbpcascades/lbpcascade_frontalface.xml+7+9
dup2+2+lbpcascades/lbpcascade_frontalface.xml+8+1
dup2+2+lbpcascades/lbpcascade_frontalface.xml+8+3
dup2+2+lbpcascades/lbpcascade_frontalface.xml+8+5
dup2+2+lbpcascades/lbpcascade_frontalface.xml+8+7
dup2+2+lbpcascades/lbpcascade_frontalface.xml+8+9
dup2+2+lbpcascades/lbpcascade_frontalface.xml+10+1
dup2+2+lbpcascades/lbpcascade_frontalface.xml+10+3
dup2+2+lbpcascades/lbpcascade_frontalface.xml+10+5
dup2+2+lbpcascades/lbpcascade_frontalface.xml+10+7
dup2+2+lbpcascades/lbpcascade_frontalface.xml+10+9
dup2+2+lbpcascades/lbpcascade_frontalface.xml+20+1
dup2+2+lbpcascades/lbpcascade_frontalface.xml+20+3
dup2+2+lbpcascades/lbpcascade_frontalface.xml+20+5
dup2+2+lbpcascades/lbpcascade_frontalface.xml+20+7
dup2+2+lbpcascades/lbpcascade_frontalface.xml+20+9
dup2+2+lbpcascades/lbpcascade_frontalface.xml+30+1
dup2+2+lbpcascades/lbpcascade_frontalface.xml+30+3
dup2+2+lbpcascades/lbpcascade_frontalface.xml+30+5
dup2+2+lbpcascades/lbpcascade_frontalface.xml+30+7
dup2+2+lbpcascades/lbpcascade_frontalface.xml+30+9
dup2+2+lbpcascades/lbpcascade_frontalface_improved.xml+1+1
dup2+2+lbpcascades/lbpcascade_frontalface_improved.xml+1+3
dup2+2+lbpcascades/lbpcascade_frontalface_improved.xml+1+5
dup2+2+lbpcascades/lbpcascade_frontalface_improved.xml+1+7
dup2+2+lbpcascades/lbpcascade_frontalface_improved.xml+1+9
dup2+2+lbpcascades/lbpcascade_frontalface_improved.xml+3+1
dup2+2+lbpcascades/lbpcascade_frontalface_improved.xml+3+3
dup2+2+lbpcascades/lbpcascade_frontalface_improved.xml+3+5
dup2+2+lbpcascades/lbpcascade_frontalface_improved.xml+3+7
dup2+2+lbpcascades/lbpcascade_frontalface_improved.xml+3+9
dup2+2+lbpcascades/lbpcascade_frontalface_improved.xml+5+1
dup2+2+lbpcascades/lbpcascade_frontalface_improved.xml+5+3
dup2+2+lbpcascades/lbpcascade_frontalface_improved.xml+5+5
dup2+2+lbpcascades/lbpcascade_frontalface_improved.xml+5+7
dup2+2+lbpcascades/lbpcascade_frontalface_improved.xml+5+9
dup2+2+lbpcascades/lbpcascade_frontalface_improved.xml+7+1
dup2+2+lbpcascades/lbpcascade_frontalface_improved.xml+7+3
dup2+2+lbpcascades/lbpcascade_frontalface_improved.xml+7+5
dup2+2+lbpcascades/lbpcascade_frontalface_improved.xml+7+7
dup2+2+lbpcascades/lbpcascade_frontalface_improved.xml+7+9
dup2+2+lbpcascades/lbpcascade_frontalface_improved.xml+8+1
dup2+2+lbpcascades/lbpcascade_frontalface_improved.xml+8+3
dup2+2+lbpcascades/lbpcascade_frontalface_improved.xml+8+5
dup2+2+lbpcascades/lbpcascade_frontalface_improved.xml+8+7
dup2+2+lbpcascades/lbpcascade_frontalface_improved.xml+8+9
dup2+2+lbpcascades/lbpcascade_frontalface_improved.xml+10+1
dup2+2+lbpcascades/lbpcascade_frontalface_improved.xml+10+3
dup2+2+lbpcascades/lbpcascade_frontalface_improved.xml+10+5
dup2+2+lbpcascades/lbpcascade_frontalface_improved.xml+10+7
dup2+2+lbpcascades/lbpcascade_frontalface_improved.xml+10+9
dup2+2+lbpcascades/lbpcascade_frontalface_improved.xml+20+1
dup2+2+lbpcascades/lbpcascade_frontalface_improved.xml+20+3
dup2+2+lbpcascades/lbpcascade_frontalface_improved.xml+20+5
dup2+2+lbpcascades/lbpcascade_frontalface_improved.xml+20+7
dup2+2+lbpcascades/lbpcascade_frontalface_improved.xml+20+9
dup2+2+lbpcascades/lbpcascade_frontalface_improved.xml+30+1
dup2+2+lbpcascades/lbpcascade_frontalface_improved.xml+30+3
dup2+2+lbpcascades/lbpcascade_frontalface_improved.xml+30+5
dup2+2+lbpcascades/lbpcascade_frontalface_improved.xml+30+7
dup2+2+lbpcascades/lbpcascade_frontalface_improved.xml+30+9
dup2+2+haarcascades/haarcascade_frontalface_default.xml+1+1
dup2+2+haarcascades/haarcascade_frontalface_default.xml+1+3
dup2+2+haarcascades/haarcascade_frontalface_default.xml+1+5
dup2+2+haarcascades/haarcascade_frontalface_default.xml+1+7
dup2+2+haarcascades/haarcascade_frontalface_default.xml+1+9
dup2+2+haarcascades/haarcascade_frontalface_default.xml+3+1
dup2+2+haarcascades/haarcascade_frontalface_default.xml+3+3
dup2+2+haarcascades/haarcascade_frontalface_default.xml+3+5
dup2+2+haarcascades/haarcascade_frontalface_default.xml+3+7
dup2+2+haarcascades/haarcascade_frontalface_default.xml+3+9
dup2+2+haarcascades/haarcascade_frontalface_default.xml+5+1
dup2+2+haarcascades/haarcascade_frontalface_default.xml+5+3
dup2+2+haarcascades/haarcascade_frontalface_default.xml+5+5
dup2+2+haarcascades/haarcascade_frontalface_default.xml+5+7
dup2+2+haarcascades/haarcascade_frontalface_default.xml+5+9
dup2+2+haarcascades/haarcascade_frontalface_default.xml+7+1
dup2+2+haarcascades/haarcascade_frontalface_default.xml+7+3
dup2+2+haarcascades/haarcascade_frontalface_default.xml+7+5
dup2+2+haarcascades/haarcascade_frontalface_default.xml+7+7
dup2+2+haarcascades/haarcascade_frontalface_default.xml+7+9
dup2+2+haarcascades/haarcascade_frontalface_default.xml+8+1
dup2+2+haarcascades/haarcascade_frontalface_default.xml+8+3
dup2+2+haarcascades/haarcascade_frontalface_default.xml+8+5
dup2+2+haarcascades/haarcascade_frontalface_default.xml+8+7
dup2+2+haarcascades/haarcascade_frontalface_default.xml+8+9
dup2+2+haarcascades/haarcascade_frontalface_default.xml+10+1
dup2+2+haarcascades/haarcascade_frontalface_default.xml+10+3
dup2+2+haarcascades/haarcascade_frontalface_default.xml+10+5
dup2+2+haarcascades/haarcascade_frontalface_default.xml+10+7
dup2+2+haarcascades/haarcascade_frontalface_default.xml+10+9
dup2+2+haarcascades/haarcascade_frontalface_default.xml+20+1
dup2+2+haarcascades/haarcascade_frontalface_default.xml+20+3
dup2+2+haarcascades/haarcascade_frontalface_default.xml+20+5
dup2+2+haarcascades/haarcascade_frontalface_default.xml+20+7
dup2+2+haarcascades/haarcascade_frontalface_default.xml+20+9
dup2+2+haarcascades/haarcascade_frontalface_default.xml+30+1
dup2+2+haarcascades/haarcascade_frontalface_default.xml+30+3
dup2+2+haarcascades/haarcascade_frontalface_default.xml+30+5
dup2+2+haarcascades/haarcascade_frontalface_default.xml+30+7
dup2+2+haarcascades/haarcascade_frontalface_default.xml+30+9
dup2+2+haarcascades/haarcascade_frontalface_alt.xml+1+1
dup2+2+haarcascades/haarcascade_frontalface_alt.xml+1+3
dup2+2+haarcascades/haarcascade_frontalface_alt.xml+1+5
dup2+2+haarcascades/haarcascade_frontalface_alt.xml+1+7
dup2+2+haarcascades/haarcascade_frontalface_alt.xml+1+9
dup2+2+haarcascades/haarcascade_frontalface_alt.xml+3+1
dup2+2+haarcascades/haarcascade_frontalface_alt.xml+3+3
dup2+2+haarcascades/haarcascade_frontalface_alt.xml+3+5
dup2+2+haarcascades/haarcascade_frontalface_alt.xml+3+7
dup2+2+haarcascades/haarcascade_frontalface_alt.xml+3+9
dup2+2+haarcascades/haarcascade_frontalface_alt.xml+5+1
dup2+2+haarcascades/haarcascade_frontalface_alt.xml+5+3
dup2+2+haarcascades/haarcascade_frontalface_alt.xml+5+5
dup2+2+haarcascades/haarcascade_frontalface_alt.xml+5+7
dup2+2+haarcascades/haarcascade_frontalface_alt.xml+5+9
dup2+2+haarcascades/haarcascade_frontalface_alt.xml+7+1
dup2+2+haarcascades/haarcascade_frontalface_alt.xml+7+3
dup2+2+haarcascades/haarcascade_frontalface_alt.xml+7+5
dup2+2+haarcascades/haarcascade_frontalface_alt.xml+7+7
dup2+2+haarcascades/haarcascade_frontalface_alt.xml+7+9
dup2+2+haarcascades/haarcascade_frontalface_alt.xml+8+1
dup2+2+haarcascades/haarcascade_frontalface_alt.xml+8+3
dup2+2+haarcascades/haarcascade_frontalface_alt.xml+8+5
dup2+2+haarcascades/haarcascade_frontalface_alt.xml+8+7
dup2+2+haarcascades/haarcascade_frontalface_alt.xml+8+9
dup2+2+haarcascades/haarcascade_frontalface_alt.xml+10+1
dup2+2+haarcascades/haarcascade_frontalface_alt.xml+10+3
dup2+2+haarcascades/haarcascade_frontalface_alt.xml+10+5
dup2+2+haarcascades/haarcascade_frontalface_alt.xml+10+7
dup2+2+haarcascades/haarcascade_frontalface_alt.xml+10+9
dup2+2+haarcascades/haarcascade_frontalface_alt.xml+20+1
dup2+2+haarcascades/haarcascade_frontalface_alt.xml+20+3
dup2+2+haarcascades/haarcascade_frontalface_alt.xml+20+5
dup2+2+haarcascades/haarcascade_frontalface_alt.xml+20+7
dup2+2+haarcascades/haarcascade_frontalface_alt.xml+20+9
dup2+2+haarcascades/haarcascade_frontalface_alt.xml+30+1
dup2+2+haarcascades/haarcascade_frontalface_alt.xml+30+3
dup2+2+haarcascades/haarcascade_frontalface_alt.xml+30+5
dup2+2+haarcascades/haarcascade_frontalface_alt.xml+30+7
dup2+2+haarcascades/haarcascade_frontalface_alt.xml+30+9
dup2+2+haarcascades/haarcascade_frontalface_alt2.xml+1+1
dup2+2+haarcascades/haarcascade_frontalface_alt2.xml+1+3
dup2+2+haarcascades/haarcascade_frontalface_alt2.xml+1+5
dup2+2+haarcascades/haarcascade_frontalface_alt2.xml+1+7
dup2+2+haarcascades/haarcascade_frontalface_alt2.xml+1+9
dup2+2+haarcascades/haarcascade_frontalface_alt2.xml+3+1
dup2+2+haarcascades/haarcascade_frontalface_alt2.xml+3+3
dup2+2+haarcascades/haarcascade_frontalface_alt2.xml+3+5
dup2+2+haarcascades/haarcascade_frontalface_alt2.xml+3+7
dup2+2+haarcascades/haarcascade_frontalface_alt2.xml+3+9
dup2+2+haarcascades/haarcascade_frontalface_alt2.xml+5+1
dup2+2+haarcascades/haarcascade_frontalface_alt2.xml+5+3
dup2+2+haarcascades/haarcascade_frontalface_alt2.xml+5+5
dup2+2+haarcascades/haarcascade_frontalface_alt2.xml+5+7
dup2+2+haarcascades/haarcascade_frontalface_alt2.xml+5+9
dup2+2+haarcascades/haarcascade_frontalface_alt2.xml+7+1
dup2+2+haarcascades/haarcascade_frontalface_alt2.xml+7+3
dup2+2+haarcascades/haarcascade_frontalface_alt2.xml+7+5
dup2+2+haarcascades/haarcascade_frontalface_alt2.xml+7+7
dup2+2+haarcascades/haarcascade_frontalface_alt2.xml+7+9
dup2+2+haarcascades/haarcascade_frontalface_alt2.xml+8+1
dup2+2+haarcascades/haarcascade_frontalface_alt2.xml+8+3
dup2+2+haarcascades/haarcascade_frontalface_alt2.xml+8+5
dup2+2+haarcascades/haarcascade_frontalface_alt2.xml+8+7
dup2+2+haarcascades/haarcascade_frontalface_alt2.xml+8+9
dup2+2+haarcascades/haarcascade_frontalface_alt2.xml+10+1
dup2+2+haarcascades/haarcascade_frontalface_alt2.xml+10+3
dup2+2+haarcascades/haarcascade_frontalface_alt2.xml+10+5
dup2+2+haarcascades/haarcascade_frontalface_alt2.xml+10+7
dup2+2+haarcascades/haarcascade_frontalface_alt2.xml+10+9
dup2+2+haarcascades/haarcascade_frontalface_alt2.xml+20+1
dup2+2+haarcascades/haarcascade_frontalface_alt2.xml+20+3
dup2+2+haarcascades/haarcascade_frontalface_alt2.xml+20+5
dup2+2+haarcascades/haarcascade_frontalface_alt2.xml+20+7
dup2+2+haarcascades/haarcascade_frontalface_alt2.xml+20+9
dup2+2+haarcascades/haarcascade_frontalface_alt2.xml+30+1
dup2+2+haarcascades/haarcascade_frontalface_alt2.xml+30+3
dup2+2+haarcascades/haarcascade_frontalface_alt2.xml+30+5
dup2+2+haarcascades/haarcascade_frontalface_alt2.xml+30+7
dup2+2+haarcascades/haarcascade_frontalface_alt2.xml+30+9
dup2+2+haarcascades/haarcascade_frontalface_alt_tree.xml+1+1
dup2+2+haarcascades/haarcascade_frontalface_alt_tree.xml+1+3
dup2+2+haarcascades/haarcascade_frontalface_alt_tree.xml+1+5
dup2+2+haarcascades/haarcascade_frontalface_alt_tree.xml+1+7
dup2+2+haarcascades/haarcascade_frontalface_alt_tree.xml+1+9
dup2+2+haarcascades/haarcascade_frontalface_alt_tree.xml+3+1
dup2+2+haarcascades/haarcascade_frontalface_alt_tree.xml+3+3
dup2+2+haarcascades/haarcascade_frontalface_alt_tree.xml+3+5
dup2+2+haarcascades/haarcascade_frontalface_alt_tree.xml+3+7
dup2+2+haarcascades/haarcascade_frontalface_alt_tree.xml+3+9
dup2+2+haarcascades/haarcascade_frontalface_alt_tree.xml+5+1
dup2+2+haarcascades/haarcascade_frontalface_alt_tree.xml+5+3
dup2+2+haarcascades/haarcascade_frontalface_alt_tree.xml+5+5
dup2+2+haarcascades/haarcascade_frontalface_alt_tree.xml+5+7
dup2+2+haarcascades/haarcascade_frontalface_alt_tree.xml+5+9
dup2+2+haarcascades/haarcascade_frontalface_alt_tree.xml+7+1
dup2+2+haarcascades/haarcascade_frontalface_alt_tree.xml+7+3
dup2+2+haarcascades/haarcascade_frontalface_alt_tree.xml+7+5
dup2+2+haarcascades/haarcascade_frontalface_alt_tree.xml+7+7
dup2+2+haarcascades/haarcascade_frontalface_alt_tree.xml+7+9
dup2+2+haarcascades/haarcascade_frontalface_alt_tree.xml+8+1
dup2+2+haarcascades/haarcascade_frontalface_alt_tree.xml+8+3
dup2+2+haarcascades/haarcascade_frontalface_alt_tree.xml+8+5
dup2+2+haarcascades/haarcascade_frontalface_alt_tree.xml+8+7
dup2+2+haarcascades/haarcascade_frontalface_alt_tree.xml+8+9
dup2+2+haarcascades/haarcascade_frontalface_alt_tree.xml+10+1
dup2+2+haarcascades/haarcascade_frontalface_alt_tree.xml+10+3
dup2+2+haarcascades/haarcascade_frontalface_alt_tree.xml+10+5
dup2+2+haarcascades/haarcascade_frontalface_alt_tree.xml+10+7
dup2+2+haarcascades/haarcascade_frontalface_alt_tree.xml+10+9
dup2+2+haarcascades/haarcascade_frontalface_alt_tree.xml+20+1
dup2+2+haarcascades/haarcascade_frontalface_alt_tree.xml+20+3
dup2+2+haarcascades/haarcascade_frontalface_alt_tree.xml+20+5
dup2+2+haarcascades/haarcascade_frontalface_alt_tree.xml+20+7
dup2+2+haarcascades/haarcascade_frontalface_alt_tree.xml+20+9
dup2+2+haarcascades/haarcascade_frontalface_alt_tree.xml+30+1
dup2+2+haarcascades/haarcascade_frontalface_alt_tree.xml+30+3
dup2+2+haarcascades/haarcascade_frontalface_alt_tree.xml+30+5
dup2+2+haarcascades/haarcascade_frontalface_alt_tree.xml+30+7
dup2+2+haarcascades/haarcascade_frontalface_alt_tree.xml+30+9
dup2+4+lbpcascades/lbpcascade_frontalface.xml+1+1
dup2+4+lbpcascades/lbpcascade_frontalface.xml+1+3
dup2+4+lbpcascades/lbpcascade_frontalface.xml+1+5
dup2+4+lbpcascades/lbpcascade_frontalface.xml+1+7
dup2+4+lbpcascades/lbpcascade_frontalface.xml+1+9
dup2+4+lbpcascades/lbpcascade_frontalface.xml+3+1
dup2+4+lbpcascades/lbpcascade_frontalface.xml+3+3
dup2+4+lbpcascades/lbpcascade_frontalface.xml+3+5
dup2+4+lbpcascades/lbpcascade_frontalface.xml+3+7
dup2+4+lbpcascades/lbpcascade_frontalface.xml+3+9
dup2+4+lbpcascades/lbpcascade_frontalface.xml+5+1
dup2+4+lbpcascades/lbpcascade_frontalface.xml+5+3
dup2+4+lbpcascades/lbpcascade_frontalface.xml+5+5
dup2+4+lbpcascades/lbpcascade_frontalface.xml+5+7
dup2+4+lbpcascades/lbpcascade_frontalface.xml+5+9
dup2+4+lbpcascades/lbpcascade_frontalface.xml+7+1
dup2+4+lbpcascades/lbpcascade_frontalface.xml+7+3
dup2+4+lbpcascades/lbpcascade_frontalface.xml+7+5
dup2+4+lbpcascades/lbpcascade_frontalface.xml+7+7
dup2+4+lbpcascades/lbpcascade_frontalface.xml+7+9
dup2+4+lbpcascades/lbpcascade_frontalface.xml+8+1
dup2+4+lbpcascades/lbpcascade_frontalface.xml+8+3
dup2+4+lbpcascades/lbpcascade_frontalface.xml+8+5
dup2+4+lbpcascades/lbpcascade_frontalface.xml+8+7
dup2+4+lbpcascades/lbpcascade_frontalface.xml+8+9
dup2+4+lbpcascades/lbpcascade_frontalface.xml+10+1
dup2+4+lbpcascades/lbpcascade_frontalface.xml+10+3
dup2+4+lbpcascades/lbpcascade_frontalface.xml+10+5
dup2+4+lbpcascades/lbpcascade_frontalface.xml+10+7
dup2+4+lbpcascades/lbpcascade_frontalface.xml+10+9
dup2+4+lbpcascades/lbpcascade_frontalface.xml+20+1
dup2+4+lbpcascades/lbpcascade_frontalface.xml+20+3
dup2+4+lbpcascades/lbpcascade_frontalface.xml+20+5
dup2+4+lbpcascades/lbpcascade_frontalface.xml+20+7
dup2+4+lbpcascades/lbpcascade_frontalface.xml+20+9
dup2+4+lbpcascades/lbpcascade_frontalface.xml+30+1
dup2+4+lbpcascades/lbpcascade_frontalface.xml+30+3
dup2+4+lbpcascades/lbpcascade_frontalface.xml+30+5
dup2+4+lbpcascades/lbpcascade_frontalface.xml+30+7
dup2+4+lbpcascades/lbpcascade_frontalface.xml+30+9
dup2+4+lbpcascades/lbpcascade_frontalface_improved.xml+1+1
dup2+4+lbpcascades/lbpcascade_frontalface_improved.xml+1+3
dup2+4+lbpcascades/lbpcascade_frontalface_improved.xml+1+5
dup2+4+lbpcascades/lbpcascade_frontalface_improved.xml+1+7
dup2+4+lbpcascades/lbpcascade_frontalface_improved.xml+1+9
dup2+4+lbpcascades/lbpcascade_frontalface_improved.xml+3+1
dup2+4+lbpcascades/lbpcascade_frontalface_improved.xml+3+3
dup2+4+lbpcascades/lbpcascade_frontalface_improved.xml+3+5
dup2+4+lbpcascades/lbpcascade_frontalface_improved.xml+3+7
dup2+4+lbpcascades/lbpcascade_frontalface_improved.xml+3+9
dup2+4+lbpcascades/lbpcascade_frontalface_improved.xml+5+1
dup2+4+lbpcascades/lbpcascade_frontalface_improved.xml+5+3
dup2+4+lbpcascades/lbpcascade_frontalface_improved.xml+5+5
dup2+4+lbpcascades/lbpcascade_frontalface_improved.xml+5+7
dup2+4+lbpcascades/lbpcascade_frontalface_improved.xml+5+9
dup2+4+lbpcascades/lbpcascade_frontalface_improved.xml+7+1
dup2+4+lbpcascades/lbpcascade_frontalface_improved.xml+7+3
dup2+4+lbpcascades/lbpcascade_frontalface_improved.xml+7+5
dup2+4+lbpcascades/lbpcascade_frontalface_improved.xml+7+7
dup2+4+lbpcascades/lbpcascade_frontalface_improved.xml+7+9
dup2+4+lbpcascades/lbpcascade_frontalface_improved.xml+8+1
dup2+4+lbpcascades/lbpcascade_frontalface_improved.xml+8+3
dup2+4+lbpcascades/lbpcascade_frontalface_improved.xml+8+5
dup2+4+lbpcascades/lbpcascade_frontalface_improved.xml+8+7
dup2+4+lbpcascades/lbpcascade_frontalface_improved.xml+8+9
dup2+4+lbpcascades/lbpcascade_frontalface_improved.xml+10+1
dup2+4+lbpcascades/lbpcascade_frontalface_improved.xml+10+3
dup2+4+lbpcascades/lbpcascade_frontalface_improved.xml+10+5
dup2+4+lbpcascades/lbpcascade_frontalface_improved.xml+10+7
dup2+4+lbpcascades/lbpcascade_frontalface_improved.xml+10+9
dup2+4+lbpcascades/lbpcascade_frontalface_improved.xml+20+1
dup2+4+lbpcascades/lbpcascade_frontalface_improved.xml+20+3
dup2+4+lbpcascades/lbpcascade_frontalface_improved.xml+20+5
dup2+4+lbpcascades/lbpcascade_frontalface_improved.xml+20+7
dup2+4+lbpcascades/lbpcascade_frontalface_improved.xml+20+9
dup2+4+lbpcascades/lbpcascade_frontalface_improved.xml+30+1
dup2+4+lbpcascades/lbpcascade_frontalface_improved.xml+30+3
dup2+4+lbpcascades/lbpcascade_frontalface_improved.xml+30+5
dup2+4+lbpcascades/lbpcascade_frontalface_improved.xml+30+7
dup2+4+lbpcascades/lbpcascade_frontalface_improved.xml+30+9
dup2+4+haarcascades/haarcascade_frontalface_default.xml+1+1
dup2+4+haarcascades/haarcascade_frontalface_default.xml+1+3
dup2+4+haarcascades/haarcascade_frontalface_default.xml+1+5
dup2+4+haarcascades/haarcascade_frontalface_default.xml+1+7
dup2+4+haarcascades/haarcascade_frontalface_default.xml+1+9
dup2+4+haarcascades/haarcascade_frontalface_default.xml+3+1
dup2+4+haarcascades/haarcascade_frontalface_default.xml+3+3
dup2+4+haarcascades/haarcascade_frontalface_default.xml+3+5
dup2+4+haarcascades/haarcascade_frontalface_default.xml+3+7
dup2+4+haarcascades/haarcascade_frontalface_default.xml+3+9
dup2+4+haarcascades/haarcascade_frontalface_default.xml+5+1
dup2+4+haarcascades/haarcascade_frontalface_default.xml+5+3
dup2+4+haarcascades/haarcascade_frontalface_default.xml+5+5
dup2+4+haarcascades/haarcascade_frontalface_default.xml+5+7
dup2+4+haarcascades/haarcascade_frontalface_default.xml+5+9
dup2+4+haarcascades/haarcascade_frontalface_default.xml+7+1
dup2+4+haarcascades/haarcascade_frontalface_default.xml+7+3
dup2+4+haarcascades/haarcascade_frontalface_default.xml+7+5
dup2+4+haarcascades/haarcascade_frontalface_default.xml+7+7
dup2+4+haarcascades/haarcascade_frontalface_default.xml+7+9
dup2+4+haarcascades/haarcascade_frontalface_default.xml+8+1
dup2+4+haarcascades/haarcascade_frontalface_default.xml+8+3
dup2+4+haarcascades/haarcascade_frontalface_default.xml+8+5
dup2+4+haarcascades/haarcascade_frontalface_default.xml+8+7
dup2+4+haarcascades/haarcascade_frontalface_default.xml+8+9
dup2+4+haarcascades/haarcascade_frontalface_default.xml+10+1
dup2+4+haarcascades/haarcascade_frontalface_default.xml+10+3
dup2+4+haarcascades/haarcascade_frontalface_default.xml+10+5
dup2+4+haarcascades/haarcascade_frontalface_default.xml+10+7
dup2+4+haarcascades/haarcascade_frontalface_default.xml+10+9
dup2+4+haarcascades/haarcascade_frontalface_default.xml+20+1
dup2+4+haarcascades/haarcascade_frontalface_default.xml+20+3
dup2+4+haarcascades/haarcascade_frontalface_default.xml+20+5
dup2+4+haarcascades/haarcascade_frontalface_default.xml+20+7
dup2+4+haarcascades/haarcascade_frontalface_default.xml+20+9
dup2+4+haarcascades/haarcascade_frontalface_default.xml+30+1
dup2+4+haarcascades/haarcascade_frontalface_default.xml+30+3
dup2+4+haarcascades/haarcascade_frontalface_default.xml+30+5
dup2+4+haarcascades/haarcascade_frontalface_default.xml+30+7
dup2+4+haarcascades/haarcascade_frontalface_default.xml+30+9
dup2+4+haarcascades/haarcascade_frontalface_alt.xml+1+1
dup2+4+haarcascades/haarcascade_frontalface_alt.xml+1+3
dup2+4+haarcascades/haarcascade_frontalface_alt.xml+1+5
dup2+4+haarcascades/haarcascade_frontalface_alt.xml+1+7
dup2+4+haarcascades/haarcascade_frontalface_alt.xml+1+9
dup2+4+haarcascades/haarcascade_frontalface_alt.xml+3+1
dup2+4+haarcascades/haarcascade_frontalface_alt.xml+3+3
dup2+4+haarcascades/haarcascade_frontalface_alt.xml+3+5
dup2+4+haarcascades/haarcascade_frontalface_alt.xml+3+7
dup2+4+haarcascades/haarcascade_frontalface_alt.xml+3+9
dup2+4+haarcascades/haarcascade_frontalface_alt.xml+5+1
dup2+4+haarcascades/haarcascade_frontalface_alt.xml+5+3
dup2+4+haarcascades/haarcascade_frontalface_alt.xml+5+5
dup2+4+haarcascades/haarcascade_frontalface_alt.xml+5+7
dup2+4+haarcascades/haarcascade_frontalface_alt.xml+5+9
dup2+4+haarcascades/haarcascade_frontalface_alt.xml+7+1
dup2+4+haarcascades/haarcascade_frontalface_alt.xml+7+3
dup2+4+haarcascades/haarcascade_frontalface_alt.xml+7+5
dup2+4+haarcascades/haarcascade_frontalface_alt.xml+7+7
dup2+4+haarcascades/haarcascade_frontalface_alt.xml+7+9
dup2+4+haarcascades/haarcascade_frontalface_alt.xml+8+1
dup2+4+haarcascades/haarcascade_frontalface_alt.xml+8+3
dup2+4+haarcascades/haarcascade_frontalface_alt.xml+8+5
dup2+4+haarcascades/haarcascade_frontalface_alt.xml+8+7
dup2+4+haarcascades/haarcascade_frontalface_alt.xml+8+9
dup2+4+haarcascades/haarcascade_frontalface_alt.xml+10+1
dup2+4+haarcascades/haarcascade_frontalface_alt.xml+10+3
dup2+4+haarcascades/haarcascade_frontalface_alt.xml+10+5
dup2+4+haarcascades/haarcascade_frontalface_alt.xml+10+7
dup2+4+haarcascades/haarcascade_frontalface_alt.xml+10+9
dup2+4+haarcascades/haarcascade_frontalface_alt.xml+20+1
dup2+4+haarcascades/haarcascade_frontalface_alt.xml+20+3
dup2+4+haarcascades/haarcascade_frontalface_alt.xml+20+5
dup2+4+haarcascades/haarcascade_frontalface_alt.xml+20+7
dup2+4+haarcascades/haarcascade_frontalface_alt.xml+20+9
dup2+4+haarcascades/haarcascade_frontalface_alt.xml+30+1
dup2+4+haarcascades/haarcascade_frontalface_alt.xml+30+3
dup2+4+haarcascades/haarcascade_frontalface_alt.xml+30+5
dup2+4+haarcascades/haarcascade_frontalface_alt.xml+30+7
dup2+4+haarcascades/haarcascade_frontalface_alt.xml+30+9
dup2+4+haarcascades/haarcascade_frontalface_alt2.xml+1+1
dup2+4+haarcascades/haarcascade_frontalface_alt2.xml+1+3
dup2+4+haarcascades/haarcascade_frontalface_alt2.xml+1+5
dup2+4+haarcascades/haarcascade_frontalface_alt2.xml+1+7
dup2+4+haarcascades/haarcascade_frontalface_alt2.xml+1+9
dup2+4+haarcascades/haarcascade_frontalface_alt2.xml+3+1
dup2+4+haarcascades/haarcascade_frontalface_alt2.xml+3+3
dup2+4+haarcascades/haarcascade_frontalface_alt2.xml+3+5
dup2+4+haarcascades/haarcascade_frontalface_alt2.xml+3+7
dup2+4+haarcascades/haarcascade_frontalface_alt2.xml+3+9
dup2+4+haarcascades/haarcascade_frontalface_alt2.xml+5+1
dup2+4+haarcascades/haarcascade_frontalface_alt2.xml+5+3
dup2+4+haarcascades/haarcascade_frontalface_alt2.xml+5+5
dup2+4+haarcascades/haarcascade_frontalface_alt2.xml+5+7
dup2+4+haarcascades/haarcascade_frontalface_alt2.xml+5+9
dup2+4+haarcascades/haarcascade_frontalface_alt2.xml+7+1
dup2+4+haarcascades/haarcascade_frontalface_alt2.xml+7+3
dup2+4+haarcascades/haarcascade_frontalface_alt2.xml+7+5
dup2+4+haarcascades/haarcascade_frontalface_alt2.xml+7+7
dup2+4+haarcascades/haarcascade_frontalface_alt2.xml+7+9
dup2+4+haarcascades/haarcascade_frontalface_alt2.xml+8+1
dup2+4+haarcascades/haarcascade_frontalface_alt2.xml+8+3
dup2+4+haarcascades/haarcascade_frontalface_alt2.xml+8+5
dup2+4+haarcascades/haarcascade_frontalface_alt2.xml+8+7
dup2+4+haarcascades/haarcascade_frontalface_alt2.xml+8+9
dup2+4+haarcascades/haarcascade_frontalface_alt2.xml+10+1
dup2+4+haarcascades/haarcascade_frontalface_alt2.xml+10+3
dup2+4+haarcascades/haarcascade_frontalface_alt2.xml+10+5
dup2+4+haarcascades/haarcascade_frontalface_alt2.xml+10+7
dup2+4+haarcascades/haarcascade_frontalface_alt2.xml+10+9
dup2+4+haarcascades/haarcascade_frontalface_alt2.xml+20+1
dup2+4+haarcascades/haarcascade_frontalface_alt2.xml+20+3
dup2+4+haarcascades/haarcascade_frontalface_alt2.xml+20+5
dup2+4+haarcascades/haarcascade_frontalface_alt2.xml+20+7
dup2+4+haarcascades/haarcascade_frontalface_alt2.xml+20+9
dup2+4+haarcascades/haarcascade_frontalface_alt2.xml+30+1
dup2+4+haarcascades/haarcascade_frontalface_alt2.xml+30+3
dup2+4+haarcascades/haarcascade_frontalface_alt2.xml+30+5
dup2+4+haarcascades/haarcascade_frontalface_alt2.xml+30+7
dup2+4+haarcascades/haarcascade_frontalface_alt2.xml+30+9
dup2+4+haarcascades/haarcascade_frontalface_alt_tree.xml+1+1
dup2+4+haarcascades/haarcascade_frontalface_alt_tree.xml+1+3
dup2+4+haarcascades/haarcascade_frontalface_alt_tree.xml+1+5
dup2+4+haarcascades/haarcascade_frontalface_alt_tree.xml+1+7
dup2+4+haarcascades/haarcascade_frontalface_alt_tree.xml+1+9
dup2+4+haarcascades/haarcascade_frontalface_alt_tree.xml+3+1
dup2+4+haarcascades/haarcascade_frontalface_alt_tree.xml+3+3
dup2+4+haarcascades/haarcascade_frontalface_alt_tree.xml+3+5
dup2+4+haarcascades/haarcascade_frontalface_alt_tree.xml+3+7
dup2+4+haarcascades/haarcascade_frontalface_alt_tree.xml+3+9
dup2+4+haarcascades/haarcascade_frontalface_alt_tree.xml+5+1
dup2+4+haarcascades/haarcascade_frontalface_alt_tree.xml+5+3
dup2+4+haarcascades/haarcascade_frontalface_alt_tree.xml+5+5
dup2+4+haarcascades/haarcascade_frontalface_alt_tree.xml+5+7
dup2+4+haarcascades/haarcascade_frontalface_alt_tree.xml+5+9
dup2+4+haarcascades/haarcascade_frontalface_alt_tree.xml+7+1
dup2+4+haarcascades/haarcascade_frontalface_alt_tree.xml+7+3
dup2+4+haarcascades/haarcascade_frontalface_alt_tree.xml+7+5
dup2+4+haarcascades/haarcascade_frontalface_alt_tree.xml+7+7
dup2+4+haarcascades/haarcascade_frontalface_alt_tree.xml+7+9
dup2+4+haarcascades/haarcascade_frontalface_alt_tree.xml+8+1
dup2+4+haarcascades/haarcascade_frontalface_alt_tree.xml+8+3
dup2+4+haarcascades/haarcascade_frontalface_alt_tree.xml+8+5
dup2+4+haarcascades/haarcascade_frontalface_alt_tree.xml+8+7
dup2+4+haarcascades/haarcascade_frontalface_alt_tree.xml+8+9
dup2+4+haarcascades/haarcascade_frontalface_alt_tree.xml+10+1
dup2+4+haarcascades/haarcascade_frontalface_alt_tree.xml+10+3
dup2+4+haarcascades/haarcascade_frontalface_alt_tree.xml+10+5
dup2+4+haarcascades/haarcascade_frontalface_alt_tree.xml+10+7
dup2+4+haarcascades/haarcascade_frontalface_alt_tree.xml+10+9
dup2+4+haarcascades/haarcascade_frontalface_alt_tree.xml+20+1
dup2+4+haarcascades/haarcascade_frontalface_alt_tree.xml+20+3
dup2+4+haarcascades/haarcascade_frontalface_alt_tree.xml+20+5
dup2+4+haarcascades/haarcascade_frontalface_alt_tree.xml+20+7
dup2+4+haarcascades/haarcascade_frontalface_alt_tree.xml+20+9
dup2+4+haarcascades/haarcascade_frontalface_alt_tree.xml+30+1
dup2+4+haarcascades/haarcascade_frontalface_alt_tree.xml+30+3
dup2+4+haarcascades/haarcascade_frontalface_alt_tree.xml+30+5
dup2+4+haarcascades/haarcascade_frontalface_alt_tree.xml+30+7
dup2+4+haarcascades/haarcascade_frontalface_alt_tree.xml+30+9
dup2+5+lbpcascades/lbpcascade_frontalface.xml+1+1
dup2+5+lbpcascades/lbpcascade_frontalface.xml+1+3
dup2+5+lbpcascades/lbpcascade_frontalface.xml+1+5
dup2+5+lbpcascades/lbpcascade_frontalface.xml+1+7
dup2+5+lbpcascades/lbpcascade_frontalface.xml+1+9
dup2+5+lbpcascades/lbpcascade_frontalface.xml+3+1
dup2+5+lbpcascades/lbpcascade_frontalface.xml+3+3
dup2+5+lbpcascades/lbpcascade_frontalface.xml+3+5
dup2+5+lbpcascades/lbpcascade_frontalface.xml+3+7
dup2+5+lbpcascades/lbpcascade_frontalface.xml+3+9
dup2+5+lbpcascades/lbpcascade_frontalface.xml+5+1
dup2+5+lbpcascades/lbpcascade_frontalface.xml+5+3
dup2+5+lbpcascades/lbpcascade_frontalface.xml+5+5
dup2+5+lbpcascades/lbpcascade_frontalface.xml+5+7
dup2+5+lbpcascades/lbpcascade_frontalface.xml+5+9
dup2+5+lbpcascades/lbpcascade_frontalface.xml+7+1
dup2+5+lbpcascades/lbpcascade_frontalface.xml+7+3
dup2+5+lbpcascades/lbpcascade_frontalface.xml+7+5
dup2+5+lbpcascades/lbpcascade_frontalface.xml+7+7
dup2+5+lbpcascades/lbpcascade_frontalface.xml+7+9
dup2+5+lbpcascades/lbpcascade_frontalface.xml+8+1
dup2+5+lbpcascades/lbpcascade_frontalface.xml+8+3
dup2+5+lbpcascades/lbpcascade_frontalface.xml+8+5
dup2+5+lbpcascades/lbpcascade_frontalface.xml+8+7
dup2+5+lbpcascades/lbpcascade_frontalface.xml+8+9
dup2+5+lbpcascades/lbpcascade_frontalface.xml+10+1
dup2+5+lbpcascades/lbpcascade_frontalface.xml+10+3
dup2+5+lbpcascades/lbpcascade_frontalface.xml+10+5
dup2+5+lbpcascades/lbpcascade_frontalface.xml+10+7
dup2+5+lbpcascades/lbpcascade_frontalface.xml+10+9
dup2+5+lbpcascades/lbpcascade_frontalface.xml+20+1
dup2+5+lbpcascades/lbpcascade_frontalface.xml+20+3
dup2+5+lbpcascades/lbpcascade_frontalface.xml+20+5
dup2+5+lbpcascades/lbpcascade_frontalface.xml+20+7
dup2+5+lbpcascades/lbpcascade_frontalface.xml+20+9
dup2+5+lbpcascades/lbpcascade_frontalface.xml+30+1
dup2+5+lbpcascades/lbpcascade_frontalface.xml+30+3
dup2+5+lbpcascades/lbpcascade_frontalface.xml+30+5
dup2+5+lbpcascades/lbpcascade_frontalface.xml+30+7
dup2+5+lbpcascades/lbpcascade_frontalface.xml+30+9
dup2+5+lbpcascades/lbpcascade_frontalface_improved.xml+1+1
dup2+5+lbpcascades/lbpcascade_frontalface_improved.xml+1+3
dup2+5+lbpcascades/lbpcascade_frontalface_improved.xml+1+5
dup2+5+lbpcascades/lbpcascade_frontalface_improved.xml+1+7
dup2+5+lbpcascades/lbpcascade_frontalface_improved.xml+1+9
dup2+5+lbpcascades/lbpcascade_frontalface_improved.xml+3+1
dup2+5+lbpcascades/lbpcascade_frontalface_improved.xml+3+3
dup2+5+lbpcascades/lbpcascade_frontalface_improved.xml+3+5
dup2+5+lbpcascades/lbpcascade_frontalface_improved.xml+3+7
dup2+5+lbpcascades/lbpcascade_frontalface_improved.xml+3+9
dup2+5+lbpcascades/lbpcascade_frontalface_improved.xml+5+1
dup2+5+lbpcascades/lbpcascade_frontalface_improved.xml+5+3
dup2+5+lbpcascades/lbpcascade_frontalface_improved.xml+5+5
dup2+5+lbpcascades/lbpcascade_frontalface_improved.xml+5+7
dup2+5+lbpcascades/lbpcascade_frontalface_improved.xml+5+9
dup2+5+lbpcascades/lbpcascade_frontalface_improved.xml+7+1
dup2+5+lbpcascades/lbpcascade_frontalface_improved.xml+7+3
dup2+5+lbpcascades/lbpcascade_frontalface_improved.xml+7+5
dup2+5+lbpcascades/lbpcascade_frontalface_improved.xml+7+7
dup2+5+lbpcascades/lbpcascade_frontalface_improved.xml+7+9
dup2+5+lbpcascades/lbpcascade_frontalface_improved.xml+8+1
dup2+5+lbpcascades/lbpcascade_frontalface_improved.xml+8+3
dup2+5+lbpcascades/lbpcascade_frontalface_improved.xml+8+5
dup2+5+lbpcascades/lbpcascade_frontalface_improved.xml+8+7
dup2+5+lbpcascades/lbpcascade_frontalface_improved.xml+8+9
dup2+5+lbpcascades/lbpcascade_frontalface_improved.xml+10+1
dup2+5+lbpcascades/lbpcascade_frontalface_improved.xml+10+3
dup2+5+lbpcascades/lbpcascade_frontalface_improved.xml+10+5
dup2+5+lbpcascades/lbpcascade_frontalface_improved.xml+10+7
dup2+5+lbpcascades/lbpcascade_frontalface_improved.xml+10+9
dup2+5+lbpcascades/lbpcascade_frontalface_improved.xml+20+1
dup2+5+lbpcascades/lbpcascade_frontalface_improved.xml+20+3
dup2+5+lbpcascades/lbpcascade_frontalface_improved.xml+20+5
dup2+5+lbpcascades/lbpcascade_frontalface_improved.xml+20+7
dup2+5+lbpcascades/lbpcascade_frontalface_improved.xml+20+9
dup2+5+lbpcascades/lbpcascade_frontalface_improved.xml+30+1
dup2+5+lbpcascades/lbpcascade_frontalface_improved.xml+30+3
dup2+5+lbpcascades/lbpcascade_frontalface_improved.xml+30+5
dup2+5+lbpcascades/lbpcascade_frontalface_improved.xml+30+7
dup2+5+lbpcascades/lbpcascade_frontalface_improved.xml+30+9
dup2+5+haarcascades/haarcascade_frontalface_default.xml+1+1
dup2+5+haarcascades/haarcascade_frontalface_default.xml+1+3
dup2+5+haarcascades/haarcascade_frontalface_default.xml+1+5
dup2+5+haarcascades/haarcascade_frontalface_default.xml+1+7
dup2+5+haarcascades/haarcascade_frontalface_default.xml+1+9
dup2+5+haarcascades/haarcascade_frontalface_default.xml+3+1
dup2+5+haarcascades/haarcascade_frontalface_default.xml+3+3
dup2+5+haarcascades/haarcascade_frontalface_default.xml+3+5
dup2+5+haarcascades/haarcascade_frontalface_default.xml+3+7
dup2+5+haarcascades/haarcascade_frontalface_default.xml+3+9
dup2+5+haarcascades/haarcascade_frontalface_default.xml+5+1
dup2+5+haarcascades/haarcascade_frontalface_default.xml+5+3
dup2+5+haarcascades/haarcascade_frontalface_default.xml+5+5
dup2+5+haarcascades/haarcascade_frontalface_default.xml+5+7
dup2+5+haarcascades/haarcascade_frontalface_default.xml+5+9
dup2+5+haarcascades/haarcascade_frontalface_default.xml+7+1
dup2+5+haarcascades/haarcascade_frontalface_default.xml+7+3
dup2+5+haarcascades/haarcascade_frontalface_default.xml+7+5
dup2+5+haarcascades/haarcascade_frontalface_default.xml+7+7
dup2+5+haarcascades/haarcascade_frontalface_default.xml+7+9
dup2+5+haarcascades/haarcascade_frontalface_default.xml+8+1
dup2+5+haarcascades/haarcascade_frontalface_default.xml+8+3
dup2+5+haarcascades/haarcascade_frontalface_default.xml+8+5
dup2+5+haarcascades/haarcascade_frontalface_default.xml+8+7
dup2+5+haarcascades/haarcascade_frontalface_default.xml+8+9
dup2+5+haarcascades/haarcascade_frontalface_default.xml+10+1
dup2+5+haarcascades/haarcascade_frontalface_default.xml+10+3
dup2+5+haarcascades/haarcascade_frontalface_default.xml+10+5
dup2+5+haarcascades/haarcascade_frontalface_default.xml+10+7
dup2+5+haarcascades/haarcascade_frontalface_default.xml+10+9
dup2+5+haarcascades/haarcascade_frontalface_default.xml+20+1
dup2+5+haarcascades/haarcascade_frontalface_default.xml+20+3
dup2+5+haarcascades/haarcascade_frontalface_default.xml+20+5
dup2+5+haarcascades/haarcascade_frontalface_default.xml+20+7
dup2+5+haarcascades/haarcascade_frontalface_default.xml+20+9
dup2+5+haarcascades/haarcascade_frontalface_default.xml+30+1
dup2+5+haarcascades/haarcascade_frontalface_default.xml+30+3
dup2+5+haarcascades/haarcascade_frontalface_default.xml+30+5
dup2+5+haarcascades/haarcascade_frontalface_default.xml+30+7
dup2+5+haarcascades/haarcascade_frontalface_default.xml+30+9
dup2+5+haarcascades/haarcascade_frontalface_alt.xml+1+1
dup2+5+haarcascades/haarcascade_frontalface_alt.xml+1+3
dup2+5+haarcascades/haarcascade_frontalface_alt.xml+1+5
dup2+5+haarcascades/haarcascade_frontalface_alt.xml+1+7
dup2+5+haarcascades/haarcascade_frontalface_alt.xml+1+9
dup2+5+haarcascades/haarcascade_frontalface_alt.xml+3+1
dup2+5+haarcascades/haarcascade_frontalface_alt.xml+3+3
dup2+5+haarcascades/haarcascade_frontalface_alt.xml+3+5
dup2+5+haarcascades/haarcascade_frontalface_alt.xml+3+7
dup2+5+haarcascades/haarcascade_frontalface_alt.xml+3+9
dup2+5+haarcascades/haarcascade_frontalface_alt.xml+5+1
dup2+5+haarcascades/haarcascade_frontalface_alt.xml+5+3
dup2+5+haarcascades/haarcascade_frontalface_alt.xml+5+5
dup2+5+haarcascades/haarcascade_frontalface_alt.xml+5+7
dup2+5+haarcascades/haarcascade_frontalface_alt.xml+5+9
dup2+5+haarcascades/haarcascade_frontalface_alt.xml+7+1
dup2+5+haarcascades/haarcascade_frontalface_alt.xml+7+3
dup2+5+haarcascades/haarcascade_frontalface_alt.xml+7+5
dup2+5+haarcascades/haarcascade_frontalface_alt.xml+7+7
dup2+5+haarcascades/haarcascade_frontalface_alt.xml+7+9
dup2+5+haarcascades/haarcascade_frontalface_alt.xml+8+1
dup2+5+haarcascades/haarcascade_frontalface_alt.xml+8+3
dup2+5+haarcascades/haarcascade_frontalface_alt.xml+8+5
dup2+5+haarcascades/haarcascade_frontalface_alt.xml+8+7
dup2+5+haarcascades/haarcascade_frontalface_alt.xml+8+9
dup2+5+haarcascades/haarcascade_frontalface_alt.xml+10+1
dup2+5+haarcascades/haarcascade_frontalface_alt.xml+10+3
dup2+5+haarcascades/haarcascade_frontalface_alt.xml+10+5
dup2+5+haarcascades/haarcascade_frontalface_alt.xml+10+7
dup2+5+haarcascades/haarcascade_frontalface_alt.xml+10+9
dup2+5+haarcascades/haarcascade_frontalface_alt.xml+20+1
dup2+5+haarcascades/haarcascade_frontalface_alt.xml+20+3
dup2+5+haarcascades/haarcascade_frontalface_alt.xml+20+5
dup2+5+haarcascades/haarcascade_frontalface_alt.xml+20+7
dup2+5+haarcascades/haarcascade_frontalface_alt.xml+20+9
dup2+5+haarcascades/haarcascade_frontalface_alt.xml+30+1
dup2+5+haarcascades/haarcascade_frontalface_alt.xml+30+3
dup2+5+haarcascades/haarcascade_frontalface_alt.xml+30+5
dup2+5+haarcascades/haarcascade_frontalface_alt.xml+30+7
dup2+5+haarcascades/haarcascade_frontalface_alt.xml+30+9
dup2+5+haarcascades/haarcascade_frontalface_alt2.xml+1+1
dup2+5+haarcascades/haarcascade_frontalface_alt2.xml+1+3
dup2+5+haarcascades/haarcascade_frontalface_alt2.xml+1+5
dup2+5+haarcascades/haarcascade_frontalface_alt2.xml+1+7
dup2+5+haarcascades/haarcascade_frontalface_alt2.xml+1+9
dup2+5+haarcascades/haarcascade_frontalface_alt2.xml+3+1
dup2+5+haarcascades/haarcascade_frontalface_alt2.xml+3+3
dup2+5+haarcascades/haarcascade_frontalface_alt2.xml+3+5
dup2+5+haarcascades/haarcascade_frontalface_alt2.xml+3+7
dup2+5+haarcascades/haarcascade_frontalface_alt2.xml+3+9
dup2+5+haarcascades/haarcascade_frontalface_alt2.xml+5+1
dup2+5+haarcascades/haarcascade_frontalface_alt2.xml+5+3
dup2+5+haarcascades/haarcascade_frontalface_alt2.xml+5+5
dup2+5+haarcascades/haarcascade_frontalface_alt2.xml+5+7
dup2+5+haarcascades/haarcascade_frontalface_alt2.xml+5+9
dup2+5+haarcascades/haarcascade_frontalface_alt2.xml+7+1
dup2+5+haarcascades/haarcascade_frontalface_alt2.xml+7+3
dup2+5+haarcascades/haarcascade_frontalface_alt2.xml+7+5
dup2+5+haarcascades/haarcascade_frontalface_alt2.xml+7+7
dup2+5+haarcascades/haarcascade_frontalface_alt2.xml+7+9
dup2+5+haarcascades/haarcascade_frontalface_alt2.xml+8+1
dup2+5+haarcascades/haarcascade_frontalface_alt2.xml+8+3
dup2+5+haarcascades/haarcascade_frontalface_alt2.xml+8+5
dup2+5+haarcascades/haarcascade_frontalface_alt2.xml+8+7
dup2+5+haarcascades/haarcascade_frontalface_alt2.xml+8+9
dup2+5+haarcascades/haarcascade_frontalface_alt2.xml+10+1
dup2+5+haarcascades/haarcascade_frontalface_alt2.xml+10+3
dup2+5+haarcascades/haarcascade_frontalface_alt2.xml+10+5
dup2+5+haarcascades/haarcascade_frontalface_alt2.xml+10+7
dup2+5+haarcascades/haarcascade_frontalface_alt2.xml+10+9
dup2+5+haarcascades/haarcascade_frontalface_alt2.xml+20+1
dup2+5+haarcascades/haarcascade_frontalface_alt2.xml+20+3
dup2+5+haarcascades/haarcascade_frontalface_alt2.xml+20+5
dup2+5+haarcascades/haarcascade_frontalface_alt2.xml+20+7
dup2+5+haarcascades/haarcascade_frontalface_alt2.xml+20+9
dup2+5+haarcascades/haarcascade_frontalface_alt2.xml+30+1
dup2+5+haarcascades/haarcascade_frontalface_alt2.xml+30+3
dup2+5+haarcascades/haarcascade_frontalface_alt2.xml+30+5
dup2+5+haarcascades/haarcascade_frontalface_alt2.xml+30+7
dup2+5+haarcascades/haarcascade_frontalface_alt2.xml+30+9
dup2+5+haarcascades/haarcascade_frontalface_alt_tree.xml+1+1
dup2+5+haarcascades/haarcascade_frontalface_alt_tree.xml+1+3
dup2+5+haarcascades/haarcascade_frontalface_alt_tree.xml+1+5
dup2+5+haarcascades/haarcascade_frontalface_alt_tree.xml+1+7
dup2+5+haarcascades/haarcascade_frontalface_alt_tree.xml+1+9
dup2+5+haarcascades/haarcascade_frontalface_alt_tree.xml+3+1
dup2+5+haarcascades/haarcascade_frontalface_alt_tree.xml+3+3
dup2+5+haarcascades/haarcascade_frontalface_alt_tree.xml+3+5
dup2+5+haarcascades/haarcascade_frontalface_alt_tree.xml+3+7
dup2+5+haarcascades/haarcascade_frontalface_alt_tree.xml+3+9
dup2+5+haarcascades/haarcascade_frontalface_alt_tree.xml+5+1
dup2+5+haarcascades/haarcascade_frontalface_alt_tree.xml+5+3
dup2+5+haarcascades/haarcascade_frontalface_alt_tree.xml+5+5
dup2+5+haarcascades/haarcascade_frontalface_alt_tree.xml+5+7
dup2+5+haarcascades/haarcascade_frontalface_alt_tree.xml+5+9
dup2+5+haarcascades/haarcascade_frontalface_alt_tree.xml+7+1
dup2+5+haarcascades/haarcascade_frontalface_alt_tree.xml+7+3
dup2+5+haarcascades/haarcascade_frontalface_alt_tree.xml+7+5
dup2+5+haarcascades/haarcascade_frontalface_alt_tree.xml+7+7
dup2+5+haarcascades/haarcascade_frontalface_alt_tree.xml+7+9
dup2+5+haarcascades/haarcascade_frontalface_alt_tree.xml+8+1
dup2+5+haarcascades/haarcascade_frontalface_alt_tree.xml+8+3
dup2+5+haarcascades/haarcascade_frontalface_alt_tree.xml+8+5
dup2+5+haarcascades/haarcascade_frontalface_alt_tree.xml+8+7
dup2+5+haarcascades/haarcascade_frontalface_alt_tree.xml+8+9
dup2+5+haarcascades/haarcascade_frontalface_alt_tree.xml+10+1
dup2+5+haarcascades/haarcascade_frontalface_alt_tree.xml+10+3
dup2+5+haarcascades/haarcascade_frontalface_alt_tree.xml+10+5
dup2+5+haarcascades/haarcascade_frontalface_alt_tree.xml+10+7
dup2+5+haarcascades/haarcascade_frontalface_alt_tree.xml+10+9
dup2+5+haarcascades/haarcascade_frontalface_alt_tree.xml+20+1
dup2+5+haarcascades/haarcascade_frontalface_alt_tree.xml+20+3
dup2+5+haarcascades/haarcascade_frontalface_alt_tree.xml+20+5
dup2+5+haarcascades/haarcascade_frontalface_alt_tree.xml+20+7
dup2+5+haarcascades/haarcascade_frontalface_alt_tree.xml+20+9
dup2+5+haarcascades/haarcascade_frontalface_alt_tree.xml+30+1
dup2+5+haarcascades/haarcascade_frontalface_alt_tree.xml+30+3
dup2+5+haarcascades/haarcascade_frontalface_alt_tree.xml+30+5
dup2+5+haarcascades/haarcascade_frontalface_alt_tree.xml+30+7
dup2+5+haarcascades/haarcascade_frontalface_alt_tree.xml+30+9
dup2+7.5+lbpcascades/lbpcascade_frontalface.xml+1+1
dup2+7.5+lbpcascades/lbpcascade_frontalface.xml+1+3
dup2+7.5+lbpcascades/lbpcascade_frontalface.xml+1+5
dup2+7.5+lbpcascades/lbpcascade_frontalface.xml+1+7
dup2+7.5+lbpcascades/lbpcascade_frontalface.xml+1+9
dup2+7.5+lbpcascades/lbpcascade_frontalface.xml+3+1
dup2+7.5+lbpcascades/lbpcascade_frontalface.xml+3+3
dup2+7.5+lbpcascades/lbpcascade_frontalface.xml+3+5
dup2+7.5+lbpcascades/lbpcascade_frontalface.xml+3+7
dup2+7.5+lbpcascades/lbpcascade_frontalface.xml+3+9
dup2+7.5+lbpcascades/lbpcascade_frontalface.xml+5+1
dup2+7.5+lbpcascades/lbpcascade_frontalface.xml+5+3
dup2+7.5+lbpcascades/lbpcascade_frontalface.xml+5+5
dup2+7.5+lbpcascades/lbpcascade_frontalface.xml+5+7
dup2+7.5+lbpcascades/lbpcascade_frontalface.xml+5+9
dup2+7.5+lbpcascades/lbpcascade_frontalface.xml+7+1
dup2+7.5+lbpcascades/lbpcascade_frontalface.xml+7+3
dup2+7.5+lbpcascades/lbpcascade_frontalface.xml+7+5
dup2+7.5+lbpcascades/lbpcascade_frontalface.xml+7+7
dup2+7.5+lbpcascades/lbpcascade_frontalface.xml+7+9
dup2+7.5+lbpcascades/lbpcascade_frontalface.xml+8+1
dup2+7.5+lbpcascades/lbpcascade_frontalface.xml+8+3
dup2+7.5+lbpcascades/lbpcascade_frontalface.xml+8+5
dup2+7.5+lbpcascades/lbpcascade_frontalface.xml+8+7
dup2+7.5+lbpcascades/lbpcascade_frontalface.xml+8+9
dup2+7.5+lbpcascades/lbpcascade_frontalface.xml+10+1
dup2+7.5+lbpcascades/lbpcascade_frontalface.xml+10+3
dup2+7.5+lbpcascades/lbpcascade_frontalface.xml+10+5
dup2+7.5+lbpcascades/lbpcascade_frontalface.xml+10+7
dup2+7.5+lbpcascades/lbpcascade_frontalface.xml+10+9
dup2+7.5+lbpcascades/lbpcascade_frontalface.xml+20+1
dup2+7.5+lbpcascades/lbpcascade_frontalface.xml+20+3
dup2+7.5+lbpcascades/lbpcascade_frontalface.xml+20+5
dup2+7.5+lbpcascades/lbpcascade_frontalface.xml+20+7
dup2+7.5+lbpcascades/lbpcascade_frontalface.xml+20+9
dup2+7.5+lbpcascades/lbpcascade_frontalface.xml+30+1
dup2+7.5+lbpcascades/lbpcascade_frontalface.xml+30+3
dup2+7.5+lbpcascades/lbpcascade_frontalface.xml+30+5
dup2+7.5+lbpcascades/lbpcascade_frontalface.xml+30+7
dup2+7.5+lbpcascades/lbpcascade_frontalface.xml+30+9
dup2+7.5+lbpcascades/lbpcascade_frontalface_improved.xml+1+1
dup2+7.5+lbpcascades/lbpcascade_frontalface_improved.xml+1+3
dup2+7.5+lbpcascades/lbpcascade_frontalface_improved.xml+1+5
dup2+7.5+lbpcascades/lbpcascade_frontalface_improved.xml+1+7
dup2+7.5+lbpcascades/lbpcascade_frontalface_improved.xml+1+9
dup2+7.5+lbpcascades/lbpcascade_frontalface_improved.xml+3+1
dup2+7.5+lbpcascades/lbpcascade_frontalface_improved.xml+3+3
dup2+7.5+lbpcascades/lbpcascade_frontalface_improved.xml+3+5
dup2+7.5+lbpcascades/lbpcascade_frontalface_improved.xml+3+7
dup2+7.5+lbpcascades/lbpcascade_frontalface_improved.xml+3+9
dup2+7.5+lbpcascades/lbpcascade_frontalface_improved.xml+5+1
dup2+7.5+lbpcascades/lbpcascade_frontalface_improved.xml+5+3
dup2+7.5+lbpcascades/lbpcascade_frontalface_improved.xml+5+5
dup2+7.5+lbpcascades/lbpcascade_frontalface_improved.xml+5+7
dup2+7.5+lbpcascades/lbpcascade_frontalface_improved.xml+5+9
dup2+7.5+lbpcascades/lbpcascade_frontalface_improved.xml+7+1
dup2+7.5+lbpcascades/lbpcascade_frontalface_improved.xml+7+3
dup2+7.5+lbpcascades/lbpcascade_frontalface_improved.xml+7+5
dup2+7.5+lbpcascades/lbpcascade_frontalface_improved.xml+7+7
dup2+7.5+lbpcascades/lbpcascade_frontalface_improved.xml+7+9
dup2+7.5+lbpcascades/lbpcascade_frontalface_improved.xml+8+1
dup2+7.5+lbpcascades/lbpcascade_frontalface_improved.xml+8+3
dup2+7.5+lbpcascades/lbpcascade_frontalface_improved.xml+8+5
dup2+7.5+lbpcascades/lbpcascade_frontalface_improved.xml+8+7
dup2+7.5+lbpcascades/lbpcascade_frontalface_improved.xml+8+9
dup2+7.5+lbpcascades/lbpcascade_frontalface_improved.xml+10+1
dup2+7.5+lbpcascades/lbpcascade_frontalface_improved.xml+10+3
dup2+7.5+lbpcascades/lbpcascade_frontalface_improved.xml+10+5
dup2+7.5+lbpcascades/lbpcascade_frontalface_improved.xml+10+7
dup2+7.5+lbpcascades/lbpcascade_frontalface_improved.xml+10+9
dup2+7.5+lbpcascades/lbpcascade_frontalface_improved.xml+20+1
dup2+7.5+lbpcascades/lbpcascade_frontalface_improved.xml+20+3
dup2+7.5+lbpcascades/lbpcascade_frontalface_improved.xml+20+5
dup2+7.5+lbpcascades/lbpcascade_frontalface_improved.xml+20+7
dup2+7.5+lbpcascades/lbpcascade_frontalface_improved.xml+20+9
dup2+7.5+lbpcascades/lbpcascade_frontalface_improved.xml+30+1
dup2+7.5+lbpcascades/lbpcascade_frontalface_improved.xml+30+3
dup2+7.5+lbpcascades/lbpcascade_frontalface_improved.xml+30+5
dup2+7.5+lbpcascades/lbpcascade_frontalface_improved.xml+30+7
dup2+7.5+lbpcascades/lbpcascade_frontalface_improved.xml+30+9
dup2+7.5+haarcascades/haarcascade_frontalface_default.xml+1+1
dup2+7.5+haarcascades/haarcascade_frontalface_default.xml+1+3
dup2+7.5+haarcascades/haarcascade_frontalface_default.xml+1+5
dup2+7.5+haarcascades/haarcascade_frontalface_default.xml+1+7
dup2+7.5+haarcascades/haarcascade_frontalface_default.xml+1+9
dup2+7.5+haarcascades/haarcascade_frontalface_default.xml+3+1
dup2+7.5+haarcascades/haarcascade_frontalface_default.xml+3+3
dup2+7.5+haarcascades/haarcascade_frontalface_default.xml+3+5
dup2+7.5+haarcascades/haarcascade_frontalface_default.xml+3+7
dup2+7.5+haarcascades/haarcascade_frontalface_default.xml+3+9
dup2+7.5+haarcascades/haarcascade_frontalface_default.xml+5+1
dup2+7.5+haarcascades/haarcascade_frontalface_default.xml+5+3
dup2+7.5+haarcascades/haarcascade_frontalface_default.xml+5+5
dup2+7.5+haarcascades/haarcascade_frontalface_default.xml+5+7
dup2+7.5+haarcascades/haarcascade_frontalface_default.xml+5+9
dup2+7.5+haarcascades/haarcascade_frontalface_default.xml+7+1
dup2+7.5+haarcascades/haarcascade_frontalface_default.xml+7+3
dup2+7.5+haarcascades/haarcascade_frontalface_default.xml+7+5
dup2+7.5+haarcascades/haarcascade_frontalface_default.xml+7+7
dup2+7.5+haarcascades/haarcascade_frontalface_default.xml+7+9
dup2+7.5+haarcascades/haarcascade_frontalface_default.xml+8+1
dup2+7.5+haarcascades/haarcascade_frontalface_default.xml+8+3
dup2+7.5+haarcascades/haarcascade_frontalface_default.xml+8+5
dup2+7.5+haarcascades/haarcascade_frontalface_default.xml+8+7
dup2+7.5+haarcascades/haarcascade_frontalface_default.xml+8+9
dup2+7.5+haarcascades/haarcascade_frontalface_default.xml+10+1
dup2+7.5+haarcascades/haarcascade_frontalface_default.xml+10+3
dup2+7.5+haarcascades/haarcascade_frontalface_default.xml+10+5
dup2+7.5+haarcascades/haarcascade_frontalface_default.xml+10+7
dup2+7.5+haarcascades/haarcascade_frontalface_default.xml+10+9
dup2+7.5+haarcascades/haarcascade_frontalface_default.xml+20+1
dup2+7.5+haarcascades/haarcascade_frontalface_default.xml+20+3
dup2+7.5+haarcascades/haarcascade_frontalface_default.xml+20+5
dup2+7.5+haarcascades/haarcascade_frontalface_default.xml+20+7
dup2+7.5+haarcascades/haarcascade_frontalface_default.xml+20+9
dup2+7.5+haarcascades/haarcascade_frontalface_default.xml+30+1
dup2+7.5+haarcascades/haarcascade_frontalface_default.xml+30+3
dup2+7.5+haarcascades/haarcascade_frontalface_default.xml+30+5
dup2+7.5+haarcascades/haarcascade_frontalface_default.xml+30+7
dup2+7.5+haarcascades/haarcascade_frontalface_default.xml+30+9
dup2+7.5+haarcascades/haarcascade_frontalface_alt.xml+1+1
dup2+7.5+haarcascades/haarcascade_frontalface_alt.xml+1+3
dup2+7.5+haarcascades/haarcascade_frontalface_alt.xml+1+5
dup2+7.5+haarcascades/haarcascade_frontalface_alt.xml+1+7
dup2+7.5+haarcascades/haarcascade_frontalface_alt.xml+1+9
dup2+7.5+haarcascades/haarcascade_frontalface_alt.xml+3+1
dup2+7.5+haarcascades/haarcascade_frontalface_alt.xml+3+3
dup2+7.5+haarcascades/haarcascade_frontalface_alt.xml+3+5
dup2+7.5+haarcascades/haarcascade_frontalface_alt.xml+3+7
dup2+7.5+haarcascades/haarcascade_frontalface_alt.xml+3+9
dup2+7.5+haarcascades/haarcascade_frontalface_alt.xml+5+1
dup2+7.5+haarcascades/haarcascade_frontalface_alt.xml+5+3
dup2+7.5+haarcascades/haarcascade_frontalface_alt.xml+5+5
dup2+7.5+haarcascades/haarcascade_frontalface_alt.xml+5+7
dup2+7.5+haarcascades/haarcascade_frontalface_alt.xml+5+9
dup2+7.5+haarcascades/haarcascade_frontalface_alt.xml+7+1
dup2+7.5+haarcascades/haarcascade_frontalface_alt.xml+7+3
dup2+7.5+haarcascades/haarcascade_frontalface_alt.xml+7+5
dup2+7.5+haarcascades/haarcascade_frontalface_alt.xml+7+7
dup2+7.5+haarcascades/haarcascade_frontalface_alt.xml+7+9
dup2+7.5+haarcascades/haarcascade_frontalface_alt.xml+8+1
dup2+7.5+haarcascades/haarcascade_frontalface_alt.xml+8+3
dup2+7.5+haarcascades/haarcascade_frontalface_alt.xml+8+5
dup2+7.5+haarcascades/haarcascade_frontalface_alt.xml+8+7
dup2+7.5+haarcascades/haarcascade_frontalface_alt.xml+8+9
dup2+7.5+haarcascades/haarcascade_frontalface_alt.xml+10+1
dup2+7.5+haarcascades/haarcascade_frontalface_alt.xml+10+3
dup2+7.5+haarcascades/haarcascade_frontalface_alt.xml+10+5
dup2+7.5+haarcascades/haarcascade_frontalface_alt.xml+10+7
dup2+7.5+haarcascades/haarcascade_frontalface_alt.xml+10+9
dup2+7.5+haarcascades/haarcascade_frontalface_alt.xml+20+1
dup2+7.5+haarcascades/haarcascade_frontalface_alt.xml+20+3
dup2+7.5+haarcascades/haarcascade_frontalface_alt.xml+20+5
dup2+7.5+haarcascades/haarcascade_frontalface_alt.xml+20+7
dup2+7.5+haarcascades/haarcascade_frontalface_alt.xml+20+9
dup2+7.5+haarcascades/haarcascade_frontalface_alt.xml+30+1
dup2+7.5+haarcascades/haarcascade_frontalface_alt.xml+30+3
dup2+7.5+haarcascades/haarcascade_frontalface_alt.xml+30+5
dup2+7.5+haarcascades/haarcascade_frontalface_alt.xml+30+7
dup2+7.5+haarcascades/haarcascade_frontalface_alt.xml+30+9
dup2+7.5+haarcascades/haarcascade_frontalface_alt2.xml+1+1
dup2+7.5+haarcascades/haarcascade_frontalface_alt2.xml+1+3
dup2+7.5+haarcascades/haarcascade_frontalface_alt2.xml+1+5
dup2+7.5+haarcascades/haarcascade_frontalface_alt2.xml+1+7
dup2+7.5+haarcascades/haarcascade_frontalface_alt2.xml+1+9
dup2+7.5+haarcascades/haarcascade_frontalface_alt2.xml+3+1
dup2+7.5+haarcascades/haarcascade_frontalface_alt2.xml+3+3
dup2+7.5+haarcascades/haarcascade_frontalface_alt2.xml+3+5
dup2+7.5+haarcascades/haarcascade_frontalface_alt2.xml+3+7
dup2+7.5+haarcascades/haarcascade_frontalface_alt2.xml+3+9
dup2+7.5+haarcascades/haarcascade_frontalface_alt2.xml+5+1
dup2+7.5+haarcascades/haarcascade_frontalface_alt2.xml+5+3
dup2+7.5+haarcascades/haarcascade_frontalface_alt2.xml+5+5
dup2+7.5+haarcascades/haarcascade_frontalface_alt2.xml+5+7
dup2+7.5+haarcascades/haarcascade_frontalface_alt2.xml+5+9
dup2+7.5+haarcascades/haarcascade_frontalface_alt2.xml+7+1
dup2+7.5+haarcascades/haarcascade_frontalface_alt2.xml+7+3
dup2+7.5+haarcascades/haarcascade_frontalface_alt2.xml+7+5
dup2+7.5+haarcascades/haarcascade_frontalface_alt2.xml+7+7
dup2+7.5+haarcascades/haarcascade_frontalface_alt2.xml+7+9
dup2+7.5+haarcascades/haarcascade_frontalface_alt2.xml+8+1
dup2+7.5+haarcascades/haarcascade_frontalface_alt2.xml+8+3
dup2+7.5+haarcascades/haarcascade_frontalface_alt2.xml+8+5
dup2+7.5+haarcascades/haarcascade_frontalface_alt2.xml+8+7
dup2+7.5+haarcascades/haarcascade_frontalface_alt2.xml+8+9
dup2+7.5+haarcascades/haarcascade_frontalface_alt2.xml+10+1
dup2+7.5+haarcascades/haarcascade_frontalface_alt2.xml+10+3
dup2+7.5+haarcascades/haarcascade_frontalface_alt2.xml+10+5
dup2+7.5+haarcascades/haarcascade_frontalface_alt2.xml+10+7
dup2+7.5+haarcascades/haarcascade_frontalface_alt2.xml+10+9
dup2+7.5+haarcascades/haarcascade_frontalface_alt2.xml+20+1
dup2+7.5+haarcascades/haarcascade_frontalface_alt2.xml+20+3
dup2+7.5+haarcascades/haarcascade_frontalface_alt2.xml+20+5
dup2+7.5+haarcascades/haarcascade_frontalface_alt2.xml+20+7
dup2+7.5+haarcascades/haarcascade_frontalface_alt2.xml+20+9
dup2+7.5+haarcascades/haarcascade_frontalface_alt2.xml+30+1
dup2+7.5+haarcascades/haarcascade_frontalface_alt2.xml+30+3
dup2+7.5+haarcascades/haarcascade_frontalface_alt2.xml+30+5
dup2+7.5+haarcascades/haarcascade_frontalface_alt2.xml+30+7
dup2+7.5+haarcascades/haarcascade_frontalface_alt2.xml+30+9
dup2+7.5+haarcascades/haarcascade_frontalface_alt_tree.xml+1+1
dup2+7.5+haarcascades/haarcascade_frontalface_alt_tree.xml+1+3
dup2+7.5+haarcascades/haarcascade_frontalface_alt_tree.xml+1+5
dup2+7.5+haarcascades/haarcascade_frontalface_alt_tree.xml+1+7
dup2+7.5+haarcascades/haarcascade_frontalface_alt_tree.xml+1+9
dup2+7.5+haarcascades/haarcascade_frontalface_alt_tree.xml+3+1
dup2+7.5+haarcascades/haarcascade_frontalface_alt_tree.xml+3+3
dup2+7.5+haarcascades/haarcascade_frontalface_alt_tree.xml+3+5
dup2+7.5+haarcascades/haarcascade_frontalface_alt_tree.xml+3+7
dup2+7.5+haarcascades/haarcascade_frontalface_alt_tree.xml+3+9
dup2+7.5+haarcascades/haarcascade_frontalface_alt_tree.xml+5+1
dup2+7.5+haarcascades/haarcascade_frontalface_alt_tree.xml+5+3
dup2+7.5+haarcascades/haarcascade_frontalface_alt_tree.xml+5+5
dup2+7.5+haarcascades/haarcascade_frontalface_alt_tree.xml+5+7
dup2+7.5+haarcascades/haarcascade_frontalface_alt_tree.xml+5+9
dup2+7.5+haarcascades/haarcascade_frontalface_alt_tree.xml+7+1
dup2+7.5+haarcascades/haarcascade_frontalface_alt_tree.xml+7+3
dup2+7.5+haarcascades/haarcascade_frontalface_alt_tree.xml+7+5
dup2+7.5+haarcascades/haarcascade_frontalface_alt_tree.xml+7+7
dup2+7.5+haarcascades/haarcascade_frontalface_alt_tree.xml+7+9
dup2+7.5+haarcascades/haarcascade_frontalface_alt_tree.xml+8+1
dup2+7.5+haarcascades/haarcascade_frontalface_alt_tree.xml+8+3
dup2+7.5+haarcascades/haarcascade_frontalface_alt_tree.xml+8+5
dup2+7.5+haarcascades/haarcascade_frontalface_alt_tree.xml+8+7
dup2+7.5+haarcascades/haarcascade_frontalface_alt_tree.xml+8+9
dup2+7.5+haarcascades/haarcascade_frontalface_alt_tree.xml+10+1
dup2+7.5+haarcascades/haarcascade_frontalface_alt_tree.xml+10+3
dup2+7.5+haarcascades/haarcascade_frontalface_alt_tree.xml+10+5
dup2+7.5+haarcascades/haarcascade_frontalface_alt_tree.xml+10+7
dup2+7.5+haarcascades/haarcascade_frontalface_alt_tree.xml+10+9
dup2+7.5+haarcascades/haarcascade_frontalface_alt_tree.xml+20+1
dup2+7.5+haarcascades/haarcascade_frontalface_alt_tree.xml+20+3
dup2+7.5+haarcascades/haarcascade_frontalface_alt_tree.xml+20+5
dup2+7.5+haarcascades/haarcascade_frontalface_alt_tree.xml+20+7
dup2+7.5+haarcascades/haarcascade_frontalface_alt_tree.xml+20+9
dup2+7.5+haarcascades/haarcascade_frontalface_alt_tree.xml+30+1
dup2+7.5+haarcascades/haarcascade_frontalface_alt_tree.xml+30+3
dup2+7.5+haarcascades/haarcascade_frontalface_alt_tree.xml+30+5
dup2+7.5+haarcascades/haarcascade_frontalface_alt_tree.xml+30+7
dup2+7.5+haarcascades/haarcascade_frontalface_alt_tree.xml+30+9
fb+1+lbpcascades/lbpcascade_frontalface.xml+1+1
fb+1+lbpcascades/lbpcascade_frontalface.xml+1+3
fb+1+lbpcascades/lbpcascade_frontalface.xml+1+5
fb+1+lbpcascades/lbpcascade_frontalface.xml+1+7
fb+1+lbpcascades/lbpcascade_frontalface.xml+1+9
fb+1+lbpcascades/lbpcascade_frontalface.xml+3+1
fb+1+lbpcascades/lbpcascade_frontalface.xml+3+3
fb+1+lbpcascades/lbpcascade_frontalface.xml+3+5
fb+1+lbpcascades/lbpcascade_frontalface.xml+3+7
fb+1+lbpcascades/lbpcascade_frontalface.xml+3+9
fb+1+lbpcascades/lbpcascade_frontalface.xml+5+1
fb+1+lbpcascades/lbpcascade_frontalface.xml+5+3
fb+1+lbpcascades/lbpcascade_frontalface.xml+5+5
fb+1+lbpcascades/lbpcascade_frontalface.xml+5+7
fb+1+lbpcascades/lbpcascade_frontalface.xml+5+9
fb+1+lbpcascades/lbpcascade_frontalface.xml+7+1
fb+1+lbpcascades/lbpcascade_frontalface.xml+7+3
fb+1+lbpcascades/lbpcascade_frontalface.xml+7+5
fb+1+lbpcascades/lbpcascade_frontalface.xml+7+7
fb+1+lbpcascades/lbpcascade_frontalface.xml+7+9
fb+1+lbpcascades/lbpcascade_frontalface.xml+8+1
fb+1+lbpcascades/lbpcascade_frontalface.xml+8+3
fb+1+lbpcascades/lbpcascade_frontalface.xml+8+5
fb+1+lbpcascades/lbpcascade_frontalface.xml+8+7
fb+1+lbpcascades/lbpcascade_frontalface.xml+8+9
fb+1+lbpcascades/lbpcascade_frontalface.xml+10+1
fb+1+lbpcascades/lbpcascade_frontalface.xml+10+3
fb+1+lbpcascades/lbpcascade_frontalface.xml+10+5
fb+1+lbpcascades/lbpcascade_frontalface.xml+10+7
fb+1+lbpcascades/lbpcascade_frontalface.xml+10+9
fb+1+lbpcascades/lbpcascade_frontalface.xml+20+1
fb+1+lbpcascades/lbpcascade_frontalface.xml+20+3
fb+1+lbpcascades/lbpcascade_frontalface.xml+20+5
fb+1+lbpcascades/lbpcascade_frontalface.xml+20+7
fb+1+lbpcascades/lbpcascade_frontalface.xml+20+9
fb+1+lbpcascades/lbpcascade_frontalface.xml+30+1
fb+1+lbpcascades/lbpcascade_frontalface.xml+30+3
fb+1+lbpcascades/lbpcascade_frontalface.xml+30+5
fb+1+lbpcascades/lbpcascade_frontalface.xml+30+7
fb+1+lbpcascades/lbpcascade_frontalface.xml+30+9
fb+1+lbpcascades/lbpcascade_frontalface_improved.xml+1+1
fb+1+lbpcascades/lbpcascade_frontalface_improved.xml+1+3
fb+1+lbpcascades/lbpcascade_frontalface_improved.xml+1+5
fb+1+lbpcascades/lbpcascade_frontalface_improved.xml+1+7
fb+1+lbpcascades/lbpcascade_frontalface_improved.xml+1+9
fb+1+lbpcascades/lbpcascade_frontalface_improved.xml+3+1
fb+1+lbpcascades/lbpcascade_frontalface_improved.xml+3+3
fb+1+lbpcascades/lbpcascade_frontalface_improved.xml+3+5
fb+1+lbpcascades/lbpcascade_frontalface_improved.xml+3+7
fb+1+lbpcascades/lbpcascade_frontalface_improved.xml+3+9
fb+1+lbpcascades/lbpcascade_frontalface_improved.xml+5+1
fb+1+lbpcascades/lbpcascade_frontalface_improved.xml+5+3
fb+1+lbpcascades/lbpcascade_frontalface_improved.xml+5+5
fb+1+lbpcascades/lbpcascade_frontalface_improved.xml+5+7
fb+1+lbpcascades/lbpcascade_frontalface_improved.xml+5+9
fb+1+lbpcascades/lbpcascade_frontalface_improved.xml+7+1
fb+1+lbpcascades/lbpcascade_frontalface_improved.xml+7+3
fb+1+lbpcascades/lbpcascade_frontalface_improved.xml+7+5
fb+1+lbpcascades/lbpcascade_frontalface_improved.xml+7+7
fb+1+lbpcascades/lbpcascade_frontalface_improved.xml+7+9
fb+1+lbpcascades/lbpcascade_frontalface_improved.xml+8+1
fb+1+lbpcascades/lbpcascade_frontalface_improved.xml+8+3
fb+1+lbpcascades/lbpcascade_frontalface_improved.xml+8+5
fb+1+lbpcascades/lbpcascade_frontalface_improved.xml+8+7
fb+1+lbpcascades/lbpcascade_frontalface_improved.xml+8+9
fb+1+lbpcascades/lbpcascade_frontalface_improved.xml+10+1
fb+1+lbpcascades/lbpcascade_frontalface_improved.xml+10+3
fb+1+lbpcascades/lbpcascade_frontalface_improved.xml+10+5
fb+1+lbpcascades/lbpcascade_frontalface_improved.xml+10+7
fb+1+lbpcascades/lbpcascade_frontalface_improved.xml+10+9
fb+1+lbpcascades/lbpcascade_frontalface_improved.xml+20+1
fb+1+lbpcascades/lbpcascade_frontalface_improved.xml+20+3
fb+1+lbpcascades/lbpcascade_frontalface_improved.xml+20+5
fb+1+lbpcascades/lbpcascade_frontalface_improved.xml+20+7
fb+1+lbpcascades/lbpcascade_frontalface_improved.xml+20+9
fb+1+lbpcascades/lbpcascade_frontalface_improved.xml+30+1
fb+1+lbpcascades/lbpcascade_frontalface_improved.xml+30+3
fb+1+lbpcascades/lbpcascade_frontalface_improved.xml+30+5
fb+1+lbpcascades/lbpcascade_frontalface_improved.xml+30+7
fb+1+lbpcascades/lbpcascade_frontalface_improved.xml+30+9
fb+1+haarcascades/haarcascade_frontalface_default.xml+1+1
fb+1+haarcascades/haarcascade_frontalface_default.xml+1+3
fb+1+haarcascades/haarcascade_frontalface_default.xml+1+5
fb+1+haarcascades/haarcascade_frontalface_default.xml+1+7
fb+1+haarcascades/haarcascade_frontalface_default.xml+1+9
fb+1+haarcascades/haarcascade_frontalface_default.xml+3+1
fb+1+haarcascades/haarcascade_frontalface_default.xml+3+3
fb+1+haarcascades/haarcascade_frontalface_default.xml+3+5
fb+1+haarcascades/haarcascade_frontalface_default.xml+3+7
fb+1+haarcascades/haarcascade_frontalface_default.xml+3+9
fb+1+haarcascades/haarcascade_frontalface_default.xml+5+1
fb+1+haarcascades/haarcascade_frontalface_default.xml+5+3
fb+1+haarcascades/haarcascade_frontalface_default.xml+5+5
fb+1+haarcascades/haarcascade_frontalface_default.xml+5+7
fb+1+haarcascades/haarcascade_frontalface_default.xml+5+9
fb+1+haarcascades/haarcascade_frontalface_default.xml+7+1
fb+1+haarcascades/haarcascade_frontalface_default.xml+7+3
fb+1+haarcascades/haarcascade_frontalface_default.xml+7+5
fb+1+haarcascades/haarcascade_frontalface_default.xml+7+7
fb+1+haarcascades/haarcascade_frontalface_default.xml+7+9
fb+1+haarcascades/haarcascade_frontalface_default.xml+8+1
fb+1+haarcascades/haarcascade_frontalface_default.xml+8+3
fb+1+haarcascades/haarcascade_frontalface_default.xml+8+5
fb+1+haarcascades/haarcascade_frontalface_default.xml+8+7
fb+1+haarcascades/haarcascade_frontalface_default.xml+8+9
fb+1+haarcascades/haarcascade_frontalface_default.xml+10+1
fb+1+haarcascades/haarcascade_frontalface_default.xml+10+3
fb+1+haarcascades/haarcascade_frontalface_default.xml+10+5
fb+1+haarcascades/haarcascade_frontalface_default.xml+10+7
fb+1+haarcascades/haarcascade_frontalface_default.xml+10+9
fb+1+haarcascades/haarcascade_frontalface_default.xml+20+1
fb+1+haarcascades/haarcascade_frontalface_default.xml+20+3
fb+1+haarcascades/haarcascade_frontalface_default.xml+20+5
fb+1+haarcascades/haarcascade_frontalface_default.xml+20+7
fb+1+haarcascades/haarcascade_frontalface_default.xml+20+9
fb+1+haarcascades/haarcascade_frontalface_default.xml+30+1
fb+1+haarcascades/haarcascade_frontalface_default.xml+30+3
fb+1+haarcascades/haarcascade_frontalface_default.xml+30+5
fb+1+haarcascades/haarcascade_frontalface_default.xml+30+7
fb+1+haarcascades/haarcascade_frontalface_default.xml+30+9
fb+1+haarcascades/haarcascade_frontalface_alt.xml+1+1
fb+1+haarcascades/haarcascade_frontalface_alt.xml+1+3
fb+1+haarcascades/haarcascade_frontalface_alt.xml+1+5
fb+1+haarcascades/haarcascade_frontalface_alt.xml+1+7
fb+1+haarcascades/haarcascade_frontalface_alt.xml+1+9
fb+1+haarcascades/haarcascade_frontalface_alt.xml+3+1
fb+1+haarcascades/haarcascade_frontalface_alt.xml+3+3
fb+1+haarcascades/haarcascade_frontalface_alt.xml+3+5
fb+1+haarcascades/haarcascade_frontalface_alt.xml+3+7
fb+1+haarcascades/haarcascade_frontalface_alt.xml+3+9
fb+1+haarcascades/haarcascade_frontalface_alt.xml+5+1
fb+1+haarcascades/haarcascade_frontalface_alt.xml+5+3
fb+1+haarcascades/haarcascade_frontalface_alt.xml+5+5
fb+1+haarcascades/haarcascade_frontalface_alt.xml+5+7
fb+1+haarcascades/haarcascade_frontalface_alt.xml+5+9
fb+1+haarcascades/haarcascade_frontalface_alt.xml+7+1
fb+1+haarcascades/haarcascade_frontalface_alt.xml+7+3
fb+1+haarcascades/haarcascade_frontalface_alt.xml+7+5
fb+1+haarcascades/haarcascade_frontalface_alt.xml+7+7
fb+1+haarcascades/haarcascade_frontalface_alt.xml+7+9
fb+1+haarcascades/haarcascade_frontalface_alt.xml+8+1
fb+1+haarcascades/haarcascade_frontalface_alt.xml+8+3
fb+1+haarcascades/haarcascade_frontalface_alt.xml+8+5
fb+1+haarcascades/haarcascade_frontalface_alt.xml+8+7
fb+1+haarcascades/haarcascade_frontalface_alt.xml+8+9
fb+1+haarcascades/haarcascade_frontalface_alt.xml+10+1
fb+1+haarcascades/haarcascade_frontalface_alt.xml+10+3
fb+1+haarcascades/haarcascade_frontalface_alt.xml+10+5
fb+1+haarcascades/haarcascade_frontalface_alt.xml+10+7
fb+1+haarcascades/haarcascade_frontalface_alt.xml+10+9
fb+1+haarcascades/haarcascade_frontalface_alt.xml+20+1
fb+1+haarcascades/haarcascade_frontalface_alt.xml+20+3
fb+1+haarcascades/haarcascade_frontalface_alt.xml+20+5
fb+1+haarcascades/haarcascade_frontalface_alt.xml+20+7
fb+1+haarcascades/haarcascade_frontalface_alt.xml+20+9
fb+1+haarcascades/haarcascade_frontalface_alt.xml+30+1
fb+1+haarcascades/haarcascade_frontalface_alt.xml+30+3
fb+1+haarcascades/haarcascade_frontalface_alt.xml+30+5
fb+1+haarcascades/haarcascade_frontalface_alt.xml+30+7
fb+1+haarcascades/haarcascade_frontalface_alt.xml+30+9
fb+1+haarcascades/haarcascade_frontalface_alt2.xml+1+1
fb+1+haarcascades/haarcascade_frontalface_alt2.xml+1+3
fb+1+haarcascades/haarcascade_frontalface_alt2.xml+1+5
fb+1+haarcascades/haarcascade_frontalface_alt2.xml+1+7
fb+1+haarcascades/haarcascade_frontalface_alt2.xml+1+9
fb+1+haarcascades/haarcascade_frontalface_alt2.xml+3+1
fb+1+haarcascades/haarcascade_frontalface_alt2.xml+3+3
fb+1+haarcascades/haarcascade_frontalface_alt2.xml+3+5
fb+1+haarcascades/haarcascade_frontalface_alt2.xml+3+7
fb+1+haarcascades/haarcascade_frontalface_alt2.xml+3+9
fb+1+haarcascades/haarcascade_frontalface_alt2.xml+5+1
fb+1+haarcascades/haarcascade_frontalface_alt2.xml+5+3
fb+1+haarcascades/haarcascade_frontalface_alt2.xml+5+5
fb+1+haarcascades/haarcascade_frontalface_alt2.xml+5+7
fb+1+haarcascades/haarcascade_frontalface_alt2.xml+5+9
fb+1+haarcascades/haarcascade_frontalface_alt2.xml+7+1
fb+1+haarcascades/haarcascade_frontalface_alt2.xml+7+3
fb+1+haarcascades/haarcascade_frontalface_alt2.xml+7+5
fb+1+haarcascades/haarcascade_frontalface_alt2.xml+7+7
fb+1+haarcascades/haarcascade_frontalface_alt2.xml+7+9
fb+1+haarcascades/haarcascade_frontalface_alt2.xml+8+1
fb+1+haarcascades/haarcascade_frontalface_alt2.xml+8+3
fb+1+haarcascades/haarcascade_frontalface_alt2.xml+8+5
fb+1+haarcascades/haarcascade_frontalface_alt2.xml+8+7
fb+1+haarcascades/haarcascade_frontalface_alt2.xml+8+9
fb+1+haarcascades/haarcascade_frontalface_alt2.xml+10+1
fb+1+haarcascades/haarcascade_frontalface_alt2.xml+10+3
fb+1+haarcascades/haarcascade_frontalface_alt2.xml+10+5
fb+1+haarcascades/haarcascade_frontalface_alt2.xml+10+7
fb+1+haarcascades/haarcascade_frontalface_alt2.xml+10+9
fb+1+haarcascades/haarcascade_frontalface_alt2.xml+20+1
fb+1+haarcascades/haarcascade_frontalface_alt2.xml+20+3
fb+1+haarcascades/haarcascade_frontalface_alt2.xml+20+5
fb+1+haarcascades/haarcascade_frontalface_alt2.xml+20+7
fb+1+haarcascades/haarcascade_frontalface_alt2.xml+20+9
fb+1+haarcascades/haarcascade_frontalface_alt2.xml+30+1
fb+1+haarcascades/haarcascade_frontalface_alt2.xml+30+3
fb+1+haarcascades/haarcascade_frontalface_alt2.xml+30+5
fb+1+haarcascades/haarcascade_frontalface_alt2.xml+30+7
fb+1+haarcascades/haarcascade_frontalface_alt2.xml+30+9
fb+1+haarcascades/haarcascade_frontalface_alt_tree.xml+1+1
fb+1+haarcascades/haarcascade_frontalface_alt_tree.xml+1+3
fb+1+haarcascades/haarcascade_frontalface_alt_tree.xml+1+5
fb+1+haarcascades/haarcascade_frontalface_alt_tree.xml+1+7
fb+1+haarcascades/haarcascade_frontalface_alt_tree.xml+1+9
fb+1+haarcascades/haarcascade_frontalface_alt_tree.xml+3+1
fb+1+haarcascades/haarcascade_frontalface_alt_tree.xml+3+3
fb+1+haarcascades/haarcascade_frontalface_alt_tree.xml+3+5
fb+1+haarcascades/haarcascade_frontalface_alt_tree.xml+3+7
fb+1+haarcascades/haarcascade_frontalface_alt_tree.xml+3+9
fb+1+haarcascades/haarcascade_frontalface_alt_tree.xml+5+1
fb+1+haarcascades/haarcascade_frontalface_alt_tree.xml+5+3
fb+1+haarcascades/haarcascade_frontalface_alt_tree.xml+5+5
fb+1+haarcascades/haarcascade_frontalface_alt_tree.xml+5+7
fb+1+haarcascades/haarcascade_frontalface_alt_tree.xml+5+9
fb+1+haarcascades/haarcascade_frontalface_alt_tree.xml+7+1
fb+1+haarcascades/haarcascade_frontalface_alt_tree.xml+7+3
fb+1+haarcascades/haarcascade_frontalface_alt_tree.xml+7+5
fb+1+haarcascades/haarcascade_frontalface_alt_tree.xml+7+7
fb+1+haarcascades/haarcascade_frontalface_alt_tree.xml+7+9
fb+1+haarcascades/haarcascade_frontalface_alt_tree.xml+8+1
fb+1+haarcascades/haarcascade_frontalface_alt_tree.xml+8+3
fb+1+haarcascades/haarcascade_frontalface_alt_tree.xml+8+5
fb+1+haarcascades/haarcascade_frontalface_alt_tree.xml+8+7
fb+1+haarcascades/haarcascade_frontalface_alt_tree.xml+8+9
fb+1+haarcascades/haarcascade_frontalface_alt_tree.xml+10+1
fb+1+haarcascades/haarcascade_frontalface_alt_tree.xml+10+3
fb+1+haarcascades/haarcascade_frontalface_alt_tree.xml+10+5
fb+1+haarcascades/haarcascade_frontalface_alt_tree.xml+10+7
fb+1+haarcascades/haarcascade_frontalface_alt_tree.xml+10+9
fb+1+haarcascades/haarcascade_frontalface_alt_tree.xml+20+1
fb+1+haarcascades/haarcascade_frontalface_alt_tree.xml+20+3
fb+1+haarcascades/haarcascade_frontalface_alt_tree.xml+20+5
fb+1+haarcascades/haarcascade_frontalface_alt_tree.xml+20+7
fb+1+haarcascades/haarcascade_frontalface_alt_tree.xml+20+9
fb+1+haarcascades/haarcascade_frontalface_alt_tree.xml+30+1
fb+1+haarcascades/haarcascade_frontalface_alt_tree.xml+30+3
fb+1+haarcascades/haarcascade_frontalface_alt_tree.xml+30+5
fb+1+haarcascades/haarcascade_frontalface_alt_tree.xml+30+7
fb+1+haarcascades/haarcascade_frontalface_alt_tree.xml+30+9
fb+1.25+lbpcascades/lbpcascade_frontalface.xml+1+1
fb+1.25+lbpcascades/lbpcascade_frontalface.xml+1+3
fb+1.25+lbpcascades/lbpcascade_frontalface.xml+1+5
fb+1.25+lbpcascades/lbpcascade_frontalface.xml+1+7
fb+1.25+lbpcascades/lbpcascade_frontalface.xml+1+9
fb+1.25+lbpcascades/lbpcascade_frontalface.xml+3+1
fb+1.25+lbpcascades/lbpcascade_frontalface.xml+3+3
fb+1.25+lbpcascades/lbpcascade_frontalface.xml+3+5
fb+1.25+lbpcascades/lbpcascade_frontalface.xml+3+7
fb+1.25+lbpcascades/lbpcascade_frontalface.xml+3+9
fb+1.25+lbpcascades/lbpcascade_frontalface.xml+5+1
fb+1.25+lbpcascades/lbpcascade_frontalface.xml+5+3
fb+1.25+lbpcascades/lbpcascade_frontalface.xml+5+5
fb+1.25+lbpcascades/lbpcascade_frontalface.xml+5+7
fb+1.25+lbpcascades/lbpcascade_frontalface.xml+5+9
fb+1.25+lbpcascades/lbpcascade_frontalface.xml+7+1
fb+1.25+lbpcascades/lbpcascade_frontalface.xml+7+3
fb+1.25+lbpcascades/lbpcascade_frontalface.xml+7+5
fb+1.25+lbpcascades/lbpcascade_frontalface.xml+7+7
fb+1.25+lbpcascades/lbpcascade_frontalface.xml+7+9
fb+1.25+lbpcascades/lbpcascade_frontalface.xml+8+1
fb+1.25+lbpcascades/lbpcascade_frontalface.xml+8+3
fb+1.25+lbpcascades/lbpcascade_frontalface.xml+8+5
fb+1.25+lbpcascades/lbpcascade_frontalface.xml+8+7
fb+1.25+lbpcascades/lbpcascade_frontalface.xml+8+9
fb+1.25+lbpcascades/lbpcascade_frontalface.xml+10+1
fb+1.25+lbpcascades/lbpcascade_frontalface.xml+10+3
fb+1.25+lbpcascades/lbpcascade_frontalface.xml+10+5
fb+1.25+lbpcascades/lbpcascade_frontalface.xml+10+7
fb+1.25+lbpcascades/lbpcascade_frontalface.xml+10+9
fb+1.25+lbpcascades/lbpcascade_frontalface.xml+20+1
fb+1.25+lbpcascades/lbpcascade_frontalface.xml+20+3
fb+1.25+lbpcascades/lbpcascade_frontalface.xml+20+5
fb+1.25+lbpcascades/lbpcascade_frontalface.xml+20+7
fb+1.25+lbpcascades/lbpcascade_frontalface.xml+20+9
fb+1.25+lbpcascades/lbpcascade_frontalface.xml+30+1
fb+1.25+lbpcascades/lbpcascade_frontalface.xml+30+3
fb+1.25+lbpcascades/lbpcascade_frontalface.xml+30+5
fb+1.25+lbpcascades/lbpcascade_frontalface.xml+30+7
fb+1.25+lbpcascades/lbpcascade_frontalface.xml+30+9
fb+1.25+lbpcascades/lbpcascade_frontalface_improved.xml+1+1
fb+1.25+lbpcascades/lbpcascade_frontalface_improved.xml+1+3
fb+1.25+lbpcascades/lbpcascade_frontalface_improved.xml+1+5
fb+1.25+lbpcascades/lbpcascade_frontalface_improved.xml+1+7
fb+1.25+lbpcascades/lbpcascade_frontalface_improved.xml+1+9
fb+1.25+lbpcascades/lbpcascade_frontalface_improved.xml+3+1
fb+1.25+lbpcascades/lbpcascade_frontalface_improved.xml+3+3
fb+1.25+lbpcascades/lbpcascade_frontalface_improved.xml+3+5
fb+1.25+lbpcascades/lbpcascade_frontalface_improved.xml+3+7
fb+1.25+lbpcascades/lbpcascade_frontalface_improved.xml+3+9
fb+1.25+lbpcascades/lbpcascade_frontalface_improved.xml+5+1
fb+1.25+lbpcascades/lbpcascade_frontalface_improved.xml+5+3
fb+1.25+lbpcascades/lbpcascade_frontalface_improved.xml+5+5
fb+1.25+lbpcascades/lbpcascade_frontalface_improved.xml+5+7
fb+1.25+lbpcascades/lbpcascade_frontalface_improved.xml+5+9
fb+1.25+lbpcascades/lbpcascade_frontalface_improved.xml+7+1
fb+1.25+lbpcascades/lbpcascade_frontalface_improved.xml+7+3
fb+1.25+lbpcascades/lbpcascade_frontalface_improved.xml+7+5
fb+1.25+lbpcascades/lbpcascade_frontalface_improved.xml+7+7
fb+1.25+lbpcascades/lbpcascade_frontalface_improved.xml+7+9
fb+1.25+lbpcascades/lbpcascade_frontalface_improved.xml+8+1
fb+1.25+lbpcascades/lbpcascade_frontalface_improved.xml+8+3
fb+1.25+lbpcascades/lbpcascade_frontalface_improved.xml+8+5
fb+1.25+lbpcascades/lbpcascade_frontalface_improved.xml+8+7
fb+1.25+lbpcascades/lbpcascade_frontalface_improved.xml+8+9
fb+1.25+lbpcascades/lbpcascade_frontalface_improved.xml+10+1
fb+1.25+lbpcascades/lbpcascade_frontalface_improved.xml+10+3
fb+1.25+lbpcascades/lbpcascade_frontalface_improved.xml+10+5
fb+1.25+lbpcascades/lbpcascade_frontalface_improved.xml+10+7
fb+1.25+lbpcascades/lbpcascade_frontalface_improved.xml+10+9
fb+1.25+lbpcascades/lbpcascade_frontalface_improved.xml+20+1
fb+1.25+lbpcascades/lbpcascade_frontalface_improved.xml+20+3
fb+1.25+lbpcascades/lbpcascade_frontalface_improved.xml+20+5
fb+1.25+lbpcascades/lbpcascade_frontalface_improved.xml+20+7
fb+1.25+lbpcascades/lbpcascade_frontalface_improved.xml+20+9
fb+1.25+lbpcascades/lbpcascade_frontalface_improved.xml+30+1
fb+1.25+lbpcascades/lbpcascade_frontalface_improved.xml+30+3
fb+1.25+lbpcascades/lbpcascade_frontalface_improved.xml+30+5
fb+1.25+lbpcascades/lbpcascade_frontalface_improved.xml+30+7
fb+1.25+lbpcascades/lbpcascade_frontalface_improved.xml+30+9
fb+1.25+haarcascades/haarcascade_frontalface_default.xml+1+1
fb+1.25+haarcascades/haarcascade_frontalface_default.xml+1+3
fb+1.25+haarcascades/haarcascade_frontalface_default.xml+1+5
fb+1.25+haarcascades/haarcascade_frontalface_default.xml+1+7
fb+1.25+haarcascades/haarcascade_frontalface_default.xml+1+9
fb+1.25+haarcascades/haarcascade_frontalface_default.xml+3+1
fb+1.25+haarcascades/haarcascade_frontalface_default.xml+3+3
fb+1.25+haarcascades/haarcascade_frontalface_default.xml+3+5
fb+1.25+haarcascades/haarcascade_frontalface_default.xml+3+7
fb+1.25+haarcascades/haarcascade_frontalface_default.xml+3+9
fb+1.25+haarcascades/haarcascade_frontalface_default.xml+5+1
fb+1.25+haarcascades/haarcascade_frontalface_default.xml+5+3
fb+1.25+haarcascades/haarcascade_frontalface_default.xml+5+5
fb+1.25+haarcascades/haarcascade_frontalface_default.xml+5+7
fb+1.25+haarcascades/haarcascade_frontalface_default.xml+5+9
fb+1.25+haarcascades/haarcascade_frontalface_default.xml+7+1
fb+1.25+haarcascades/haarcascade_frontalface_default.xml+7+3
fb+1.25+haarcascades/haarcascade_frontalface_default.xml+7+5
fb+1.25+haarcascades/haarcascade_frontalface_default.xml+7+7
fb+1.25+haarcascades/haarcascade_frontalface_default.xml+7+9
fb+1.25+haarcascades/haarcascade_frontalface_default.xml+8+1
fb+1.25+haarcascades/haarcascade_frontalface_default.xml+8+3
fb+1.25+haarcascades/haarcascade_frontalface_default.xml+8+5
fb+1.25+haarcascades/haarcascade_frontalface_default.xml+8+7
fb+1.25+haarcascades/haarcascade_frontalface_default.xml+8+9
fb+1.25+haarcascades/haarcascade_frontalface_default.xml+10+1
fb+1.25+haarcascades/haarcascade_frontalface_default.xml+10+3
fb+1.25+haarcascades/haarcascade_frontalface_default.xml+10+5
fb+1.25+haarcascades/haarcascade_frontalface_default.xml+10+7
fb+1.25+haarcascades/haarcascade_frontalface_default.xml+10+9
fb+1.25+haarcascades/haarcascade_frontalface_default.xml+20+1
fb+1.25+haarcascades/haarcascade_frontalface_default.xml+20+3
fb+1.25+haarcascades/haarcascade_frontalface_default.xml+20+5
fb+1.25+haarcascades/haarcascade_frontalface_default.xml+20+7
fb+1.25+haarcascades/haarcascade_frontalface_default.xml+20+9
fb+1.25+haarcascades/haarcascade_frontalface_default.xml+30+1
fb+1.25+haarcascades/haarcascade_frontalface_default.xml+30+3
fb+1.25+haarcascades/haarcascade_frontalface_default.xml+30+5
fb+1.25+haarcascades/haarcascade_frontalface_default.xml+30+7
fb+1.25+haarcascades/haarcascade_frontalface_default.xml+30+9
fb+1.25+haarcascades/haarcascade_frontalface_alt.xml+1+1
fb+1.25+haarcascades/haarcascade_frontalface_alt.xml+1+3
fb+1.25+haarcascades/haarcascade_frontalface_alt.xml+1+5
fb+1.25+haarcascades/haarcascade_frontalface_alt.xml+1+7
fb+1.25+haarcascades/haarcascade_frontalface_alt.xml+1+9
fb+1.25+haarcascades/haarcascade_frontalface_alt.xml+3+1
fb+1.25+haarcascades/haarcascade_frontalface_alt.xml+3+3
fb+1.25+haarcascades/haarcascade_frontalface_alt.xml+3+5
fb+1.25+haarcascades/haarcascade_frontalface_alt.xml+3+7
fb+1.25+haarcascades/haarcascade_frontalface_alt.xml+3+9
fb+1.25+haarcascades/haarcascade_frontalface_alt.xml+5+1
fb+1.25+haarcascades/haarcascade_frontalface_alt.xml+5+3
fb+1.25+haarcascades/haarcascade_frontalface_alt.xml+5+5
fb+1.25+haarcascades/haarcascade_frontalface_alt.xml+5+7
fb+1.25+haarcascades/haarcascade_frontalface_alt.xml+5+9
fb+1.25+haarcascades/haarcascade_frontalface_alt.xml+7+1
fb+1.25+haarcascades/haarcascade_frontalface_alt.xml+7+3
fb+1.25+haarcascades/haarcascade_frontalface_alt.xml+7+5
fb+1.25+haarcascades/haarcascade_frontalface_alt.xml+7+7
fb+1.25+haarcascades/haarcascade_frontalface_alt.xml+7+9
fb+1.25+haarcascades/haarcascade_frontalface_alt.xml+8+1
fb+1.25+haarcascades/haarcascade_frontalface_alt.xml+8+3
fb+1.25+haarcascades/haarcascade_frontalface_alt.xml+8+5
fb+1.25+haarcascades/haarcascade_frontalface_alt.xml+8+7
fb+1.25+haarcascades/haarcascade_frontalface_alt.xml+8+9
fb+1.25+haarcascades/haarcascade_frontalface_alt.xml+10+1
fb+1.25+haarcascades/haarcascade_frontalface_alt.xml+10+3
fb+1.25+haarcascades/haarcascade_frontalface_alt.xml+10+5
fb+1.25+haarcascades/haarcascade_frontalface_alt.xml+10+7
fb+1.25+haarcascades/haarcascade_frontalface_alt.xml+10+9
fb+1.25+haarcascades/haarcascade_frontalface_alt.xml+20+1
fb+1.25+haarcascades/haarcascade_frontalface_alt.xml+20+3
fb+1.25+haarcascades/haarcascade_frontalface_alt.xml+20+5
fb+1.25+haarcascades/haarcascade_frontalface_alt.xml+20+7
fb+1.25+haarcascades/haarcascade_frontalface_alt.xml+20+9
fb+1.25+haarcascades/haarcascade_frontalface_alt.xml+30+1
fb+1.25+haarcascades/haarcascade_frontalface_alt.xml+30+3
fb+1.25+haarcascades/haarcascade_frontalface_alt.xml+30+5
fb+1.25+haarcascades/haarcascade_frontalface_alt.xml+30+7
fb+1.25+haarcascades/haarcascade_frontalface_alt.xml+30+9
fb+1.25+haarcascades/haarcascade_frontalface_alt2.xml+1+1
fb+1.25+haarcascades/haarcascade_frontalface_alt2.xml+1+3
fb+1.25+haarcascades/haarcascade_frontalface_alt2.xml+1+5
fb+1.25+haarcascades/haarcascade_frontalface_alt2.xml+1+7
fb+1.25+haarcascades/haarcascade_frontalface_alt2.xml+1+9
fb+1.25+haarcascades/haarcascade_frontalface_alt2.xml+3+1
fb+1.25+haarcascades/haarcascade_frontalface_alt2.xml+3+3
fb+1.25+haarcascades/haarcascade_frontalface_alt2.xml+3+5
fb+1.25+haarcascades/haarcascade_frontalface_alt2.xml+3+7
fb+1.25+haarcascades/haarcascade_frontalface_alt2.xml+3+9
fb+1.25+haarcascades/haarcascade_frontalface_alt2.xml+5+1
fb+1.25+haarcascades/haarcascade_frontalface_alt2.xml+5+3
fb+1.25+haarcascades/haarcascade_frontalface_alt2.xml+5+5
fb+1.25+haarcascades/haarcascade_frontalface_alt2.xml+5+7
fb+1.25+haarcascades/haarcascade_frontalface_alt2.xml+5+9
fb+1.25+haarcascades/haarcascade_frontalface_alt2.xml+7+1
fb+1.25+haarcascades/haarcascade_frontalface_alt2.xml+7+3
fb+1.25+haarcascades/haarcascade_frontalface_alt2.xml+7+5
fb+1.25+haarcascades/haarcascade_frontalface_alt2.xml+7+7
fb+1.25+haarcascades/haarcascade_frontalface_alt2.xml+7+9
fb+1.25+haarcascades/haarcascade_frontalface_alt2.xml+8+1
fb+1.25+haarcascades/haarcascade_frontalface_alt2.xml+8+3
fb+1.25+haarcascades/haarcascade_frontalface_alt2.xml+8+5
fb+1.25+haarcascades/haarcascade_frontalface_alt2.xml+8+7
fb+1.25+haarcascades/haarcascade_frontalface_alt2.xml+8+9
fb+1.25+haarcascades/haarcascade_frontalface_alt2.xml+10+1
fb+1.25+haarcascades/haarcascade_frontalface_alt2.xml+10+3
fb+1.25+haarcascades/haarcascade_frontalface_alt2.xml+10+5
fb+1.25+haarcascades/haarcascade_frontalface_alt2.xml+10+7
fb+1.25+haarcascades/haarcascade_frontalface_alt2.xml+10+9
fb+1.25+haarcascades/haarcascade_frontalface_alt2.xml+20+1
fb+1.25+haarcascades/haarcascade_frontalface_alt2.xml+20+3
fb+1.25+haarcascades/haarcascade_frontalface_alt2.xml+20+5
fb+1.25+haarcascades/haarcascade_frontalface_alt2.xml+20+7
fb+1.25+haarcascades/haarcascade_frontalface_alt2.xml+20+9
fb+1.25+haarcascades/haarcascade_frontalface_alt2.xml+30+1
fb+1.25+haarcascades/haarcascade_frontalface_alt2.xml+30+3
fb+1.25+haarcascades/haarcascade_frontalface_alt2.xml+30+5
fb+1.25+haarcascades/haarcascade_frontalface_alt2.xml+30+7
fb+1.25+haarcascades/haarcascade_frontalface_alt2.xml+30+9
fb+1.25+haarcascades/haarcascade_frontalface_alt_tree.xml+1+1
fb+1.25+haarcascades/haarcascade_frontalface_alt_tree.xml+1+3
fb+1.25+haarcascades/haarcascade_frontalface_alt_tree.xml+1+5
fb+1.25+haarcascades/haarcascade_frontalface_alt_tree.xml+1+7
fb+1.25+haarcascades/haarcascade_frontalface_alt_tree.xml+1+9
fb+1.25+haarcascades/haarcascade_frontalface_alt_tree.xml+3+1
fb+1.25+haarcascades/haarcascade_frontalface_alt_tree.xml+3+3
fb+1.25+haarcascades/haarcascade_frontalface_alt_tree.xml+3+5
fb+1.25+haarcascades/haarcascade_frontalface_alt_tree.xml+3+7
fb+1.25+haarcascades/haarcascade_frontalface_alt_tree.xml+3+9
fb+1.25+haarcascades/haarcascade_frontalface_alt_tree.xml+5+1
fb+1.25+haarcascades/haarcascade_frontalface_alt_tree.xml+5+3
fb+1.25+haarcascades/haarcascade_frontalface_alt_tree.xml+5+5
fb+1.25+haarcascades/haarcascade_frontalface_alt_tree.xml+5+7
fb+1.25+haarcascades/haarcascade_frontalface_alt_tree.xml+5+9
fb+1.25+haarcascades/haarcascade_frontalface_alt_tree.xml+7+1
fb+1.25+haarcascades/haarcascade_frontalface_alt_tree.xml+7+3
fb+1.25+haarcascades/haarcascade_frontalface_alt_tree.xml+7+5
fb+1.25+haarcascades/haarcascade_frontalface_alt_tree.xml+7+7
fb+1.25+haarcascades/haarcascade_frontalface_alt_tree.xml+7+9
fb+1.25+haarcascades/haarcascade_frontalface_alt_tree.xml+8+1
fb+1.25+haarcascades/haarcascade_frontalface_alt_tree.xml+8+3
fb+1.25+haarcascades/haarcascade_frontalface_alt_tree.xml+8+5
fb+1.25+haarcascades/haarcascade_frontalface_alt_tree.xml+8+7
fb+1.25+haarcascades/haarcascade_frontalface_alt_tree.xml+8+9
fb+1.25+haarcascades/haarcascade_frontalface_alt_tree.xml+10+1
fb+1.25+haarcascades/haarcascade_frontalface_alt_tree.xml+10+3
fb+1.25+haarcascades/haarcascade_frontalface_alt_tree.xml+10+5
fb+1.25+haarcascades/haarcascade_frontalface_alt_tree.xml+10+7
fb+1.25+haarcascades/haarcascade_frontalface_alt_tree.xml+10+9
fb+1.25+haarcascades/haarcascade_frontalface_alt_tree.xml+20+1
fb+1.25+haarcascades/haarcascade_frontalface_alt_tree.xml+20+3
fb+1.25+haarcascades/haarcascade_frontalface_alt_tree.xml+20+5
fb+1.25+haarcascades/haarcascade_frontalface_alt_tree.xml+20+7
fb+1.25+haarcascades/haarcascade_frontalface_alt_tree.xml+20+9
fb+1.25+haarcascades/haarcascade_frontalface_alt_tree.xml+30+1
fb+1.25+haarcascades/haarcascade_frontalface_alt_tree.xml+30+3
fb+1.25+haarcascades/haarcascade_frontalface_alt_tree.xml+30+5
fb+1.25+haarcascades/haarcascade_frontalface_alt_tree.xml+30+7
fb+1.25+haarcascades/haarcascade_frontalface_alt_tree.xml+30+9
fb+1.5+lbpcascades/lbpcascade_frontalface.xml+1+1
fb+1.5+lbpcascades/lbpcascade_frontalface.xml+1+3
fb+1.5+lbpcascades/lbpcascade_frontalface.xml+1+5
fb+1.5+lbpcascades/lbpcascade_frontalface.xml+1+7
fb+1.5+lbpcascades/lbpcascade_frontalface.xml+1+9
fb+1.5+lbpcascades/lbpcascade_frontalface.xml+3+1
fb+1.5+lbpcascades/lbpcascade_frontalface.xml+3+3
fb+1.5+lbpcascades/lbpcascade_frontalface.xml+3+5
fb+1.5+lbpcascades/lbpcascade_frontalface.xml+3+7
fb+1.5+lbpcascades/lbpcascade_frontalface.xml+3+9
fb+1.5+lbpcascades/lbpcascade_frontalface.xml+5+1
fb+1.5+lbpcascades/lbpcascade_frontalface.xml+5+3
fb+1.5+lbpcascades/lbpcascade_frontalface.xml+5+5
fb+1.5+lbpcascades/lbpcascade_frontalface.xml+5+7
fb+1.5+lbpcascades/lbpcascade_frontalface.xml+5+9
fb+1.5+lbpcascades/lbpcascade_frontalface.xml+7+1
fb+1.5+lbpcascades/lbpcascade_frontalface.xml+7+3
fb+1.5+lbpcascades/lbpcascade_frontalface.xml+7+5
fb+1.5+lbpcascades/lbpcascade_frontalface.xml+7+7
fb+1.5+lbpcascades/lbpcascade_frontalface.xml+7+9
fb+1.5+lbpcascades/lbpcascade_frontalface.xml+8+1
fb+1.5+lbpcascades/lbpcascade_frontalface.xml+8+3
fb+1.5+lbpcascades/lbpcascade_frontalface.xml+8+5
fb+1.5+lbpcascades/lbpcascade_frontalface.xml+8+7
fb+1.5+lbpcascades/lbpcascade_frontalface.xml+8+9
fb+1.5+lbpcascades/lbpcascade_frontalface.xml+10+1
fb+1.5+lbpcascades/lbpcascade_frontalface.xml+10+3
fb+1.5+lbpcascades/lbpcascade_frontalface.xml+10+5
fb+1.5+lbpcascades/lbpcascade_frontalface.xml+10+7
fb+1.5+lbpcascades/lbpcascade_frontalface.xml+10+9
fb+1.5+lbpcascades/lbpcascade_frontalface.xml+20+1
fb+1.5+lbpcascades/lbpcascade_frontalface.xml+20+3
fb+1.5+lbpcascades/lbpcascade_frontalface.xml+20+5
fb+1.5+lbpcascades/lbpcascade_frontalface.xml+20+7
fb+1.5+lbpcascades/lbpcascade_frontalface.xml+20+9
fb+1.5+lbpcascades/lbpcascade_frontalface.xml+30+1
fb+1.5+lbpcascades/lbpcascade_frontalface.xml+30+3
fb+1.5+lbpcascades/lbpcascade_frontalface.xml+30+5
fb+1.5+lbpcascades/lbpcascade_frontalface.xml+30+7
fb+1.5+lbpcascades/lbpcascade_frontalface.xml+30+9
fb+1.5+lbpcascades/lbpcascade_frontalface_improved.xml+1+1
fb+1.5+lbpcascades/lbpcascade_frontalface_improved.xml+1+3
fb+1.5+lbpcascades/lbpcascade_frontalface_improved.xml+1+5
fb+1.5+lbpcascades/lbpcascade_frontalface_improved.xml+1+7
fb+1.5+lbpcascades/lbpcascade_frontalface_improved.xml+1+9
fb+1.5+lbpcascades/lbpcascade_frontalface_improved.xml+3+1
fb+1.5+lbpcascades/lbpcascade_frontalface_improved.xml+3+3
fb+1.5+lbpcascades/lbpcascade_frontalface_improved.xml+3+5
fb+1.5+lbpcascades/lbpcascade_frontalface_improved.xml+3+7
fb+1.5+lbpcascades/lbpcascade_frontalface_improved.xml+3+9
fb+1.5+lbpcascades/lbpcascade_frontalface_improved.xml+5+1
fb+1.5+lbpcascades/lbpcascade_frontalface_improved.xml+5+3
fb+1.5+lbpcascades/lbpcascade_frontalface_improved.xml+5+5
fb+1.5+lbpcascades/lbpcascade_frontalface_improved.xml+5+7
fb+1.5+lbpcascades/lbpcascade_frontalface_improved.xml+5+9
fb+1.5+lbpcascades/lbpcascade_frontalface_improved.xml+7+1
fb+1.5+lbpcascades/lbpcascade_frontalface_improved.xml+7+3
fb+1.5+lbpcascades/lbpcascade_frontalface_improved.xml+7+5
fb+1.5+lbpcascades/lbpcascade_frontalface_improved.xml+7+7
fb+1.5+lbpcascades/lbpcascade_frontalface_improved.xml+7+9
fb+1.5+lbpcascades/lbpcascade_frontalface_improved.xml+8+1
fb+1.5+lbpcascades/lbpcascade_frontalface_improved.xml+8+3
fb+1.5+lbpcascades/lbpcascade_frontalface_improved.xml+8+5
fb+1.5+lbpcascades/lbpcascade_frontalface_improved.xml+8+7
fb+1.5+lbpcascades/lbpcascade_frontalface_improved.xml+8+9
fb+1.5+lbpcascades/lbpcascade_frontalface_improved.xml+10+1
fb+1.5+lbpcascades/lbpcascade_frontalface_improved.xml+10+3
fb+1.5+lbpcascades/lbpcascade_frontalface_improved.xml+10+5
fb+1.5+lbpcascades/lbpcascade_frontalface_improved.xml+10+7
fb+1.5+lbpcascades/lbpcascade_frontalface_improved.xml+10+9
fb+1.5+lbpcascades/lbpcascade_frontalface_improved.xml+20+1
fb+1.5+lbpcascades/lbpcascade_frontalface_improved.xml+20+3
fb+1.5+lbpcascades/lbpcascade_frontalface_improved.xml+20+5
fb+1.5+lbpcascades/lbpcascade_frontalface_improved.xml+20+7
fb+1.5+lbpcascades/lbpcascade_frontalface_improved.xml+20+9
fb+1.5+lbpcascades/lbpcascade_frontalface_improved.xml+30+1
fb+1.5+lbpcascades/lbpcascade_frontalface_improved.xml+30+3
fb+1.5+lbpcascades/lbpcascade_frontalface_improved.xml+30+5
fb+1.5+lbpcascades/lbpcascade_frontalface_improved.xml+30+7
fb+1.5+lbpcascades/lbpcascade_frontalface_improved.xml+30+9
fb+1.5+haarcascades/haarcascade_frontalface_default.xml+1+1
fb+1.5+haarcascades/haarcascade_frontalface_default.xml+1+3
fb+1.5+haarcascades/haarcascade_frontalface_default.xml+1+5
fb+1.5+haarcascades/haarcascade_frontalface_default.xml+1+7
fb+1.5+haarcascades/haarcascade_frontalface_default.xml+1+9
fb+1.5+haarcascades/haarcascade_frontalface_default.xml+3+1
fb+1.5+haarcascades/haarcascade_frontalface_default.xml+3+3
fb+1.5+haarcascades/haarcascade_frontalface_default.xml+3+5
fb+1.5+haarcascades/haarcascade_frontalface_default.xml+3+7
fb+1.5+haarcascades/haarcascade_frontalface_default.xml+3+9
fb+1.5+haarcascades/haarcascade_frontalface_default.xml+5+1
fb+1.5+haarcascades/haarcascade_frontalface_default.xml+5+3
fb+1.5+haarcascades/haarcascade_frontalface_default.xml+5+5
fb+1.5+haarcascades/haarcascade_frontalface_default.xml+5+7
fb+1.5+haarcascades/haarcascade_frontalface_default.xml+5+9
fb+1.5+haarcascades/haarcascade_frontalface_default.xml+7+1
fb+1.5+haarcascades/haarcascade_frontalface_default.xml+7+3
fb+1.5+haarcascades/haarcascade_frontalface_default.xml+7+5
fb+1.5+haarcascades/haarcascade_frontalface_default.xml+7+7
fb+1.5+haarcascades/haarcascade_frontalface_default.xml+7+9
fb+1.5+haarcascades/haarcascade_frontalface_default.xml+8+1
fb+1.5+haarcascades/haarcascade_frontalface_default.xml+8+3
fb+1.5+haarcascades/haarcascade_frontalface_default.xml+8+5
fb+1.5+haarcascades/haarcascade_frontalface_default.xml+8+7
fb+1.5+haarcascades/haarcascade_frontalface_default.xml+8+9
fb+1.5+haarcascades/haarcascade_frontalface_default.xml+10+1
fb+1.5+haarcascades/haarcascade_frontalface_default.xml+10+3
fb+1.5+haarcascades/haarcascade_frontalface_default.xml+10+5
fb+1.5+haarcascades/haarcascade_frontalface_default.xml+10+7
fb+1.5+haarcascades/haarcascade_frontalface_default.xml+10+9
fb+1.5+haarcascades/haarcascade_frontalface_default.xml+20+1
fb+1.5+haarcascades/haarcascade_frontalface_default.xml+20+3
fb+1.5+haarcascades/haarcascade_frontalface_default.xml+20+5
fb+1.5+haarcascades/haarcascade_frontalface_default.xml+20+7
fb+1.5+haarcascades/haarcascade_frontalface_default.xml+20+9
fb+1.5+haarcascades/haarcascade_frontalface_default.xml+30+1
fb+1.5+haarcascades/haarcascade_frontalface_default.xml+30+3
fb+1.5+haarcascades/haarcascade_frontalface_default.xml+30+5
fb+1.5+haarcascades/haarcascade_frontalface_default.xml+30+7
fb+1.5+haarcascades/haarcascade_frontalface_default.xml+30+9
fb+1.5+haarcascades/haarcascade_frontalface_alt.xml+1+1
fb+1.5+haarcascades/haarcascade_frontalface_alt.xml+1+3
fb+1.5+haarcascades/haarcascade_frontalface_alt.xml+1+5
fb+1.5+haarcascades/haarcascade_frontalface_alt.xml+1+7
fb+1.5+haarcascades/haarcascade_frontalface_alt.xml+1+9
fb+1.5+haarcascades/haarcascade_frontalface_alt.xml+3+1
fb+1.5+haarcascades/haarcascade_frontalface_alt.xml+3+3
fb+1.5+haarcascades/haarcascade_frontalface_alt.xml+3+5
fb+1.5+haarcascades/haarcascade_frontalface_alt.xml+3+7
fb+1.5+haarcascades/haarcascade_frontalface_alt.xml+3+9
fb+1.5+haarcascades/haarcascade_frontalface_alt.xml+5+1
fb+1.5+haarcascades/haarcascade_frontalface_alt.xml+5+3
fb+1.5+haarcascades/haarcascade_frontalface_alt.xml+5+5
fb+1.5+haarcascades/haarcascade_frontalface_alt.xml+5+7
fb+1.5+haarcascades/haarcascade_frontalface_alt.xml+5+9
fb+1.5+haarcascades/haarcascade_frontalface_alt.xml+7+1
fb+1.5+haarcascades/haarcascade_frontalface_alt.xml+7+3
fb+1.5+haarcascades/haarcascade_frontalface_alt.xml+7+5
fb+1.5+haarcascades/haarcascade_frontalface_alt.xml+7+7
fb+1.5+haarcascades/haarcascade_frontalface_alt.xml+7+9
fb+1.5+haarcascades/haarcascade_frontalface_alt.xml+8+1
fb+1.5+haarcascades/haarcascade_frontalface_alt.xml+8+3
fb+1.5+haarcascades/haarcascade_frontalface_alt.xml+8+5
fb+1.5+haarcascades/haarcascade_frontalface_alt.xml+8+7
fb+1.5+haarcascades/haarcascade_frontalface_alt.xml+8+9
fb+1.5+haarcascades/haarcascade_frontalface_alt.xml+10+1
fb+1.5+haarcascades/haarcascade_frontalface_alt.xml+10+3
fb+1.5+haarcascades/haarcascade_frontalface_alt.xml+10+5
fb+1.5+haarcascades/haarcascade_frontalface_alt.xml+10+7
fb+1.5+haarcascades/haarcascade_frontalface_alt.xml+10+9
fb+1.5+haarcascades/haarcascade_frontalface_alt.xml+20+1
fb+1.5+haarcascades/haarcascade_frontalface_alt.xml+20+3
fb+1.5+haarcascades/haarcascade_frontalface_alt.xml+20+5
fb+1.5+haarcascades/haarcascade_frontalface_alt.xml+20+7
fb+1.5+haarcascades/haarcascade_frontalface_alt.xml+20+9
fb+1.5+haarcascades/haarcascade_frontalface_alt.xml+30+1
fb+1.5+haarcascades/haarcascade_frontalface_alt.xml+30+3
fb+1.5+haarcascades/haarcascade_frontalface_alt.xml+30+5
fb+1.5+haarcascades/haarcascade_frontalface_alt.xml+30+7
fb+1.5+haarcascades/haarcascade_frontalface_alt.xml+30+9
fb+1.5+haarcascades/haarcascade_frontalface_alt2.xml+1+1
fb+1.5+haarcascades/haarcascade_frontalface_alt2.xml+1+3
fb+1.5+haarcascades/haarcascade_frontalface_alt2.xml+1+5
fb+1.5+haarcascades/haarcascade_frontalface_alt2.xml+1+7
fb+1.5+haarcascades/haarcascade_frontalface_alt2.xml+1+9
fb+1.5+haarcascades/haarcascade_frontalface_alt2.xml+3+1
fb+1.5+haarcascades/haarcascade_frontalface_alt2.xml+3+3
fb+1.5+haarcascades/haarcascade_frontalface_alt2.xml+3+5
fb+1.5+haarcascades/haarcascade_frontalface_alt2.xml+3+7
fb+1.5+haarcascades/haarcascade_frontalface_alt2.xml+3+9
fb+1.5+haarcascades/haarcascade_frontalface_alt2.xml+5+1
fb+1.5+haarcascades/haarcascade_frontalface_alt2.xml+5+3
fb+1.5+haarcascades/haarcascade_frontalface_alt2.xml+5+5
fb+1.5+haarcascades/haarcascade_frontalface_alt2.xml+5+7
fb+1.5+haarcascades/haarcascade_frontalface_alt2.xml+5+9
fb+1.5+haarcascades/haarcascade_frontalface_alt2.xml+7+1
fb+1.5+haarcascades/haarcascade_frontalface_alt2.xml+7+3
fb+1.5+haarcascades/haarcascade_frontalface_alt2.xml+7+5
fb+1.5+haarcascades/haarcascade_frontalface_alt2.xml+7+7
fb+1.5+haarcascades/haarcascade_frontalface_alt2.xml+7+9
fb+1.5+haarcascades/haarcascade_frontalface_alt2.xml+8+1
fb+1.5+haarcascades/haarcascade_frontalface_alt2.xml+8+3
fb+1.5+haarcascades/haarcascade_frontalface_alt2.xml+8+5
fb+1.5+haarcascades/haarcascade_frontalface_alt2.xml+8+7
fb+1.5+haarcascades/haarcascade_frontalface_alt2.xml+8+9
fb+1.5+haarcascades/haarcascade_frontalface_alt2.xml+10+1
fb+1.5+haarcascades/haarcascade_frontalface_alt2.xml+10+3
fb+1.5+haarcascades/haarcascade_frontalface_alt2.xml+10+5
fb+1.5+haarcascades/haarcascade_frontalface_alt2.xml+10+7
fb+1.5+haarcascades/haarcascade_frontalface_alt2.xml+10+9
fb+1.5+haarcascades/haarcascade_frontalface_alt2.xml+20+1
fb+1.5+haarcascades/haarcascade_frontalface_alt2.xml+20+3
fb+1.5+haarcascades/haarcascade_frontalface_alt2.xml+20+5
fb+1.5+haarcascades/haarcascade_frontalface_alt2.xml+20+7
fb+1.5+haarcascades/haarcascade_frontalface_alt2.xml+20+9
fb+1.5+haarcascades/haarcascade_frontalface_alt2.xml+30+1
fb+1.5+haarcascades/haarcascade_frontalface_alt2.xml+30+3
fb+1.5+haarcascades/haarcascade_frontalface_alt2.xml+30+5
fb+1.5+haarcascades/haarcascade_frontalface_alt2.xml+30+7
fb+1.5+haarcascades/haarcascade_frontalface_alt2.xml+30+9
fb+1.5+haarcascades/haarcascade_frontalface_alt_tree.xml+1+1
fb+1.5+haarcascades/haarcascade_frontalface_alt_tree.xml+1+3
fb+1.5+haarcascades/haarcascade_frontalface_alt_tree.xml+1+5
fb+1.5+haarcascades/haarcascade_frontalface_alt_tree.xml+1+7
fb+1.5+haarcascades/haarcascade_frontalface_alt_tree.xml+1+9
fb+1.5+haarcascades/haarcascade_frontalface_alt_tree.xml+3+1
fb+1.5+haarcascades/haarcascade_frontalface_alt_tree.xml+3+3
fb+1.5+haarcascades/haarcascade_frontalface_alt_tree.xml+3+5
fb+1.5+haarcascades/haarcascade_frontalface_alt_tree.xml+3+7
fb+1.5+haarcascades/haarcascade_frontalface_alt_tree.xml+3+9
fb+1.5+haarcascades/haarcascade_frontalface_alt_tree.xml+5+1
fb+1.5+haarcascades/haarcascade_frontalface_alt_tree.xml+5+3
fb+1.5+haarcascades/haarcascade_frontalface_alt_tree.xml+5+5
fb+1.5+haarcascades/haarcascade_frontalface_alt_tree.xml+5+7
fb+1.5+haarcascades/haarcascade_frontalface_alt_tree.xml+5+9
fb+1.5+haarcascades/haarcascade_frontalface_alt_tree.xml+7+1
fb+1.5+haarcascades/haarcascade_frontalface_alt_tree.xml+7+3
fb+1.5+haarcascades/haarcascade_frontalface_alt_tree.xml+7+5
fb+1.5+haarcascades/haarcascade_frontalface_alt_tree.xml+7+7
fb+1.5+haarcascades/haarcascade_frontalface_alt_tree.xml+7+9
fb+1.5+haarcascades/haarcascade_frontalface_alt_tree.xml+8+1
fb+1.5+haarcascades/haarcascade_frontalface_alt_tree.xml+8+3
fb+1.5+haarcascades/haarcascade_frontalface_alt_tree.xml+8+5
fb+1.5+haarcascades/haarcascade_frontalface_alt_tree.xml+8+7
fb+1.5+haarcascades/haarcascade_frontalface_alt_tree.xml+8+9
fb+1.5+haarcascades/haarcascade_frontalface_alt_tree.xml+10+1
fb+1.5+haarcascades/haarcascade_frontalface_alt_tree.xml+10+3
fb+1.5+haarcascades/haarcascade_frontalface_alt_tree.xml+10+5
fb+1.5+haarcascades/haarcascade_frontalface_alt_tree.xml+10+7
fb+1.5+haarcascades/haarcascade_frontalface_alt_tree.xml+10+9
fb+1.5+haarcascades/haarcascade_frontalface_alt_tree.xml+20+1
fb+1.5+haarcascades/haarcascade_frontalface_alt_tree.xml+20+3
fb+1.5+haarcascades/haarcascade_frontalface_alt_tree.xml+20+5
fb+1.5+haarcascades/haarcascade_frontalface_alt_tree.xml+20+7
fb+1.5+haarcascades/haarcascade_frontalface_alt_tree.xml+20+9
fb+1.5+haarcascades/haarcascade_frontalface_alt_tree.xml+30+1
fb+1.5+haarcascades/haarcascade_frontalface_alt_tree.xml+30+3
fb+1.5+haarcascades/haarcascade_frontalface_alt_tree.xml+30+5
fb+1.5+haarcascades/haarcascade_frontalface_alt_tree.xml+30+7
fb+1.5+haarcascades/haarcascade_frontalface_alt_tree.xml+30+9
fb+2+lbpcascades/lbpcascade_frontalface.xml+1+1
fb+2+lbpcascades/lbpcascade_frontalface.xml+1+3
fb+2+lbpcascades/lbpcascade_frontalface.xml+1+5
fb+2+lbpcascades/lbpcascade_frontalface.xml+1+7
fb+2+lbpcascades/lbpcascade_frontalface.xml+1+9
fb+2+lbpcascades/lbpcascade_frontalface.xml+3+1
fb+2+lbpcascades/lbpcascade_frontalface.xml+3+3
fb+2+lbpcascades/lbpcascade_frontalface.xml+3+5
fb+2+lbpcascades/lbpcascade_frontalface.xml+3+7
fb+2+lbpcascades/lbpcascade_frontalface.xml+3+9
fb+2+lbpcascades/lbpcascade_frontalface.xml+5+1
fb+2+lbpcascades/lbpcascade_frontalface.xml+5+3
fb+2+lbpcascades/lbpcascade_frontalface.xml+5+5
fb+2+lbpcascades/lbpcascade_frontalface.xml+5+7
fb+2+lbpcascades/lbpcascade_frontalface.xml+5+9
fb+2+lbpcascades/lbpcascade_frontalface.xml+7+1
fb+2+lbpcascades/lbpcascade_frontalface.xml+7+3
fb+2+lbpcascades/lbpcascade_frontalface.xml+7+5
fb+2+lbpcascades/lbpcascade_frontalface.xml+7+7
fb+2+lbpcascades/lbpcascade_frontalface.xml+7+9
fb+2+lbpcascades/lbpcascade_frontalface.xml+8+1
fb+2+lbpcascades/lbpcascade_frontalface.xml+8+3
fb+2+lbpcascades/lbpcascade_frontalface.xml+8+5
fb+2+lbpcascades/lbpcascade_frontalface.xml+8+7
fb+2+lbpcascades/lbpcascade_frontalface.xml+8+9
fb+2+lbpcascades/lbpcascade_frontalface.xml+10+1
fb+2+lbpcascades/lbpcascade_frontalface.xml+10+3
fb+2+lbpcascades/lbpcascade_frontalface.xml+10+5
fb+2+lbpcascades/lbpcascade_frontalface.xml+10+7
fb+2+lbpcascades/lbpcascade_frontalface.xml+10+9
fb+2+lbpcascades/lbpcascade_frontalface.xml+20+1
fb+2+lbpcascades/lbpcascade_frontalface.xml+20+3
fb+2+lbpcascades/lbpcascade_frontalface.xml+20+5
fb+2+lbpcascades/lbpcascade_frontalface.xml+20+7
fb+2+lbpcascades/lbpcascade_frontalface.xml+20+9
fb+2+lbpcascades/lbpcascade_frontalface.xml+30+1
fb+2+lbpcascades/lbpcascade_frontalface.xml+30+3
fb+2+lbpcascades/lbpcascade_frontalface.xml+30+5
fb+2+lbpcascades/lbpcascade_frontalface.xml+30+7
fb+2+lbpcascades/lbpcascade_frontalface.xml+30+9
fb+2+lbpcascades/lbpcascade_frontalface_improved.xml+1+1
fb+2+lbpcascades/lbpcascade_frontalface_improved.xml+1+3
fb+2+lbpcascades/lbpcascade_frontalface_improved.xml+1+5
fb+2+lbpcascades/lbpcascade_frontalface_improved.xml+1+7
fb+2+lbpcascades/lbpcascade_frontalface_improved.xml+1+9
fb+2+lbpcascades/lbpcascade_frontalface_improved.xml+3+1
fb+2+lbpcascades/lbpcascade_frontalface_improved.xml+3+3
fb+2+lbpcascades/lbpcascade_frontalface_improved.xml+3+5
fb+2+lbpcascades/lbpcascade_frontalface_improved.xml+3+7
fb+2+lbpcascades/lbpcascade_frontalface_improved.xml+3+9
fb+2+lbpcascades/lbpcascade_frontalface_improved.xml+5+1
fb+2+lbpcascades/lbpcascade_frontalface_improved.xml+5+3
fb+2+lbpcascades/lbpcascade_frontalface_improved.xml+5+5
fb+2+lbpcascades/lbpcascade_frontalface_improved.xml+5+7
fb+2+lbpcascades/lbpcascade_frontalface_improved.xml+5+9
fb+2+lbpcascades/lbpcascade_frontalface_improved.xml+7+1
fb+2+lbpcascades/lbpcascade_frontalface_improved.xml+7+3
fb+2+lbpcascades/lbpcascade_frontalface_improved.xml+7+5
fb+2+lbpcascades/lbpcascade_frontalface_improved.xml+7+7
fb+2+lbpcascades/lbpcascade_frontalface_improved.xml+7+9
fb+2+lbpcascades/lbpcascade_frontalface_improved.xml+8+1
fb+2+lbpcascades/lbpcascade_frontalface_improved.xml+8+3
fb+2+lbpcascades/lbpcascade_frontalface_improved.xml+8+5
fb+2+lbpcascades/lbpcascade_frontalface_improved.xml+8+7
fb+2+lbpcascades/lbpcascade_frontalface_improved.xml+8+9
fb+2+lbpcascades/lbpcascade_frontalface_improved.xml+10+1
fb+2+lbpcascades/lbpcascade_frontalface_improved.xml+10+3
fb+2+lbpcascades/lbpcascade_frontalface_improved.xml+10+5
fb+2+lbpcascades/lbpcascade_frontalface_improved.xml+10+7
fb+2+lbpcascades/lbpcascade_frontalface_improved.xml+10+9
fb+2+lbpcascades/lbpcascade_frontalface_improved.xml+20+1
fb+2+lbpcascades/lbpcascade_frontalface_improved.xml+20+3
fb+2+lbpcascades/lbpcascade_frontalface_improved.xml+20+5
fb+2+lbpcascades/lbpcascade_frontalface_improved.xml+20+7
fb+2+lbpcascades/lbpcascade_frontalface_improved.xml+20+9
fb+2+lbpcascades/lbpcascade_frontalface_improved.xml+30+1
fb+2+lbpcascades/lbpcascade_frontalface_improved.xml+30+3
fb+2+lbpcascades/lbpcascade_frontalface_improved.xml+30+5
fb+2+lbpcascades/lbpcascade_frontalface_improved.xml+30+7
fb+2+lbpcascades/lbpcascade_frontalface_improved.xml+30+9
fb+2+haarcascades/haarcascade_frontalface_default.xml+1+1
fb+2+haarcascades/haarcascade_frontalface_default.xml+1+3
fb+2+haarcascades/haarcascade_frontalface_default.xml+1+5
fb+2+haarcascades/haarcascade_frontalface_default.xml+1+7
fb+2+haarcascades/haarcascade_frontalface_default.xml+1+9
fb+2+haarcascades/haarcascade_frontalface_default.xml+3+1
fb+2+haarcascades/haarcascade_frontalface_default.xml+3+3
fb+2+haarcascades/haarcascade_frontalface_default.xml+3+5
fb+2+haarcascades/haarcascade_frontalface_default.xml+3+7
fb+2+haarcascades/haarcascade_frontalface_default.xml+3+9
fb+2+haarcascades/haarcascade_frontalface_default.xml+5+1
fb+2+haarcascades/haarcascade_frontalface_default.xml+5+3
fb+2+haarcascades/haarcascade_frontalface_default.xml+5+5
fb+2+haarcascades/haarcascade_frontalface_default.xml+5+7
fb+2+haarcascades/haarcascade_frontalface_default.xml+5+9
fb+2+haarcascades/haarcascade_frontalface_default.xml+7+1
fb+2+haarcascades/haarcascade_frontalface_default.xml+7+3
fb+2+haarcascades/haarcascade_frontalface_default.xml+7+5
fb+2+haarcascades/haarcascade_frontalface_default.xml+7+7
fb+2+haarcascades/haarcascade_frontalface_default.xml+7+9
fb+2+haarcascades/haarcascade_frontalface_default.xml+8+1
fb+2+haarcascades/haarcascade_frontalface_default.xml+8+3
fb+2+haarcascades/haarcascade_frontalface_default.xml+8+5
fb+2+haarcascades/haarcascade_frontalface_default.xml+8+7
fb+2+haarcascades/haarcascade_frontalface_default.xml+8+9
fb+2+haarcascades/haarcascade_frontalface_default.xml+10+1
fb+2+haarcascades/haarcascade_frontalface_default.xml+10+3
fb+2+haarcascades/haarcascade_frontalface_default.xml+10+5
fb+2+haarcascades/haarcascade_frontalface_default.xml+10+7
fb+2+haarcascades/haarcascade_frontalface_default.xml+10+9
fb+2+haarcascades/haarcascade_frontalface_default.xml+20+1
fb+2+haarcascades/haarcascade_frontalface_default.xml+20+3
fb+2+haarcascades/haarcascade_frontalface_default.xml+20+5
fb+2+haarcascades/haarcascade_frontalface_default.xml+20+7
fb+2+haarcascades/haarcascade_frontalface_default.xml+20+9
fb+2+haarcascades/haarcascade_frontalface_default.xml+30+1
fb+2+haarcascades/haarcascade_frontalface_default.xml+30+3
fb+2+haarcascades/haarcascade_frontalface_default.xml+30+5
fb+2+haarcascades/haarcascade_frontalface_default.xml+30+7
fb+2+haarcascades/haarcascade_frontalface_default.xml+30+9
fb+2+haarcascades/haarcascade_frontalface_alt.xml+1+1
fb+2+haarcascades/haarcascade_frontalface_alt.xml+1+3
fb+2+haarcascades/haarcascade_frontalface_alt.xml+1+5
fb+2+haarcascades/haarcascade_frontalface_alt.xml+1+7
fb+2+haarcascades/haarcascade_frontalface_alt.xml+1+9
fb+2+haarcascades/haarcascade_frontalface_alt.xml+3+1
fb+2+haarcascades/haarcascade_frontalface_alt.xml+3+3
fb+2+haarcascades/haarcascade_frontalface_alt.xml+3+5
fb+2+haarcascades/haarcascade_frontalface_alt.xml+3+7
fb+2+haarcascades/haarcascade_frontalface_alt.xml+3+9
fb+2+haarcascades/haarcascade_frontalface_alt.xml+5+1
fb+2+haarcascades/haarcascade_frontalface_alt.xml+5+3
fb+2+haarcascades/haarcascade_frontalface_alt.xml+5+5
fb+2+haarcascades/haarcascade_frontalface_alt.xml+5+7
fb+2+haarcascades/haarcascade_frontalface_alt.xml+5+9
fb+2+haarcascades/haarcascade_frontalface_alt.xml+7+1
fb+2+haarcascades/haarcascade_frontalface_alt.xml+7+3
fb+2+haarcascades/haarcascade_frontalface_alt.xml+7+5
fb+2+haarcascades/haarcascade_frontalface_alt.xml+7+7
fb+2+haarcascades/haarcascade_frontalface_alt.xml+7+9
fb+2+haarcascades/haarcascade_frontalface_alt.xml+8+1
fb+2+haarcascades/haarcascade_frontalface_alt.xml+8+3
fb+2+haarcascades/haarcascade_frontalface_alt.xml+8+5
fb+2+haarcascades/haarcascade_frontalface_alt.xml+8+7
fb+2+haarcascades/haarcascade_frontalface_alt.xml+8+9
fb+2+haarcascades/haarcascade_frontalface_alt.xml+10+1
fb+2+haarcascades/haarcascade_frontalface_alt.xml+10+3
fb+2+haarcascades/haarcascade_frontalface_alt.xml+10+5
fb+2+haarcascades/haarcascade_frontalface_alt.xml+10+7
fb+2+haarcascades/haarcascade_frontalface_alt.xml+10+9
fb+2+haarcascades/haarcascade_frontalface_alt.xml+20+1
fb+2+haarcascades/haarcascade_frontalface_alt.xml+20+3
fb+2+haarcascades/haarcascade_frontalface_alt.xml+20+5
fb+2+haarcascades/haarcascade_frontalface_alt.xml+20+7
fb+2+haarcascades/haarcascade_frontalface_alt.xml+20+9
fb+2+haarcascades/haarcascade_frontalface_alt.xml+30+1
fb+2+haarcascades/haarcascade_frontalface_alt.xml+30+3
fb+2+haarcascades/haarcascade_frontalface_alt.xml+30+5
fb+2+haarcascades/haarcascade_frontalface_alt.xml+30+7
fb+2+haarcascades/haarcascade_frontalface_alt.xml+30+9
fb+2+haarcascades/haarcascade_frontalface_alt2.xml+1+1
fb+2+haarcascades/haarcascade_frontalface_alt2.xml+1+3
fb+2+haarcascades/haarcascade_frontalface_alt2.xml+1+5
fb+2+haarcascades/haarcascade_frontalface_alt2.xml+1+7
fb+2+haarcascades/haarcascade_frontalface_alt2.xml+1+9
fb+2+haarcascades/haarcascade_frontalface_alt2.xml+3+1
fb+2+haarcascades/haarcascade_frontalface_alt2.xml+3+3
fb+2+haarcascades/haarcascade_frontalface_alt2.xml+3+5
fb+2+haarcascades/haarcascade_frontalface_alt2.xml+3+7
fb+2+haarcascades/haarcascade_frontalface_alt2.xml+3+9
fb+2+haarcascades/haarcascade_frontalface_alt2.xml+5+1
fb+2+haarcascades/haarcascade_frontalface_alt2.xml+5+3
fb+2+haarcascades/haarcascade_frontalface_alt2.xml+5+5
fb+2+haarcascades/haarcascade_frontalface_alt2.xml+5+7
fb+2+haarcascades/haarcascade_frontalface_alt2.xml+5+9
fb+2+haarcascades/haarcascade_frontalface_alt2.xml+7+1
fb+2+haarcascades/haarcascade_frontalface_alt2.xml+7+3
fb+2+haarcascades/haarcascade_frontalface_alt2.xml+7+5
fb+2+haarcascades/haarcascade_frontalface_alt2.xml+7+7
fb+2+haarcascades/haarcascade_frontalface_alt2.xml+7+9
fb+2+haarcascades/haarcascade_frontalface_alt2.xml+8+1
fb+2+haarcascades/haarcascade_frontalface_alt2.xml+8+3
fb+2+haarcascades/haarcascade_frontalface_alt2.xml+8+5
fb+2+haarcascades/haarcascade_frontalface_alt2.xml+8+7
fb+2+haarcascades/haarcascade_frontalface_alt2.xml+8+9
fb+2+haarcascades/haarcascade_frontalface_alt2.xml+10+1
fb+2+haarcascades/haarcascade_frontalface_alt2.xml+10+3
fb+2+haarcascades/haarcascade_frontalface_alt2.xml+10+5
fb+2+haarcascades/haarcascade_frontalface_alt2.xml+10+7
fb+2+haarcascades/haarcascade_frontalface_alt2.xml+10+9
fb+2+haarcascades/haarcascade_frontalface_alt2.xml+20+1
fb+2+haarcascades/haarcascade_frontalface_alt2.xml+20+3
fb+2+haarcascades/haarcascade_frontalface_alt2.xml+20+5
fb+2+haarcascades/haarcascade_frontalface_alt2.xml+20+7
fb+2+haarcascades/haarcascade_frontalface_alt2.xml+20+9
fb+2+haarcascades/haarcascade_frontalface_alt2.xml+30+1
fb+2+haarcascades/haarcascade_frontalface_alt2.xml+30+3
fb+2+haarcascades/haarcascade_frontalface_alt2.xml+30+5
fb+2+haarcascades/haarcascade_frontalface_alt2.xml+30+7
fb+2+haarcascades/haarcascade_frontalface_alt2.xml+30+9
fb+2+haarcascades/haarcascade_frontalface_alt_tree.xml+1+1
fb+2+haarcascades/haarcascade_frontalface_alt_tree.xml+1+3
fb+2+haarcascades/haarcascade_frontalface_alt_tree.xml+1+5
fb+2+haarcascades/haarcascade_frontalface_alt_tree.xml+1+7
fb+2+haarcascades/haarcascade_frontalface_alt_tree.xml+1+9
fb+2+haarcascades/haarcascade_frontalface_alt_tree.xml+3+1
fb+2+haarcascades/haarcascade_frontalface_alt_tree.xml+3+3
fb+2+haarcascades/haarcascade_frontalface_alt_tree.xml+3+5
fb+2+haarcascades/haarcascade_frontalface_alt_tree.xml+3+7
fb+2+haarcascades/haarcascade_frontalface_alt_tree.xml+3+9
fb+2+haarcascades/haarcascade_frontalface_alt_tree.xml+5+1
fb+2+haarcascades/haarcascade_frontalface_alt_tree.xml+5+3
fb+2+haarcascades/haarcascade_frontalface_alt_tree.xml+5+5
fb+2+haarcascades/haarcascade_frontalface_alt_tree.xml+5+7
fb+2+haarcascades/haarcascade_frontalface_alt_tree.xml+5+9
fb+2+haarcascades/haarcascade_frontalface_alt_tree.xml+7+1
fb+2+haarcascades/haarcascade_frontalface_alt_tree.xml+7+3
fb+2+haarcascades/haarcascade_frontalface_alt_tree.xml+7+5
fb+2+haarcascades/haarcascade_frontalface_alt_tree.xml+7+7
fb+2+haarcascades/haarcascade_frontalface_alt_tree.xml+7+9
fb+2+haarcascades/haarcascade_frontalface_alt_tree.xml+8+1
fb+2+haarcascades/haarcascade_frontalface_alt_tree.xml+8+3
fb+2+haarcascades/haarcascade_frontalface_alt_tree.xml+8+5
fb+2+haarcascades/haarcascade_frontalface_alt_tree.xml+8+7
fb+2+haarcascades/haarcascade_frontalface_alt_tree.xml+8+9
fb+2+haarcascades/haarcascade_frontalface_alt_tree.xml+10+1
fb+2+haarcascades/haarcascade_frontalface_alt_tree.xml+10+3
fb+2+haarcascades/haarcascade_frontalface_alt_tree.xml+10+5
fb+2+haarcascades/haarcascade_frontalface_alt_tree.xml+10+7
fb+2+haarcascades/haarcascade_frontalface_alt_tree.xml+10+9
fb+2+haarcascades/haarcascade_frontalface_alt_tree.xml+20+1
fb+2+haarcascades/haarcascade_frontalface_alt_tree.xml+20+3
fb+2+haarcascades/haarcascade_frontalface_alt_tree.xml+20+5
fb+2+haarcascades/haarcascade_frontalface_alt_tree.xml+20+7
fb+2+haarcascades/haarcascade_frontalface_alt_tree.xml+20+9
fb+2+haarcascades/haarcascade_frontalface_alt_tree.xml+30+1
fb+2+haarcascades/haarcascade_frontalface_alt_tree.xml+30+3
fb+2+haarcascades/haarcascade_frontalface_alt_tree.xml+30+5
fb+2+haarcascades/haarcascade_frontalface_alt_tree.xml+30+7
fb+2+haarcascades/haarcascade_frontalface_alt_tree.xml+30+9
fb+4+lbpcascades/lbpcascade_frontalface.xml+1+1
fb+4+lbpcascades/lbpcascade_frontalface.xml+1+3
fb+4+lbpcascades/lbpcascade_frontalface.xml+1+5
fb+4+lbpcascades/lbpcascade_frontalface.xml+1+7
fb+4+lbpcascades/lbpcascade_frontalface.xml+1+9
fb+4+lbpcascades/lbpcascade_frontalface.xml+3+1
fb+4+lbpcascades/lbpcascade_frontalface.xml+3+3
fb+4+lbpcascades/lbpcascade_frontalface.xml+3+5
fb+4+lbpcascades/lbpcascade_frontalface.xml+3+7
fb+4+lbpcascades/lbpcascade_frontalface.xml+3+9
fb+4+lbpcascades/lbpcascade_frontalface.xml+5+1
fb+4+lbpcascades/lbpcascade_frontalface.xml+5+3
fb+4+lbpcascades/lbpcascade_frontalface.xml+5+5
fb+4+lbpcascades/lbpcascade_frontalface.xml+5+7
fb+4+lbpcascades/lbpcascade_frontalface.xml+5+9
fb+4+lbpcascades/lbpcascade_frontalface.xml+7+1
fb+4+lbpcascades/lbpcascade_frontalface.xml+7+3
fb+4+lbpcascades/lbpcascade_frontalface.xml+7+5
fb+4+lbpcascades/lbpcascade_frontalface.xml+7+7
fb+4+lbpcascades/lbpcascade_frontalface.xml+7+9
fb+4+lbpcascades/lbpcascade_frontalface.xml+8+1
fb+4+lbpcascades/lbpcascade_frontalface.xml+8+3
fb+4+lbpcascades/lbpcascade_frontalface.xml+8+5
fb+4+lbpcascades/lbpcascade_frontalface.xml+8+7
fb+4+lbpcascades/lbpcascade_frontalface.xml+8+9
fb+4+lbpcascades/lbpcascade_frontalface.xml+10+1
fb+4+lbpcascades/lbpcascade_frontalface.xml+10+3
fb+4+lbpcascades/lbpcascade_frontalface.xml+10+5
fb+4+lbpcascades/lbpcascade_frontalface.xml+10+7
fb+4+lbpcascades/lbpcascade_frontalface.xml+10+9
fb+4+lbpcascades/lbpcascade_frontalface.xml+20+1
fb+4+lbpcascades/lbpcascade_frontalface.xml+20+3
fb+4+lbpcascades/lbpcascade_frontalface.xml+20+5
fb+4+lbpcascades/lbpcascade_frontalface.xml+20+7
fb+4+lbpcascades/lbpcascade_frontalface.xml+20+9
fb+4+lbpcascades/lbpcascade_frontalface.xml+30+1
fb+4+lbpcascades/lbpcascade_frontalface.xml+30+3
fb+4+lbpcascades/lbpcascade_frontalface.xml+30+5
fb+4+lbpcascades/lbpcascade_frontalface.xml+30+7
fb+4+lbpcascades/lbpcascade_frontalface.xml+30+9
fb+4+lbpcascades/lbpcascade_frontalface_improved.xml+1+1
fb+4+lbpcascades/lbpcascade_frontalface_improved.xml+1+3
fb+4+lbpcascades/lbpcascade_frontalface_improved.xml+1+5
fb+4+lbpcascades/lbpcascade_frontalface_improved.xml+1+7
fb+4+lbpcascades/lbpcascade_frontalface_improved.xml+1+9
fb+4+lbpcascades/lbpcascade_frontalface_improved.xml+3+1
fb+4+lbpcascades/lbpcascade_frontalface_improved.xml+3+3
fb+4+lbpcascades/lbpcascade_frontalface_improved.xml+3+5
fb+4+lbpcascades/lbpcascade_frontalface_improved.xml+3+7
fb+4+lbpcascades/lbpcascade_frontalface_improved.xml+3+9
fb+4+lbpcascades/lbpcascade_frontalface_improved.xml+5+1
fb+4+lbpcascades/lbpcascade_frontalface_improved.xml+5+3
fb+4+lbpcascades/lbpcascade_frontalface_improved.xml+5+5
fb+4+lbpcascades/lbpcascade_frontalface_improved.xml+5+7
fb+4+lbpcascades/lbpcascade_frontalface_improved.xml+5+9
fb+4+lbpcascades/lbpcascade_frontalface_improved.xml+7+1
fb+4+lbpcascades/lbpcascade_frontalface_improved.xml+7+3
fb+4+lbpcascades/lbpcascade_frontalface_improved.xml+7+5
fb+4+lbpcascades/lbpcascade_frontalface_improved.xml+7+7
fb+4+lbpcascades/lbpcascade_frontalface_improved.xml+7+9
fb+4+lbpcascades/lbpcascade_frontalface_improved.xml+8+1
fb+4+lbpcascades/lbpcascade_frontalface_improved.xml+8+3
fb+4+lbpcascades/lbpcascade_frontalface_improved.xml+8+5
fb+4+lbpcascades/lbpcascade_frontalface_improved.xml+8+7
fb+4+lbpcascades/lbpcascade_frontalface_improved.xml+8+9
fb+4+lbpcascades/lbpcascade_frontalface_improved.xml+10+1
fb+4+lbpcascades/lbpcascade_frontalface_improved.xml+10+3
fb+4+lbpcascades/lbpcascade_frontalface_improved.xml+10+5
fb+4+lbpcascades/lbpcascade_frontalface_improved.xml+10+7
fb+4+lbpcascades/lbpcascade_frontalface_improved.xml+10+9
fb+4+lbpcascades/lbpcascade_frontalface_improved.xml+20+1
fb+4+lbpcascades/lbpcascade_frontalface_improved.xml+20+3
fb+4+lbpcascades/lbpcascade_frontalface_improved.xml+20+5
fb+4+lbpcascades/lbpcascade_frontalface_improved.xml+20+7
fb+4+lbpcascades/lbpcascade_frontalface_improved.xml+20+9
fb+4+lbpcascades/lbpcascade_frontalface_improved.xml+30+1
fb+4+lbpcascades/lbpcascade_frontalface_improved.xml+30+3
fb+4+lbpcascades/lbpcascade_frontalface_improved.xml+30+5
fb+4+lbpcascades/lbpcascade_frontalface_improved.xml+30+7
fb+4+lbpcascades/lbpcascade_frontalface_improved.xml+30+9
fb+4+haarcascades/haarcascade_frontalface_default.xml+1+1
fb+4+haarcascades/haarcascade_frontalface_default.xml+1+3
fb+4+haarcascades/haarcascade_frontalface_default.xml+1+5
fb+4+haarcascades/haarcascade_frontalface_default.xml+1+7
fb+4+haarcascades/haarcascade_frontalface_default.xml+1+9
fb+4+haarcascades/haarcascade_frontalface_default.xml+3+1
fb+4+haarcascades/haarcascade_frontalface_default.xml+3+3
fb+4+haarcascades/haarcascade_frontalface_default.xml+3+5
fb+4+haarcascades/haarcascade_frontalface_default.xml+3+7
fb+4+haarcascades/haarcascade_frontalface_default.xml+3+9
fb+4+haarcascades/haarcascade_frontalface_default.xml+5+1
fb+4+haarcascades/haarcascade_frontalface_default.xml+5+3
fb+4+haarcascades/haarcascade_frontalface_default.xml+5+5
fb+4+haarcascades/haarcascade_frontalface_default.xml+5+7
fb+4+haarcascades/haarcascade_frontalface_default.xml+5+9
fb+4+haarcascades/haarcascade_frontalface_default.xml+7+1
fb+4+haarcascades/haarcascade_frontalface_default.xml+7+3
fb+4+haarcascades/haarcascade_frontalface_default.xml+7+5
fb+4+haarcascades/haarcascade_frontalface_default.xml+7+7
fb+4+haarcascades/haarcascade_frontalface_default.xml+7+9
fb+4+haarcascades/haarcascade_frontalface_default.xml+8+1
fb+4+haarcascades/haarcascade_frontalface_default.xml+8+3
fb+4+haarcascades/haarcascade_frontalface_default.xml+8+5
fb+4+haarcascades/haarcascade_frontalface_default.xml+8+7
fb+4+haarcascades/haarcascade_frontalface_default.xml+8+9
fb+4+haarcascades/haarcascade_frontalface_default.xml+10+1
fb+4+haarcascades/haarcascade_frontalface_default.xml+10+3
fb+4+haarcascades/haarcascade_frontalface_default.xml+10+5
fb+4+haarcascades/haarcascade_frontalface_default.xml+10+7
fb+4+haarcascades/haarcascade_frontalface_default.xml+10+9
fb+4+haarcascades/haarcascade_frontalface_default.xml+20+1
fb+4+haarcascades/haarcascade_frontalface_default.xml+20+3
fb+4+haarcascades/haarcascade_frontalface_default.xml+20+5
fb+4+haarcascades/haarcascade_frontalface_default.xml+20+7
fb+4+haarcascades/haarcascade_frontalface_default.xml+20+9
fb+4+haarcascades/haarcascade_frontalface_default.xml+30+1
fb+4+haarcascades/haarcascade_frontalface_default.xml+30+3
fb+4+haarcascades/haarcascade_frontalface_default.xml+30+5
fb+4+haarcascades/haarcascade_frontalface_default.xml+30+7
fb+4+haarcascades/haarcascade_frontalface_default.xml+30+9
fb+4+haarcascades/haarcascade_frontalface_alt.xml+1+1
fb+4+haarcascades/haarcascade_frontalface_alt.xml+1+3
fb+4+haarcascades/haarcascade_frontalface_alt.xml+1+5
fb+4+haarcascades/haarcascade_frontalface_alt.xml+1+7
fb+4+haarcascades/haarcascade_frontalface_alt.xml+1+9
fb+4+haarcascades/haarcascade_frontalface_alt.xml+3+1
fb+4+haarcascades/haarcascade_frontalface_alt.xml+3+3
fb+4+haarcascades/haarcascade_frontalface_alt.xml+3+5
fb+4+haarcascades/haarcascade_frontalface_alt.xml+3+7
fb+4+haarcascades/haarcascade_frontalface_alt.xml+3+9
fb+4+haarcascades/haarcascade_frontalface_alt.xml+5+1
fb+4+haarcascades/haarcascade_frontalface_alt.xml+5+3
fb+4+haarcascades/haarcascade_frontalface_alt.xml+5+5
fb+4+haarcascades/haarcascade_frontalface_alt.xml+5+7
fb+4+haarcascades/haarcascade_frontalface_alt.xml+5+9
fb+4+haarcascades/haarcascade_frontalface_alt.xml+7+1
fb+4+haarcascades/haarcascade_frontalface_alt.xml+7+3
fb+4+haarcascades/haarcascade_frontalface_alt.xml+7+5
fb+4+haarcascades/haarcascade_frontalface_alt.xml+7+7
fb+4+haarcascades/haarcascade_frontalface_alt.xml+7+9
fb+4+haarcascades/haarcascade_frontalface_alt.xml+8+1
fb+4+haarcascades/haarcascade_frontalface_alt.xml+8+3
fb+4+haarcascades/haarcascade_frontalface_alt.xml+8+5
fb+4+haarcascades/haarcascade_frontalface_alt.xml+8+7
fb+4+haarcascades/haarcascade_frontalface_alt.xml+8+9
fb+4+haarcascades/haarcascade_frontalface_alt.xml+10+1
fb+4+haarcascades/haarcascade_frontalface_alt.xml+10+3
fb+4+haarcascades/haarcascade_frontalface_alt.xml+10+5
fb+4+haarcascades/haarcascade_frontalface_alt.xml+10+7
fb+4+haarcascades/haarcascade_frontalface_alt.xml+10+9
fb+4+haarcascades/haarcascade_frontalface_alt.xml+20+1
fb+4+haarcascades/haarcascade_frontalface_alt.xml+20+3
fb+4+haarcascades/haarcascade_frontalface_alt.xml+20+5
fb+4+haarcascades/haarcascade_frontalface_alt.xml+20+7
fb+4+haarcascades/haarcascade_frontalface_alt.xml+20+9
fb+4+haarcascades/haarcascade_frontalface_alt.xml+30+1
fb+4+haarcascades/haarcascade_frontalface_alt.xml+30+3
fb+4+haarcascades/haarcascade_frontalface_alt.xml+30+5
fb+4+haarcascades/haarcascade_frontalface_alt.xml+30+7
fb+4+haarcascades/haarcascade_frontalface_alt.xml+30+9
fb+4+haarcascades/haarcascade_frontalface_alt2.xml+1+1
fb+4+haarcascades/haarcascade_frontalface_alt2.xml+1+3
fb+4+haarcascades/haarcascade_frontalface_alt2.xml+1+5
fb+4+haarcascades/haarcascade_frontalface_alt2.xml+1+7
fb+4+haarcascades/haarcascade_frontalface_alt2.xml+1+9
fb+4+haarcascades/haarcascade_frontalface_alt2.xml+3+1
fb+4+haarcascades/haarcascade_frontalface_alt2.xml+3+3
fb+4+haarcascades/haarcascade_frontalface_alt2.xml+3+5
fb+4+haarcascades/haarcascade_frontalface_alt2.xml+3+7
fb+4+haarcascades/haarcascade_frontalface_alt2.xml+3+9
fb+4+haarcascades/haarcascade_frontalface_alt2.xml+5+1
fb+4+haarcascades/haarcascade_frontalface_alt2.xml+5+3
fb+4+haarcascades/haarcascade_frontalface_alt2.xml+5+5
fb+4+haarcascades/haarcascade_frontalface_alt2.xml+5+7
fb+4+haarcascades/haarcascade_frontalface_alt2.xml+5+9
fb+4+haarcascades/haarcascade_frontalface_alt2.xml+7+1
fb+4+haarcascades/haarcascade_frontalface_alt2.xml+7+3
fb+4+haarcascades/haarcascade_frontalface_alt2.xml+7+5
fb+4+haarcascades/haarcascade_frontalface_alt2.xml+7+7
fb+4+haarcascades/haarcascade_frontalface_alt2.xml+7+9
fb+4+haarcascades/haarcascade_frontalface_alt2.xml+8+1
fb+4+haarcascades/haarcascade_frontalface_alt2.xml+8+3
fb+4+haarcascades/haarcascade_frontalface_alt2.xml+8+5
fb+4+haarcascades/haarcascade_frontalface_alt2.xml+8+7
fb+4+haarcascades/haarcascade_frontalface_alt2.xml+8+9
fb+4+haarcascades/haarcascade_frontalface_alt2.xml+10+1
fb+4+haarcascades/haarcascade_frontalface_alt2.xml+10+3
fb+4+haarcascades/haarcascade_frontalface_alt2.xml+10+5
fb+4+haarcascades/haarcascade_frontalface_alt2.xml+10+7
fb+4+haarcascades/haarcascade_frontalface_alt2.xml+10+9
fb+4+haarcascades/haarcascade_frontalface_alt2.xml+20+1
fb+4+haarcascades/haarcascade_frontalface_alt2.xml+20+3
fb+4+haarcascades/haarcascade_frontalface_alt2.xml+20+5
fb+4+haarcascades/haarcascade_frontalface_alt2.xml+20+7
fb+4+haarcascades/haarcascade_frontalface_alt2.xml+20+9
fb+4+haarcascades/haarcascade_frontalface_alt2.xml+30+1
fb+4+haarcascades/haarcascade_frontalface_alt2.xml+30+3
fb+4+haarcascades/haarcascade_frontalface_alt2.xml+30+5
fb+4+haarcascades/haarcascade_frontalface_alt2.xml+30+7
fb+4+haarcascades/haarcascade_frontalface_alt2.xml+30+9
fb+4+haarcascades/haarcascade_frontalface_alt_tree.xml+1+1
fb+4+haarcascades/haarcascade_frontalface_alt_tree.xml+1+3
fb+4+haarcascades/haarcascade_frontalface_alt_tree.xml+1+5
fb+4+haarcascades/haarcascade_frontalface_alt_tree.xml+1+7
fb+4+haarcascades/haarcascade_frontalface_alt_tree.xml+1+9
fb+4+haarcascades/haarcascade_frontalface_alt_tree.xml+3+1
fb+4+haarcascades/haarcascade_frontalface_alt_tree.xml+3+3
fb+4+haarcascades/haarcascade_frontalface_alt_tree.xml+3+5
fb+4+haarcascades/haarcascade_frontalface_alt_tree.xml+3+7
fb+4+haarcascades/haarcascade_frontalface_alt_tree.xml+3+9
fb+4+haarcascades/haarcascade_frontalface_alt_tree.xml+5+1
fb+4+haarcascades/haarcascade_frontalface_alt_tree.xml+5+3
fb+4+haarcascades/haarcascade_frontalface_alt_tree.xml+5+5
fb+4+haarcascades/haarcascade_frontalface_alt_tree.xml+5+7
fb+4+haarcascades/haarcascade_frontalface_alt_tree.xml+5+9
fb+4+haarcascades/haarcascade_frontalface_alt_tree.xml+7+1
fb+4+haarcascades/haarcascade_frontalface_alt_tree.xml+7+3
fb+4+haarcascades/haarcascade_frontalface_alt_tree.xml+7+5
fb+4+haarcascades/haarcascade_frontalface_alt_tree.xml+7+7
fb+4+haarcascades/haarcascade_frontalface_alt_tree.xml+7+9
fb+4+haarcascades/haarcascade_frontalface_alt_tree.xml+8+1
fb+4+haarcascades/haarcascade_frontalface_alt_tree.xml+8+3
fb+4+haarcascades/haarcascade_frontalface_alt_tree.xml+8+5
fb+4+haarcascades/haarcascade_frontalface_alt_tree.xml+8+7
fb+4+haarcascades/haarcascade_frontalface_alt_tree.xml+8+9
fb+4+haarcascades/haarcascade_frontalface_alt_tree.xml+10+1
fb+4+haarcascades/haarcascade_frontalface_alt_tree.xml+10+3
fb+4+haarcascades/haarcascade_frontalface_alt_tree.xml+10+5
fb+4+haarcascades/haarcascade_frontalface_alt_tree.xml+10+7
fb+4+haarcascades/haarcascade_frontalface_alt_tree.xml+10+9
fb+4+haarcascades/haarcascade_frontalface_alt_tree.xml+20+1
fb+4+haarcascades/haarcascade_frontalface_alt_tree.xml+20+3
fb+4+haarcascades/haarcascade_frontalface_alt_tree.xml+20+5
fb+4+haarcascades/haarcascade_frontalface_alt_tree.xml+20+7
fb+4+haarcascades/haarcascade_frontalface_alt_tree.xml+20+9
fb+4+haarcascades/haarcascade_frontalface_alt_tree.xml+30+1
fb+4+haarcascades/haarcascade_frontalface_alt_tree.xml+30+3
fb+4+haarcascades/haarcascade_frontalface_alt_tree.xml+30+5
fb+4+haarcascades/haarcascade_frontalface_alt_tree.xml+30+7
fb+4+haarcascades/haarcascade_frontalface_alt_tree.xml+30+9
fb+5+lbpcascades/lbpcascade_frontalface.xml+1+1
fb+5+lbpcascades/lbpcascade_frontalface.xml+1+3
fb+5+lbpcascades/lbpcascade_frontalface.xml+1+5
fb+5+lbpcascades/lbpcascade_frontalface.xml+1+7
fb+5+lbpcascades/lbpcascade_frontalface.xml+1+9
fb+5+lbpcascades/lbpcascade_frontalface.xml+3+1
fb+5+lbpcascades/lbpcascade_frontalface.xml+3+3
fb+5+lbpcascades/lbpcascade_frontalface.xml+3+5
fb+5+lbpcascades/lbpcascade_frontalface.xml+3+7
fb+5+lbpcascades/lbpcascade_frontalface.xml+3+9
fb+5+lbpcascades/lbpcascade_frontalface.xml+5+1
fb+5+lbpcascades/lbpcascade_frontalface.xml+5+3
fb+5+lbpcascades/lbpcascade_frontalface.xml+5+5
fb+5+lbpcascades/lbpcascade_frontalface.xml+5+7
fb+5+lbpcascades/lbpcascade_frontalface.xml+5+9
fb+5+lbpcascades/lbpcascade_frontalface.xml+7+1
fb+5+lbpcascades/lbpcascade_frontalface.xml+7+3
fb+5+lbpcascades/lbpcascade_frontalface.xml+7+5
fb+5+lbpcascades/lbpcascade_frontalface.xml+7+7
fb+5+lbpcascades/lbpcascade_frontalface.xml+7+9
fb+5+lbpcascades/lbpcascade_frontalface.xml+8+1
fb+5+lbpcascades/lbpcascade_frontalface.xml+8+3
fb+5+lbpcascades/lbpcascade_frontalface.xml+8+5
fb+5+lbpcascades/lbpcascade_frontalface.xml+8+7
fb+5+lbpcascades/lbpcascade_frontalface.xml+8+9
fb+5+lbpcascades/lbpcascade_frontalface.xml+10+1
fb+5+lbpcascades/lbpcascade_frontalface.xml+10+3
fb+5+lbpcascades/lbpcascade_frontalface.xml+10+5
fb+5+lbpcascades/lbpcascade_frontalface.xml+10+7
fb+5+lbpcascades/lbpcascade_frontalface.xml+10+9
fb+5+lbpcascades/lbpcascade_frontalface.xml+20+1
fb+5+lbpcascades/lbpcascade_frontalface.xml+20+3
fb+5+lbpcascades/lbpcascade_frontalface.xml+20+5
fb+5+lbpcascades/lbpcascade_frontalface.xml+20+7
fb+5+lbpcascades/lbpcascade_frontalface.xml+20+9
fb+5+lbpcascades/lbpcascade_frontalface.xml+30+1
fb+5+lbpcascades/lbpcascade_frontalface.xml+30+3
fb+5+lbpcascades/lbpcascade_frontalface.xml+30+5
fb+5+lbpcascades/lbpcascade_frontalface.xml+30+7
fb+5+lbpcascades/lbpcascade_frontalface.xml+30+9
fb+5+lbpcascades/lbpcascade_frontalface_improved.xml+1+1
fb+5+lbpcascades/lbpcascade_frontalface_improved.xml+1+3
fb+5+lbpcascades/lbpcascade_frontalface_improved.xml+1+5
fb+5+lbpcascades/lbpcascade_frontalface_improved.xml+1+7
fb+5+lbpcascades/lbpcascade_frontalface_improved.xml+1+9
fb+5+lbpcascades/lbpcascade_frontalface_improved.xml+3+1
fb+5+lbpcascades/lbpcascade_frontalface_improved.xml+3+3
fb+5+lbpcascades/lbpcascade_frontalface_improved.xml+3+5
fb+5+lbpcascades/lbpcascade_frontalface_improved.xml+3+7
fb+5+lbpcascades/lbpcascade_frontalface_improved.xml+3+9
fb+5+lbpcascades/lbpcascade_frontalface_improved.xml+5+1
fb+5+lbpcascades/lbpcascade_frontalface_improved.xml+5+3
fb+5+lbpcascades/lbpcascade_frontalface_improved.xml+5+5
fb+5+lbpcascades/lbpcascade_frontalface_improved.xml+5+7
fb+5+lbpcascades/lbpcascade_frontalface_improved.xml+5+9
fb+5+lbpcascades/lbpcascade_frontalface_improved.xml+7+1
fb+5+lbpcascades/lbpcascade_frontalface_improved.xml+7+3
fb+5+lbpcascades/lbpcascade_frontalface_improved.xml+7+5
fb+5+lbpcascades/lbpcascade_frontalface_improved.xml+7+7
fb+5+lbpcascades/lbpcascade_frontalface_improved.xml+7+9
fb+5+lbpcascades/lbpcascade_frontalface_improved.xml+8+1
fb+5+lbpcascades/lbpcascade_frontalface_improved.xml+8+3
fb+5+lbpcascades/lbpcascade_frontalface_improved.xml+8+5
fb+5+lbpcascades/lbpcascade_frontalface_improved.xml+8+7
fb+5+lbpcascades/lbpcascade_frontalface_improved.xml+8+9
fb+5+lbpcascades/lbpcascade_frontalface_improved.xml+10+1
fb+5+lbpcascades/lbpcascade_frontalface_improved.xml+10+3
fb+5+lbpcascades/lbpcascade_frontalface_improved.xml+10+5
fb+5+lbpcascades/lbpcascade_frontalface_improved.xml+10+7
fb+5+lbpcascades/lbpcascade_frontalface_improved.xml+10+9
fb+5+lbpcascades/lbpcascade_frontalface_improved.xml+20+1
fb+5+lbpcascades/lbpcascade_frontalface_improved.xml+20+3
fb+5+lbpcascades/lbpcascade_frontalface_improved.xml+20+5
fb+5+lbpcascades/lbpcascade_frontalface_improved.xml+20+7
fb+5+lbpcascades/lbpcascade_frontalface_improved.xml+20+9
fb+5+lbpcascades/lbpcascade_frontalface_improved.xml+30+1
fb+5+lbpcascades/lbpcascade_frontalface_improved.xml+30+3
fb+5+lbpcascades/lbpcascade_frontalface_improved.xml+30+5
fb+5+lbpcascades/lbpcascade_frontalface_improved.xml+30+7
fb+5+lbpcascades/lbpcascade_frontalface_improved.xml+30+9
fb+5+haarcascades/haarcascade_frontalface_default.xml+1+1
fb+5+haarcascades/haarcascade_frontalface_default.xml+1+3
fb+5+haarcascades/haarcascade_frontalface_default.xml+1+5
fb+5+haarcascades/haarcascade_frontalface_default.xml+1+7
fb+5+haarcascades/haarcascade_frontalface_default.xml+1+9
fb+5+haarcascades/haarcascade_frontalface_default.xml+3+1
fb+5+haarcascades/haarcascade_frontalface_default.xml+3+3
fb+5+haarcascades/haarcascade_frontalface_default.xml+3+5
fb+5+haarcascades/haarcascade_frontalface_default.xml+3+7
fb+5+haarcascades/haarcascade_frontalface_default.xml+3+9
fb+5+haarcascades/haarcascade_frontalface_default.xml+5+1
fb+5+haarcascades/haarcascade_frontalface_default.xml+5+3
fb+5+haarcascades/haarcascade_frontalface_default.xml+5+5
fb+5+haarcascades/haarcascade_frontalface_default.xml+5+7
fb+5+haarcascades/haarcascade_frontalface_default.xml+5+9
fb+5+haarcascades/haarcascade_frontalface_default.xml+7+1
fb+5+haarcascades/haarcascade_frontalface_default.xml+7+3
fb+5+haarcascades/haarcascade_frontalface_default.xml+7+5
fb+5+haarcascades/haarcascade_frontalface_default.xml+7+7
fb+5+haarcascades/haarcascade_frontalface_default.xml+7+9
fb+5+haarcascades/haarcascade_frontalface_default.xml+8+1
fb+5+haarcascades/haarcascade_frontalface_default.xml+8+3
fb+5+haarcascades/haarcascade_frontalface_default.xml+8+5
fb+5+haarcascades/haarcascade_frontalface_default.xml+8+7
fb+5+haarcascades/haarcascade_frontalface_default.xml+8+9
fb+5+haarcascades/haarcascade_frontalface_default.xml+10+1
fb+5+haarcascades/haarcascade_frontalface_default.xml+10+3
fb+5+haarcascades/haarcascade_frontalface_default.xml+10+5
fb+5+haarcascades/haarcascade_frontalface_default.xml+10+7
fb+5+haarcascades/haarcascade_frontalface_default.xml+10+9
fb+5+haarcascades/haarcascade_frontalface_default.xml+20+1
fb+5+haarcascades/haarcascade_frontalface_default.xml+20+3
fb+5+haarcascades/haarcascade_frontalface_default.xml+20+5
fb+5+haarcascades/haarcascade_frontalface_default.xml+20+7
fb+5+haarcascades/haarcascade_frontalface_default.xml+20+9
fb+5+haarcascades/haarcascade_frontalface_default.xml+30+1
fb+5+haarcascades/haarcascade_frontalface_default.xml+30+3
fb+5+haarcascades/haarcascade_frontalface_default.xml+30+5
fb+5+haarcascades/haarcascade_frontalface_default.xml+30+7
fb+5+haarcascades/haarcascade_frontalface_default.xml+30+9
fb+5+haarcascades/haarcascade_frontalface_alt.xml+1+1
fb+5+haarcascades/haarcascade_frontalface_alt.xml+1+3
fb+5+haarcascades/haarcascade_frontalface_alt.xml+1+5
fb+5+haarcascades/haarcascade_frontalface_alt.xml+1+7
fb+5+haarcascades/haarcascade_frontalface_alt.xml+1+9
fb+5+haarcascades/haarcascade_frontalface_alt.xml+3+1
fb+5+haarcascades/haarcascade_frontalface_alt.xml+3+3
fb+5+haarcascades/haarcascade_frontalface_alt.xml+3+5
fb+5+haarcascades/haarcascade_frontalface_alt.xml+3+7
fb+5+haarcascades/haarcascade_frontalface_alt.xml+3+9
fb+5+haarcascades/haarcascade_frontalface_alt.xml+5+1
fb+5+haarcascades/haarcascade_frontalface_alt.xml+5+3
fb+5+haarcascades/haarcascade_frontalface_alt.xml+5+5
fb+5+haarcascades/haarcascade_frontalface_alt.xml+5+7
fb+5+haarcascades/haarcascade_frontalface_alt.xml+5+9
fb+5+haarcascades/haarcascade_frontalface_alt.xml+7+1
fb+5+haarcascades/haarcascade_frontalface_alt.xml+7+3
fb+5+haarcascades/haarcascade_frontalface_alt.xml+7+5
fb+5+haarcascades/haarcascade_frontalface_alt.xml+7+7
fb+5+haarcascades/haarcascade_frontalface_alt.xml+7+9
fb+5+haarcascades/haarcascade_frontalface_alt.xml+8+1
fb+5+haarcascades/haarcascade_frontalface_alt.xml+8+3
fb+5+haarcascades/haarcascade_frontalface_alt.xml+8+5
fb+5+haarcascades/haarcascade_frontalface_alt.xml+8+7
fb+5+haarcascades/haarcascade_frontalface_alt.xml+8+9
fb+5+haarcascades/haarcascade_frontalface_alt.xml+10+1
fb+5+haarcascades/haarcascade_frontalface_alt.xml+10+3
fb+5+haarcascades/haarcascade_frontalface_alt.xml+10+5
fb+5+haarcascades/haarcascade_frontalface_alt.xml+10+7
fb+5+haarcascades/haarcascade_frontalface_alt.xml+10+9
fb+5+haarcascades/haarcascade_frontalface_alt.xml+20+1
fb+5+haarcascades/haarcascade_frontalface_alt.xml+20+3
fb+5+haarcascades/haarcascade_frontalface_alt.xml+20+5
fb+5+haarcascades/haarcascade_frontalface_alt.xml+20+7
fb+5+haarcascades/haarcascade_frontalface_alt.xml+20+9
fb+5+haarcascades/haarcascade_frontalface_alt.xml+30+1
fb+5+haarcascades/haarcascade_frontalface_alt.xml+30+3
fb+5+haarcascades/haarcascade_frontalface_alt.xml+30+5
fb+5+haarcascades/haarcascade_frontalface_alt.xml+30+7
fb+5+haarcascades/haarcascade_frontalface_alt.xml+30+9
fb+5+haarcascades/haarcascade_frontalface_alt2.xml+1+1
fb+5+haarcascades/haarcascade_frontalface_alt2.xml+1+3
fb+5+haarcascades/haarcascade_frontalface_alt2.xml+1+5
fb+5+haarcascades/haarcascade_frontalface_alt2.xml+1+7
fb+5+haarcascades/haarcascade_frontalface_alt2.xml+1+9
fb+5+haarcascades/haarcascade_frontalface_alt2.xml+3+1
fb+5+haarcascades/haarcascade_frontalface_alt2.xml+3+3
fb+5+haarcascades/haarcascade_frontalface_alt2.xml+3+5
fb+5+haarcascades/haarcascade_frontalface_alt2.xml+3+7
fb+5+haarcascades/haarcascade_frontalface_alt2.xml+3+9
fb+5+haarcascades/haarcascade_frontalface_alt2.xml+5+1
fb+5+haarcascades/haarcascade_frontalface_alt2.xml+5+3
fb+5+haarcascades/haarcascade_frontalface_alt2.xml+5+5
fb+5+haarcascades/haarcascade_frontalface_alt2.xml+5+7
fb+5+haarcascades/haarcascade_frontalface_alt2.xml+5+9
fb+5+haarcascades/haarcascade_frontalface_alt2.xml+7+1
fb+5+haarcascades/haarcascade_frontalface_alt2.xml+7+3
fb+5+haarcascades/haarcascade_frontalface_alt2.xml+7+5
fb+5+haarcascades/haarcascade_frontalface_alt2.xml+7+7
fb+5+haarcascades/haarcascade_frontalface_alt2.xml+7+9
fb+5+haarcascades/haarcascade_frontalface_alt2.xml+8+1
fb+5+haarcascades/haarcascade_frontalface_alt2.xml+8+3
fb+5+haarcascades/haarcascade_frontalface_alt2.xml+8+5
fb+5+haarcascades/haarcascade_frontalface_alt2.xml+8+7
fb+5+haarcascades/haarcascade_frontalface_alt2.xml+8+9
fb+5+haarcascades/haarcascade_frontalface_alt2.xml+10+1
fb+5+haarcascades/haarcascade_frontalface_alt2.xml+10+3
fb+5+haarcascades/haarcascade_frontalface_alt2.xml+10+5
fb+5+haarcascades/haarcascade_frontalface_alt2.xml+10+7
fb+5+haarcascades/haarcascade_frontalface_alt2.xml+10+9
fb+5+haarcascades/haarcascade_frontalface_alt2.xml+20+1
fb+5+haarcascades/haarcascade_frontalface_alt2.xml+20+3
fb+5+haarcascades/haarcascade_frontalface_alt2.xml+20+5
fb+5+haarcascades/haarcascade_frontalface_alt2.xml+20+7
fb+5+haarcascades/haarcascade_frontalface_alt2.xml+20+9
fb+5+haarcascades/haarcascade_frontalface_alt2.xml+30+1
fb+5+haarcascades/haarcascade_frontalface_alt2.xml+30+3
fb+5+haarcascades/haarcascade_frontalface_alt2.xml+30+5
fb+5+haarcascades/haarcascade_frontalface_alt2.xml+30+7
fb+5+haarcascades/haarcascade_frontalface_alt2.xml+30+9
fb+5+haarcascades/haarcascade_frontalface_alt_tree.xml+1+1
fb+5+haarcascades/haarcascade_frontalface_alt_tree.xml+1+3
fb+5+haarcascades/haarcascade_frontalface_alt_tree.xml+1+5
fb+5+haarcascades/haarcascade_frontalface_alt_tree.xml+1+7
fb+5+haarcascades/haarcascade_frontalface_alt_tree.xml+1+9
fb+5+haarcascades/haarcascade_frontalface_alt_tree.xml+3+1
fb+5+haarcascades/haarcascade_frontalface_alt_tree.xml+3+3
fb+5+haarcascades/haarcascade_frontalface_alt_tree.xml+3+5
fb+5+haarcascades/haarcascade_frontalface_alt_tree.xml+3+7
fb+5+haarcascades/haarcascade_frontalface_alt_tree.xml+3+9
fb+5+haarcascades/haarcascade_frontalface_alt_tree.xml+5+1
fb+5+haarcascades/haarcascade_frontalface_alt_tree.xml+5+3
fb+5+haarcascades/haarcascade_frontalface_alt_tree.xml+5+5
fb+5+haarcascades/haarcascade_frontalface_alt_tree.xml+5+7
fb+5+haarcascades/haarcascade_frontalface_alt_tree.xml+5+9
fb+5+haarcascades/haarcascade_frontalface_alt_tree.xml+7+1
fb+5+haarcascades/haarcascade_frontalface_alt_tree.xml+7+3
fb+5+haarcascades/haarcascade_frontalface_alt_tree.xml+7+5
fb+5+haarcascades/haarcascade_frontalface_alt_tree.xml+7+7
fb+5+haarcascades/haarcascade_frontalface_alt_tree.xml+7+9
fb+5+haarcascades/haarcascade_frontalface_alt_tree.xml+8+1
fb+5+haarcascades/haarcascade_frontalface_alt_tree.xml+8+3
fb+5+haarcascades/haarcascade_frontalface_alt_tree.xml+8+5
fb+5+haarcascades/haarcascade_frontalface_alt_tree.xml+8+7
fb+5+haarcascades/haarcascade_frontalface_alt_tree.xml+8+9
fb+5+haarcascades/haarcascade_frontalface_alt_tree.xml+10+1
fb+5+haarcascades/haarcascade_frontalface_alt_tree.xml+10+3
fb+5+haarcascades/haarcascade_frontalface_alt_tree.xml+10+5
fb+5+haarcascades/haarcascade_frontalface_alt_tree.xml+10+7
fb+5+haarcascades/haarcascade_frontalface_alt_tree.xml+10+9
fb+5+haarcascades/haarcascade_frontalface_alt_tree.xml+20+1
fb+5+haarcascades/haarcascade_frontalface_alt_tree.xml+20+3
fb+5+haarcascades/haarcascade_frontalface_alt_tree.xml+20+5
fb+5+haarcascades/haarcascade_frontalface_alt_tree.xml+20+7
fb+5+haarcascades/haarcascade_frontalface_alt_tree.xml+20+9
fb+5+haarcascades/haarcascade_frontalface_alt_tree.xml+30+1
fb+5+haarcascades/haarcascade_frontalface_alt_tree.xml+30+3
fb+5+haarcascades/haarcascade_frontalface_alt_tree.xml+30+5
fb+5+haarcascades/haarcascade_frontalface_alt_tree.xml+30+7
fb+5+haarcascades/haarcascade_frontalface_alt_tree.xml+30+9
fb+7.5+lbpcascades/lbpcascade_frontalface.xml+1+1
fb+7.5+lbpcascades/lbpcascade_frontalface.xml+1+3
fb+7.5+lbpcascades/lbpcascade_frontalface.xml+1+5
fb+7.5+lbpcascades/lbpcascade_frontalface.xml+1+7
fb+7.5+lbpcascades/lbpcascade_frontalface.xml+1+9
fb+7.5+lbpcascades/lbpcascade_frontalface.xml+3+1
fb+7.5+lbpcascades/lbpcascade_frontalface.xml+3+3
fb+7.5+lbpcascades/lbpcascade_frontalface.xml+3+5
fb+7.5+lbpcascades/lbpcascade_frontalface.xml+3+7
fb+7.5+lbpcascades/lbpcascade_frontalface.xml+3+9
fb+7.5+lbpcascades/lbpcascade_frontalface.xml+5+1
fb+7.5+lbpcascades/lbpcascade_frontalface.xml+5+3
fb+7.5+lbpcascades/lbpcascade_frontalface.xml+5+5
fb+7.5+lbpcascades/lbpcascade_frontalface.xml+5+7
fb+7.5+lbpcascades/lbpcascade_frontalface.xml+5+9
fb+7.5+lbpcascades/lbpcascade_frontalface.xml+7+1
fb+7.5+lbpcascades/lbpcascade_frontalface.xml+7+3
fb+7.5+lbpcascades/lbpcascade_frontalface.xml+7+5
fb+7.5+lbpcascades/lbpcascade_frontalface.xml+7+7
fb+7.5+lbpcascades/lbpcascade_frontalface.xml+7+9
fb+7.5+lbpcascades/lbpcascade_frontalface.xml+8+1
fb+7.5+lbpcascades/lbpcascade_frontalface.xml+8+3
fb+7.5+lbpcascades/lbpcascade_frontalface.xml+8+5
fb+7.5+lbpcascades/lbpcascade_frontalface.xml+8+7
fb+7.5+lbpcascades/lbpcascade_frontalface.xml+8+9
fb+7.5+lbpcascades/lbpcascade_frontalface.xml+10+1
fb+7.5+lbpcascades/lbpcascade_frontalface.xml+10+3
fb+7.5+lbpcascades/lbpcascade_frontalface.xml+10+5
fb+7.5+lbpcascades/lbpcascade_frontalface.xml+10+7
fb+7.5+lbpcascades/lbpcascade_frontalface.xml+10+9
fb+7.5+lbpcascades/lbpcascade_frontalface.xml+20+1
fb+7.5+lbpcascades/lbpcascade_frontalface.xml+20+3
fb+7.5+lbpcascades/lbpcascade_frontalface.xml+20+5
fb+7.5+lbpcascades/lbpcascade_frontalface.xml+20+7
fb+7.5+lbpcascades/lbpcascade_frontalface.xml+20+9
fb+7.5+lbpcascades/lbpcascade_frontalface.xml+30+1
fb+7.5+lbpcascades/lbpcascade_frontalface.xml+30+3
fb+7.5+lbpcascades/lbpcascade_frontalface.xml+30+5
fb+7.5+lbpcascades/lbpcascade_frontalface.xml+30+7
fb+7.5+lbpcascades/lbpcascade_frontalface.xml+30+9
fb+7.5+lbpcascades/lbpcascade_frontalface_improved.xml+1+1
fb+7.5+lbpcascades/lbpcascade_frontalface_improved.xml+1+3
fb+7.5+lbpcascades/lbpcascade_frontalface_improved.xml+1+5
fb+7.5+lbpcascades/lbpcascade_frontalface_improved.xml+1+7
fb+7.5+lbpcascades/lbpcascade_frontalface_improved.xml+1+9
fb+7.5+lbpcascades/lbpcascade_frontalface_improved.xml+3+1
fb+7.5+lbpcascades/lbpcascade_frontalface_improved.xml+3+3
fb+7.5+lbpcascades/lbpcascade_frontalface_improved.xml+3+5
fb+7.5+lbpcascades/lbpcascade_frontalface_improved.xml+3+7
fb+7.5+lbpcascades/lbpcascade_frontalface_improved.xml+3+9
fb+7.5+lbpcascades/lbpcascade_frontalface_improved.xml+5+1
fb+7.5+lbpcascades/lbpcascade_frontalface_improved.xml+5+3
fb+7.5+lbpcascades/lbpcascade_frontalface_improved.xml+5+5
fb+7.5+lbpcascades/lbpcascade_frontalface_improved.xml+5+7
fb+7.5+lbpcascades/lbpcascade_frontalface_improved.xml+5+9
fb+7.5+lbpcascades/lbpcascade_frontalface_improved.xml+7+1
fb+7.5+lbpcascades/lbpcascade_frontalface_improved.xml+7+3
fb+7.5+lbpcascades/lbpcascade_frontalface_improved.xml+7+5
fb+7.5+lbpcascades/lbpcascade_frontalface_improved.xml+7+7
fb+7.5+lbpcascades/lbpcascade_frontalface_improved.xml+7+9
fb+7.5+lbpcascades/lbpcascade_frontalface_improved.xml+8+1
fb+7.5+lbpcascades/lbpcascade_frontalface_improved.xml+8+3
fb+7.5+lbpcascades/lbpcascade_frontalface_improved.xml+8+5
fb+7.5+lbpcascades/lbpcascade_frontalface_improved.xml+8+7
fb+7.5+lbpcascades/lbpcascade_frontalface_improved.xml+8+9
fb+7.5+lbpcascades/lbpcascade_frontalface_improved.xml+10+1
fb+7.5+lbpcascades/lbpcascade_frontalface_improved.xml+10+3
fb+7.5+lbpcascades/lbpcascade_frontalface_improved.xml+10+5
fb+7.5+lbpcascades/lbpcascade_frontalface_improved.xml+10+7
fb+7.5+lbpcascades/lbpcascade_frontalface_improved.xml+10+9
fb+7.5+lbpcascades/lbpcascade_frontalface_improved.xml+20+1
fb+7.5+lbpcascades/lbpcascade_frontalface_improved.xml+20+3
fb+7.5+lbpcascades/lbpcascade_frontalface_improved.xml+20+5
fb+7.5+lbpcascades/lbpcascade_frontalface_improved.xml+20+7
fb+7.5+lbpcascades/lbpcascade_frontalface_improved.xml+20+9
fb+7.5+lbpcascades/lbpcascade_frontalface_improved.xml+30+1
fb+7.5+lbpcascades/lbpcascade_frontalface_improved.xml+30+3
fb+7.5+lbpcascades/lbpcascade_frontalface_improved.xml+30+5
fb+7.5+lbpcascades/lbpcascade_frontalface_improved.xml+30+7
fb+7.5+lbpcascades/lbpcascade_frontalface_improved.xml+30+9
fb+7.5+haarcascades/haarcascade_frontalface_default.xml+1+1
fb+7.5+haarcascades/haarcascade_frontalface_default.xml+1+3
fb+7.5+haarcascades/haarcascade_frontalface_default.xml+1+5
fb+7.5+haarcascades/haarcascade_frontalface_default.xml+1+7
fb+7.5+haarcascades/haarcascade_frontalface_default.xml+1+9
fb+7.5+haarcascades/haarcascade_frontalface_default.xml+3+1
fb+7.5+haarcascades/haarcascade_frontalface_default.xml+3+3
fb+7.5+haarcascades/haarcascade_frontalface_default.xml+3+5
fb+7.5+haarcascades/haarcascade_frontalface_default.xml+3+7
fb+7.5+haarcascades/haarcascade_frontalface_default.xml+3+9
fb+7.5+haarcascades/haarcascade_frontalface_default.xml+5+1
fb+7.5+haarcascades/haarcascade_frontalface_default.xml+5+3
fb+7.5+haarcascades/haarcascade_frontalface_default.xml+5+5
fb+7.5+haarcascades/haarcascade_frontalface_default.xml+5+7
fb+7.5+haarcascades/haarcascade_frontalface_default.xml+5+9
fb+7.5+haarcascades/haarcascade_frontalface_default.xml+7+1
fb+7.5+haarcascades/haarcascade_frontalface_default.xml+7+3
fb+7.5+haarcascades/haarcascade_frontalface_default.xml+7+5
fb+7.5+haarcascades/haarcascade_frontalface_default.xml+7+7
fb+7.5+haarcascades/haarcascade_frontalface_default.xml+7+9
fb+7.5+haarcascades/haarcascade_frontalface_default.xml+8+1
fb+7.5+haarcascades/haarcascade_frontalface_default.xml+8+3
fb+7.5+haarcascades/haarcascade_frontalface_default.xml+8+5
fb+7.5+haarcascades/haarcascade_frontalface_default.xml+8+7
fb+7.5+haarcascades/haarcascade_frontalface_default.xml+8+9
fb+7.5+haarcascades/haarcascade_frontalface_default.xml+10+1
fb+7.5+haarcascades/haarcascade_frontalface_default.xml+10+3
fb+7.5+haarcascades/haarcascade_frontalface_default.xml+10+5
fb+7.5+haarcascades/haarcascade_frontalface_default.xml+10+7
fb+7.5+haarcascades/haarcascade_frontalface_default.xml+10+9
fb+7.5+haarcascades/haarcascade_frontalface_default.xml+20+1
fb+7.5+haarcascades/haarcascade_frontalface_default.xml+20+3
fb+7.5+haarcascades/haarcascade_frontalface_default.xml+20+5
fb+7.5+haarcascades/haarcascade_frontalface_default.xml+20+7
fb+7.5+haarcascades/haarcascade_frontalface_default.xml+20+9
fb+7.5+haarcascades/haarcascade_frontalface_default.xml+30+1
fb+7.5+haarcascades/haarcascade_frontalface_default.xml+30+3
fb+7.5+haarcascades/haarcascade_frontalface_default.xml+30+5
fb+7.5+haarcascades/haarcascade_frontalface_default.xml+30+7
fb+7.5+haarcascades/haarcascade_frontalface_default.xml+30+9
fb+7.5+haarcascades/haarcascade_frontalface_alt.xml+1+1
fb+7.5+haarcascades/haarcascade_frontalface_alt.xml+1+3
fb+7.5+haarcascades/haarcascade_frontalface_alt.xml+1+5
fb+7.5+haarcascades/haarcascade_frontalface_alt.xml+1+7
fb+7.5+haarcascades/haarcascade_frontalface_alt.xml+1+9
fb+7.5+haarcascades/haarcascade_frontalface_alt.xml+3+1
fb+7.5+haarcascades/haarcascade_frontalface_alt.xml+3+3
fb+7.5+haarcascades/haarcascade_frontalface_alt.xml+3+5
fb+7.5+haarcascades/haarcascade_frontalface_alt.xml+3+7
fb+7.5+haarcascades/haarcascade_frontalface_alt.xml+3+9
fb+7.5+haarcascades/haarcascade_frontalface_alt.xml+5+1
fb+7.5+haarcascades/haarcascade_frontalface_alt.xml+5+3
fb+7.5+haarcascades/haarcascade_frontalface_alt.xml+5+5
fb+7.5+haarcascades/haarcascade_frontalface_alt.xml+5+7
fb+7.5+haarcascades/haarcascade_frontalface_alt.xml+5+9
fb+7.5+haarcascades/haarcascade_frontalface_alt.xml+7+1
fb+7.5+haarcascades/haarcascade_frontalface_alt.xml+7+3
fb+7.5+haarcascades/haarcascade_frontalface_alt.xml+7+5
fb+7.5+haarcascades/haarcascade_frontalface_alt.xml+7+7
fb+7.5+haarcascades/haarcascade_frontalface_alt.xml+7+9
fb+7.5+haarcascades/haarcascade_frontalface_alt.xml+8+1
fb+7.5+haarcascades/haarcascade_frontalface_alt.xml+8+3
fb+7.5+haarcascades/haarcascade_frontalface_alt.xml+8+5
fb+7.5+haarcascades/haarcascade_frontalface_alt.xml+8+7
fb+7.5+haarcascades/haarcascade_frontalface_alt.xml+8+9
fb+7.5+haarcascades/haarcascade_frontalface_alt.xml+10+1
fb+7.5+haarcascades/haarcascade_frontalface_alt.xml+10+3
fb+7.5+haarcascades/haarcascade_frontalface_alt.xml+10+5
fb+7.5+haarcascades/haarcascade_frontalface_alt.xml+10+7
fb+7.5+haarcascades/haarcascade_frontalface_alt.xml+10+9
fb+7.5+haarcascades/haarcascade_frontalface_alt.xml+20+1
fb+7.5+haarcascades/haarcascade_frontalface_alt.xml+20+3
fb+7.5+haarcascades/haarcascade_frontalface_alt.xml+20+5
fb+7.5+haarcascades/haarcascade_frontalface_alt.xml+20+7
fb+7.5+haarcascades/haarcascade_frontalface_alt.xml+20+9
fb+7.5+haarcascades/haarcascade_frontalface_alt.xml+30+1
fb+7.5+haarcascades/haarcascade_frontalface_alt.xml+30+3
fb+7.5+haarcascades/haarcascade_frontalface_alt.xml+30+5
fb+7.5+haarcascades/haarcascade_frontalface_alt.xml+30+7
fb+7.5+haarcascades/haarcascade_frontalface_alt.xml+30+9
fb+7.5+haarcascades/haarcascade_frontalface_alt2.xml+1+1
fb+7.5+haarcascades/haarcascade_frontalface_alt2.xml+1+3
fb+7.5+haarcascades/haarcascade_frontalface_alt2.xml+1+5
fb+7.5+haarcascades/haarcascade_frontalface_alt2.xml+1+7
fb+7.5+haarcascades/haarcascade_frontalface_alt2.xml+1+9
fb+7.5+haarcascades/haarcascade_frontalface_alt2.xml+3+1
fb+7.5+haarcascades/haarcascade_frontalface_alt2.xml+3+3
fb+7.5+haarcascades/haarcascade_frontalface_alt2.xml+3+5
fb+7.5+haarcascades/haarcascade_frontalface_alt2.xml+3+7
fb+7.5+haarcascades/haarcascade_frontalface_alt2.xml+3+9
fb+7.5+haarcascades/haarcascade_frontalface_alt2.xml+5+1
fb+7.5+haarcascades/haarcascade_frontalface_alt2.xml+5+3
fb+7.5+haarcascades/haarcascade_frontalface_alt2.xml+5+5
fb+7.5+haarcascades/haarcascade_frontalface_alt2.xml+5+7
fb+7.5+haarcascades/haarcascade_frontalface_alt2.xml+5+9
fb+7.5+haarcascades/haarcascade_frontalface_alt2.xml+7+1
fb+7.5+haarcascades/haarcascade_frontalface_alt2.xml+7+3
fb+7.5+haarcascades/haarcascade_frontalface_alt2.xml+7+5
fb+7.5+haarcascades/haarcascade_frontalface_alt2.xml+7+7
fb+7.5+haarcascades/haarcascade_frontalface_alt2.xml+7+9
fb+7.5+haarcascades/haarcascade_frontalface_alt2.xml+8+1
fb+7.5+haarcascades/haarcascade_frontalface_alt2.xml+8+3
fb+7.5+haarcascades/haarcascade_frontalface_alt2.xml+8+5
fb+7.5+haarcascades/haarcascade_frontalface_alt2.xml+8+7
fb+7.5+haarcascades/haarcascade_frontalface_alt2.xml+8+9
fb+7.5+haarcascades/haarcascade_frontalface_alt2.xml+10+1
fb+7.5+haarcascades/haarcascade_frontalface_alt2.xml+10+3
fb+7.5+haarcascades/haarcascade_frontalface_alt2.xml+10+5
fb+7.5+haarcascades/haarcascade_frontalface_alt2.xml+10+7
fb+7.5+haarcascades/haarcascade_frontalface_alt2.xml+10+9
fb+7.5+haarcascades/haarcascade_frontalface_alt2.xml+20+1
fb+7.5+haarcascades/haarcascade_frontalface_alt2.xml+20+3
fb+7.5+haarcascades/haarcascade_frontalface_alt2.xml+20+5
fb+7.5+haarcascades/haarcascade_frontalface_alt2.xml+20+7
fb+7.5+haarcascades/haarcascade_frontalface_alt2.xml+20+9
fb+7.5+haarcascades/haarcascade_frontalface_alt2.xml+30+1
fb+7.5+haarcascades/haarcascade_frontalface_alt2.xml+30+3
fb+7.5+haarcascades/haarcascade_frontalface_alt2.xml+30+5
fb+7.5+haarcascades/haarcascade_frontalface_alt2.xml+30+7
fb+7.5+haarcascades/haarcascade_frontalface_alt2.xml+30+9
fb+7.5+haarcascades/haarcascade_frontalface_alt_tree.xml+1+1
fb+7.5+haarcascades/haarcascade_frontalface_alt_tree.xml+1+3
fb+7.5+haarcascades/haarcascade_frontalface_alt_tree.xml+1+5
fb+7.5+haarcascades/haarcascade_frontalface_alt_tree.xml+1+7
fb+7.5+haarcascades/haarcascade_frontalface_alt_tree.xml+1+9
fb+7.5+haarcascades/haarcascade_frontalface_alt_tree.xml+3+1
fb+7.5+haarcascades/haarcascade_frontalface_alt_tree.xml+3+3
fb+7.5+haarcascades/haarcascade_frontalface_alt_tree.xml+3+5
fb+7.5+haarcascades/haarcascade_frontalface_alt_tree.xml+3+7
fb+7.5+haarcascades/haarcascade_frontalface_alt_tree.xml+3+9
fb+7.5+haarcascades/haarcascade_frontalface_alt_tree.xml+5+1
fb+7.5+haarcascades/haarcascade_frontalface_alt_tree.xml+5+3
fb+7.5+haarcascades/haarcascade_frontalface_alt_tree.xml+5+5
fb+7.5+haarcascades/haarcascade_frontalface_alt_tree.xml+5+7
fb+7.5+haarcascades/haarcascade_frontalface_alt_tree.xml+5+9
fb+7.5+haarcascades/haarcascade_frontalface_alt_tree.xml+7+1
fb+7.5+haarcascades/haarcascade_frontalface_alt_tree.xml+7+3
fb+7.5+haarcascades/haarcascade_frontalface_alt_tree.xml+7+5
fb+7.5+haarcascades/haarcascade_frontalface_alt_tree.xml+7+7
fb+7.5+haarcascades/haarcascade_frontalface_alt_tree.xml+7+9
fb+7.5+haarcascades/haarcascade_frontalface_alt_tree.xml+8+1
fb+7.5+haarcascades/haarcascade_frontalface_alt_tree.xml+8+3
fb+7.5+haarcascades/haarcascade_frontalface_alt_tree.xml+8+5
fb+7.5+haarcascades/haarcascade_frontalface_alt_tree.xml+8+7
fb+7.5+haarcascades/haarcascade_frontalface_alt_tree.xml+8+9
fb+7.5+haarcascades/haarcascade_frontalface_alt_tree.xml+10+1
fb+7.5+haarcascades/haarcascade_frontalface_alt_tree.xml+10+3
fb+7.5+haarcascades/haarcascade_frontalface_alt_tree.xml+10+5
fb+7.5+haarcascades/haarcascade_frontalface_alt_tree.xml+10+7
fb+7.5+haarcascades/haarcascade_frontalface_alt_tree.xml+10+9
fb+7.5+haarcascades/haarcascade_frontalface_alt_tree.xml+20+1
fb+7.5+haarcascades/haarcascade_frontalface_alt_tree.xml+20+3
fb+7.5+haarcascades/haarcascade_frontalface_alt_tree.xml+20+5
fb+7.5+haarcascades/haarcascade_frontalface_alt_tree.xml+20+7
fb+7.5+haarcascades/haarcascade_frontalface_alt_tree.xml+20+9
fb+7.5+haarcascades/haarcascade_frontalface_alt_tree.xml+30+1
fb+7.5+haarcascades/haarcascade_frontalface_alt_tree.xml+30+3
fb+7.5+haarcascades/haarcascade_frontalface_alt_tree.xml+30+5
fb+7.5+haarcascades/haarcascade_frontalface_alt_tree.xml+30+7
fb+7.5+haarcascades/haarcascade_frontalface_alt_tree.xml+30+9
